preset σ=3µm (0.30 samples, 0.15 px) → @1000: corr 0.1257 fid 0.0069 width× 32.630 leak 0.9432 logE/cycle -4.006e-1
preset σ=5µm (0.50 samples, 0.25 px) → @1000: corr 0.1262 fid 0.0107 width× 28.716 leak 0.9370 logE/cycle -4.003e-1
preset σ=7µm (0.70 samples, 0.35 px) → @1000: corr 0.1433 fid 0.0192 width× 20.422 leak 0.9302 logE/cycle -3.999e-1
preset σ=10µm (1.00 samples, 0.50 px) → @1000: corr 0.1923 fid 0.0347 width× 13.665 leak 0.9242 logE/cycle -3.995e-1
preset σ=14µm (1.40 samples, 0.70 px) → @1000: corr 0.2519 fid 0.0525 width× 9.216 leak 0.9168 logE/cycle -3.994e-1
preset σ=20µm (2.00 samples, 1.00 px) → @1000: corr 0.2871 fid 0.0545 width× 5.694 leak 0.8487 logE/cycle -3.996e-1
preset σ=28µm (2.80 samples, 1.40 px) → @1000: corr 0.2615 fid 0.0230 width× 3.472 leak 0.7304 logE/cycle -4.002e-1
preset σ=40µm (4.00 samples, 2.00 px) → @1000: corr 0.2420 fid 0.0014 width× 2.481 leak 0.6026 logE/cycle -4.009e-1
preset σ=57µm (5.70 samples, 2.85 px) → @1000: corr 0.4456 fid 0.0033 width× 2.072 leak 0.3715 logE/cycle -4.011e-1
preset σ=80µm (8.00 samples, 4.00 px) → @1000: corr 0.4781 fid 0.0207 width× 1.561 leak 0.1181 logE/cycle -4.001e-1
img_rand σ=10µm (1.00 samples, 0.50 px) → @10000: corr 0.0033 fid 0.0025 width× 6.579 leak 0.9956 logE/cycle -3.930e-1
img_rand σ=20µm (2.00 samples, 1.00 px) → @10000: corr 0.0027 fid 0.0020 width× 3.289 leak 0.9938 logE/cycle -3.930e-1
img_rand σ=40µm (4.00 samples, 2.00 px) → @10000: corr -0.0014 fid 0.0007 width× 1.645 leak 0.9885 logE/cycle -3.931e-1
img_ferr1e3 σ=10µm (1.00 samples, 0.50 px) → @10000: corr 0.3385 fid 0.0816 width× 7.780 leak 0.8580 logE/cycle -3.797e-1
img_ferr1e3 σ=20µm (2.00 samples, 1.00 px) → @10000: corr 0.5171 fid 0.2276 width× 3.525 leak 0.7182 logE/cycle -3.797e-1
img_ferr1e3 σ=40µm (4.00 samples, 2.00 px) → @10000: corr 0.8629 fid 0.5645 width× 1.534 leak 0.1393 logE/cycle -3.796e-1
img_ferr1e2 σ=10µm (1.00 samples, 0.50 px) → @10000: corr 0.2724 fid 0.0788 width× 6.665 leak 0.8350 logE/cycle -3.800e-1
img_ferr1e2 σ=20µm (2.00 samples, 1.00 px) → @10000: corr 0.5147 fid 0.2408 width× 3.329 leak 0.6775 logE/cycle -3.798e-1
img_ferr1e2 σ=40µm (4.00 samples, 2.00 px) → @10000: corr 0.8193 fid 0.4032 width× 1.724 leak 0.2488 logE/cycle -3.798e-1
img_full σ=10µm (1.00 samples, 0.50 px) → @10000: corr 0.0843 fid 0.0136 width× 13.502 leak 0.9689 logE/cycle -3.797e-1
img_full σ=20µm (2.00 samples, 1.00 px) → @10000: corr 0.3830 fid 0.1447 width× 5.090 leak 0.8324 logE/cycle -3.796e-1
img_spp4 σ=3µm (0.60 samples, 0.15 px) → @10000: corr 0.0149 fid 0.0006 width× 56.845 leak 0.9841 logE/cycle -3.798e-1
img_spp4 σ=5µm (1.00 samples, 0.25 px) → @10000: corr 0.0284 fid 0.0022 width× 29.934 leak 0.9794 logE/cycle -3.798e-1
img_spp4 σ=10µm (2.00 samples, 0.50 px) → @10000: corr 0.0816 fid 0.0131 width× 13.582 leak 0.9696 logE/cycle -3.797e-1
