moat κ=0 G0=1.6 s=-0.2: λL=-8.42e-2 E=2.27e-219 corr0=0.000 ber=0.457 fill=0.000 resp=1.15e-116 [20.0s]
moat κ=0 G0=1.6 s=-0.4: λL=-2.28e-1 E=0.00e+0 corr0=0.000 ber=0.457 fill=0.000 resp=0.00e+0 [19.2s]
moat κ=0 G0=1.6 s=-0.6: λL=-4.31e-1 E=0.00e+0 corr0=0.000 ber=0.457 fill=0.000 resp=0.00e+0 [22.3s]
moat κ=0 G0=1.6 s=-0.8: λL=-7.77e-1 E=0.00e+0 corr0=0.000 ber=0.457 fill=0.000 resp=0.00e+0 [22.9s]
moat κ=0 G0=1.8 s=-0.2: λL=-2.40e-4 E=6.71e-2 corr0=0.030 ber=0.444 fill=0.011 resp=1.22e-6 [22.5s]
moat κ=0 G0=1.8 s=-0.4: λL=-1.69e-1 E=0.00e+0 corr0=0.000 ber=0.457 fill=0.000 resp=0.00e+0 [22.7s]
moat κ=0 G0=1.8 s=-0.6: λL=-3.72e-1 E=0.00e+0 corr0=0.000 ber=0.457 fill=0.000 resp=0.00e+0 [23.6s]
moat κ=0 G0=1.8 s=-0.8: λL=-7.18e-1 E=0.00e+0 corr0=0.000 ber=0.457 fill=0.000 resp=0.00e+0 [22.3s]
moat κ=0 G0=1.9 s=-0.2: λL=1.88e-5 E=1.66e-1 corr0=0.109 ber=0.469 fill=0.020 resp=2.83e-7 [22.5s]
moat κ=0 G0=1.9 s=-0.4: λL=8.46e-7 E=3.89e-2 corr0=0.175 ber=0.432 fill=0.006 resp=2.46e-6 [26.1s]
moat κ=0 G0=1.9 s=-0.6: λL=-3.45e-1 E=0.00e+0 corr0=0.000 ber=0.457 fill=0.000 resp=0.00e+0 [25.1s]
moat κ=0 G0=1.9 s=-0.8: λL=-6.91e-1 E=0.00e+0 corr0=0.000 ber=0.457 fill=0.000 resp=0.00e+0 [26.7s]
moat κ=0 G0=2 s=-0.2: λL=2.22e-6 E=2.70e-1 corr0=0.115 ber=0.420 fill=0.033 resp=1.31e-7 [26.2s]
moat κ=0 G0=2 s=-0.4: λL=1.30e-6 E=1.59e-1 corr0=0.097 ber=0.444 fill=0.021 resp=4.35e-8 [24.5s]
moat κ=0 G0=2 s=-0.6: λL=-6.64e-9 E=2.85e-2 corr0=0.208 ber=0.432 fill=0.004 resp=1.74e-9 [24.4s]
moat κ=0 G0=2 s=-0.8: λL=-6.66e-1 E=0.00e+0 corr0=0.000 ber=0.457 fill=0.000 resp=0.00e+0 [23.9s]
moat κ=0 G0=2.1 s=-0.2: λL=-7.25e-7 E=3.80e-1 corr0=0.122 ber=0.444 fill=0.043 resp=2.82e-7 [23.8s]
moat κ=0 G0=2.1 s=-0.4: λL=5.04e-6 E=2.98e-1 corr0=0.110 ber=0.395 fill=0.038 resp=7.33e-7 [26.1s]
moat κ=0 G0=2.1 s=-0.6: λL=-3.05e-9 E=1.15e-1 corr0=0.269 ber=0.395 fill=0.015 resp=1.89e-9 [24.1s]
moat κ=0 G0=2.1 s=-0.8: λL=-1.62e-9 E=3.55e-2 corr0=0.212 ber=0.420 fill=0.005 resp=2.00e-10 [24.7s]
moat κ=0 G0=2.2 s=-0.2: λL=-1.05e-6 E=5.02e-1 corr0=0.126 ber=0.444 fill=0.051 resp=3.24e-7 [23.5s]
moat κ=0 G0=2.2 s=-0.4: λL=2.37e-7 E=4.14e-1 corr0=0.117 ber=0.444 fill=0.043 resp=2.05e-7 [25.2s]
moat κ=0 G0=2.2 s=-0.6: λL=-3.76e-7 E=2.48e-1 corr0=0.181 ber=0.383 fill=0.028 resp=4.83e-8 [25.9s]
moat κ=0 G0=2.2 s=-0.8: λL=-2.78e-6 E=7.79e-2 corr0=0.269 ber=0.395 fill=0.009 resp=1.55e-7 [26.7s]
moat κ=0 G0=2.4 s=-0.2: λL=-1.69e-4 E=7.96e-1 corr0=0.133 ber=0.420 fill=0.063 resp=6.15e-5 [26.3s]
moat κ=0 G0=2.4 s=-0.4: λL=-8.87e-6 E=6.69e-1 corr0=0.128 ber=0.420 fill=0.054 resp=3.62e-7 [26.3s]
moat κ=0 G0=2.4 s=-0.6: λL=2.44e-7 E=5.81e-1 corr0=0.119 ber=0.444 fill=0.049 resp=3.34e-7 [26.0s]
moat κ=0 G0=2.4 s=-0.8: λL=1.95e-7 E=3.17e-1 corr0=0.232 ber=0.370 fill=0.029 resp=4.83e-9 [28.5s]
moat κ=0 G0=2.6 s=-0.2: λL=-5.04e-5 E=1.13e+0 corr0=0.145 ber=0.420 fill=0.079 resp=4.00e-4 [29.5s]
moat κ=0 G0=2.6 s=-0.4: λL=1.59e-4 E=9.96e-1 corr0=0.132 ber=0.457 fill=0.071 resp=1.49e-4 [29.5s]
moat κ=0 G0=2.6 s=-0.6: λL=-4.46e-4 E=8.55e-1 corr0=0.129 ber=0.444 fill=0.061 resp=8.74e-7 [28.0s]
moat κ=0 G0=2.6 s=-0.8: λL=-5.44e-7 E=6.63e-1 corr0=0.119 ber=0.444 fill=0.045 resp=1.11e-6 [27.8s]
moat κ=0 G0=3 s=-0.2: λL=-2.37e-4 E=1.83e+0 corr0=0.139 ber=0.420 fill=0.108 resp=3.65e-3 [28.0s]
moat κ=0 G0=3 s=-0.4: λL=3.61e-3 E=1.80e+0 corr0=0.122 ber=0.420 fill=0.112 resp=1.09e+0 [26.9s]
moat κ=0 G0=3 s=-0.6: λL=-1.37e-4 E=1.61e+0 corr0=0.142 ber=0.432 fill=0.093 resp=3.99e-4 [28.4s]
moat κ=0 G0=3 s=-0.8: λL=-9.51e-5 E=1.50e+0 corr0=0.131 ber=0.420 fill=0.086 resp=1.52e-4 [27.7s]
moat κ=0 G0=3.5 s=-0.2: λL=-7.55e-4 E=2.86e+0 corr0=0.133 ber=0.395 fill=0.153 resp=5.12e-3 [25.8s]
moat κ=0 G0=3.5 s=-0.4: λL=4.81e-3 E=2.71e+0 corr0=0.146 ber=0.457 fill=0.151 resp=2.77e+0 [24.6s]
moat κ=0 G0=3.5 s=-0.6: λL=8.36e-4 E=2.67e+0 corr0=0.157 ber=0.432 fill=0.139 resp=4.51e-2 [24.6s]
moat κ=0 G0=3.5 s=-0.8: λL=7.73e-4 E=2.52e+0 corr0=0.142 ber=0.444 fill=0.131 resp=5.08e-3 [23.8s]
moat κ=0 G0=4 s=-0.2: λL=7.45e-4 E=4.16e+0 corr0=0.169 ber=0.395 fill=0.224 resp=4.55e-2 [23.5s]
moat κ=0 G0=4 s=-0.4: λL=3.41e-3 E=3.90e+0 corr0=0.131 ber=0.481 fill=0.209 resp=3.62e+0 [27.1s]
moat κ=0 G0=4 s=-0.6: λL=3.21e-3 E=3.94e+0 corr0=0.154 ber=0.395 fill=0.223 resp=1.53e-2 [30.1s]
moat κ=0 G0=4 s=-0.8: λL=2.49e-3 E=3.74e+0 corr0=0.150 ber=0.383 fill=0.210 resp=3.38e-2 [35.9s]
moat κ=1 G0=1.6 s=-0.2: λL=-8.42e-2 E=5.50e-221 corr0=0.000 ber=0.457 fill=0.000 resp=1.15e-116 [34.8s]
moat κ=1 G0=1.6 s=-0.4: λL=-2.28e-1 E=0.00e+0 corr0=0.000 ber=0.457 fill=0.000 resp=0.00e+0 [28.5s]
moat κ=1 G0=1.6 s=-0.6: λL=-4.31e-1 E=0.00e+0 corr0=0.000 ber=0.457 fill=0.000 resp=0.00e+0 [27.9s]
./06-launch.sh: line 6: 24067 Killed: 9               CELLPX=3 PITCHPX=5 CELLS=9 npx vite-node 06-regime.ts moat $k $G $S 3000
