moat κ=0 G0=1.6 s=-0.2: λL=-6.67e-2 E=1.83e-173 corr0=0.000 ber=0.531 fill=0.000 resp=2.30e-95 [19.9s]
moat κ=0 G0=1.6 s=-0.4: λL=-2.11e-1 E=0.00e+0 corr0=0.000 ber=0.531 fill=0.000 resp=0.00e+0 [19.0s]
moat κ=0 G0=1.6 s=-0.6: λL=-4.13e-1 E=0.00e+0 corr0=0.000 ber=0.531 fill=0.000 resp=0.00e+0 [22.3s]
moat κ=0 G0=1.6 s=-0.8: λL=-7.60e-1 E=0.00e+0 corr0=0.000 ber=0.531 fill=0.000 resp=0.00e+0 [22.9s]
moat κ=0 G0=1.8 s=-0.2: λL=2.50e-4 E=1.52e-1 corr0=-0.132 ber=0.594 fill=0.033 resp=4.09e-5 [22.5s]
moat κ=0 G0=1.8 s=-0.4: λL=-2.44e-5 E=1.84e-2 corr0=0.233 ber=0.531 fill=0.004 resp=5.73e-6 [22.6s]
moat κ=0 G0=1.8 s=-0.6: λL=-3.54e-1 E=0.00e+0 corr0=0.000 ber=0.531 fill=0.000 resp=0.00e+0 [23.4s]
moat κ=0 G0=1.8 s=-0.8: λL=-7.01e-1 E=0.00e+0 corr0=0.000 ber=0.531 fill=0.000 resp=0.00e+0 [22.4s]
moat κ=0 G0=1.9 s=-0.2: λL=-1.53e-4 E=2.79e-1 corr0=-0.108 ber=0.563 fill=0.051 resp=1.02e-5 [22.4s]
moat κ=0 G0=1.9 s=-0.4: λL=5.11e-5 E=1.69e-1 corr0=-0.118 ber=0.578 fill=0.034 resp=1.04e-5 [26.0s]
moat κ=0 G0=1.9 s=-0.6: λL=-8.42e-12 E=1.38e-2 corr0=0.166 ber=0.531 fill=0.003 resp=1.09e-11 [25.1s]
moat κ=0 G0=1.9 s=-0.8: λL=-6.74e-1 E=0.00e+0 corr0=0.000 ber=0.531 fill=0.000 resp=0.00e+0 [26.5s]
moat κ=0 G0=2 s=-0.2: λL=-1.38e-4 E=4.11e-1 corr0=-0.086 ber=0.531 fill=0.071 resp=3.01e-4 [26.2s]
moat κ=0 G0=2 s=-0.4: λL=-5.09e-4 E=2.85e-1 corr0=-0.090 ber=0.563 fill=0.053 resp=2.45e-5 [24.5s]
moat κ=0 G0=2 s=-0.6: λL=3.61e-4 E=6.84e-2 corr0=0.296 ber=0.453 fill=0.013 resp=5.43e-5 [24.3s]
moat κ=0 G0=2 s=-0.8: λL=-4.34e-11 E=1.82e-2 corr0=0.168 ber=0.516 fill=0.004 resp=3.03e-13 [24.2s]
moat κ=0 G0=2.1 s=-0.2: λL=-1.76e-4 E=5.53e-1 corr0=-0.068 ber=0.531 fill=0.087 resp=1.45e-3 [23.8s]
moat κ=0 G0=2.1 s=-0.4: λL=-6.85e-5 E=4.52e-1 corr0=-0.094 ber=0.531 fill=0.072 resp=2.22e-5 [25.8s]
moat κ=0 G0=2.1 s=-0.6: λL=-5.20e-4 E=1.65e-1 corr0=0.219 ber=0.453 fill=0.030 resp=7.87e-5 [24.2s]
moat κ=0 G0=2.1 s=-0.8: λL=-2.45e-5 E=8.16e-2 corr0=0.297 ber=0.438 fill=0.016 resp=1.50e-5 [24.5s]
moat κ=0 G0=2.2 s=-0.2: λL=-5.51e-5 E=7.04e-1 corr0=-0.050 ber=0.500 fill=0.099 resp=2.69e-4 [23.5s]
moat κ=0 G0=2.2 s=-0.4: λL=-1.86e-4 E=6.02e-1 corr0=-0.076 ber=0.531 fill=0.090 resp=2.07e-4 [25.3s]
moat κ=0 G0=2.2 s=-0.6: λL=-7.03e-5 E=4.20e-1 corr0=-0.030 ber=0.484 fill=0.060 resp=1.10e-4 [26.2s]
moat κ=0 G0=2.2 s=-0.8: λL=-1.08e-4 E=1.28e-1 corr0=0.324 ber=0.422 fill=0.021 resp=3.29e-5 [26.8s]
moat κ=0 G0=2.4 s=-0.2: λL=3.18e-4 E=1.01e+0 corr0=-0.051 ber=0.469 fill=0.120 resp=4.42e-2 [26.3s]
moat κ=0 G0=2.4 s=-0.4: λL=-1.30e-4 E=9.34e-1 corr0=-0.042 ber=0.469 fill=0.111 resp=2.66e-4 [26.1s]
moat κ=0 G0=2.4 s=-0.6: λL=9.93e-4 E=8.60e-1 corr0=-0.063 ber=0.500 fill=0.104 resp=7.19e-5 [26.0s]
moat κ=0 G0=2.4 s=-0.8: λL=-1.69e-4 E=5.76e-1 corr0=-0.015 ber=0.469 fill=0.067 resp=5.10e-5 [28.2s]
moat κ=0 G0=2.6 s=-0.2: λL=7.29e-4 E=1.35e+0 corr0=-0.046 ber=0.469 fill=0.138 resp=5.42e-4 [29.3s]
moat κ=0 G0=2.6 s=-0.4: λL=1.32e-3 E=1.27e+0 corr0=-0.043 ber=0.484 fill=0.133 resp=1.61e-1 [29.3s]
moat κ=0 G0=2.6 s=-0.6: λL=1.43e-4 E=1.17e+0 corr0=-0.029 ber=0.469 fill=0.120 resp=2.34e-3 [28.0s]
moat κ=0 G0=2.6 s=-0.8: λL=-8.12e-4 E=1.09e+0 corr0=-0.029 ber=0.453 fill=0.109 resp=2.91e-5 [27.8s]
moat κ=0 G0=3 s=-0.2: λL=1.75e-3 E=2.11e+0 corr0=-0.036 ber=0.516 fill=0.184 resp=2.35e-1 [28.2s]
moat κ=0 G0=3 s=-0.4: λL=3.31e-3 E=2.03e+0 corr0=-0.029 ber=0.516 fill=0.166 resp=2.99e-1 [26.8s]
moat κ=0 G0=3 s=-0.6: λL=1.55e-3 E=1.98e+0 corr0=-0.028 ber=0.500 fill=0.166 resp=3.80e-2 [28.4s]
moat κ=0 G0=3 s=-0.8: λL=1.25e-3 E=1.88e+0 corr0=-0.035 ber=0.500 fill=0.154 resp=4.49e-4 [27.7s]
moat κ=0 G0=3.5 s=-0.2: λL=2.11e-3 E=3.27e+0 corr0=-0.029 ber=0.469 fill=0.267 resp=2.34e+0 [25.8s]
moat κ=0 G0=3.5 s=-0.4: λL=3.47e-3 E=3.14e+0 corr0=-0.024 ber=0.500 fill=0.261 resp=4.01e-2 [24.6s]
moat κ=0 G0=3.5 s=-0.6: λL=5.37e-3 E=3.05e+0 corr0=-0.049 ber=0.531 fill=0.240 resp=1.57e+0 [24.8s]
moat κ=0 G0=3.5 s=-0.8: λL=1.42e-3 E=2.98e+0 corr0=-0.030 ber=0.484 fill=0.224 resp=1.25e+0 [23.8s]
moat κ=0 G0=4 s=-0.2: λL=9.91e-4 E=4.31e+0 corr0=-0.061 ber=0.484 fill=0.338 resp=3.44e-2 [23.6s]
moat κ=0 G0=4 s=-0.4: λL=3.35e-3 E=4.25e+0 corr0=-0.005 ber=0.469 fill=0.325 resp=3.70e+0 [26.9s]
moat κ=0 G0=4 s=-0.6: λL=-4.68e-4 E=4.21e+0 corr0=-0.026 ber=0.500 fill=0.323 resp=5.04e-3 [30.0s]
moat κ=0 G0=4 s=-0.8: λL=4.31e-3 E=4.16e+0 corr0=-0.047 ber=0.500 fill=0.320 resp=2.26e+0 [35.6s]
moat κ=1 G0=1.6 s=-0.2: λL=-6.67e-2 E=1.14e-175 corr0=0.000 ber=0.531 fill=0.000 resp=2.31e-95 [35.2s]
moat κ=1 G0=1.6 s=-0.4: λL=-2.11e-1 E=0.00e+0 corr0=0.000 ber=0.531 fill=0.000 resp=0.00e+0 [28.5s]
moat κ=1 G0=1.6 s=-0.6: λL=-4.13e-1 E=0.00e+0 corr0=0.000 ber=0.531 fill=0.000 resp=0.00e+0 [27.6s]
./06-launch.sh: line 7: 24048 Killed: 9               CELLPX=4 PITCHPX=6 CELLS=8 npx vite-node 06-regime.ts moat $k $G $S 3000
