zero κ=0 G0=1.6 s=-0.2: λL=-6.64e-2 E=1.69e-171 corr0=0.000 ber=0.431 fill=0.000 resp=1.71e-92 [20.1s]
zero κ=0 G0=1.6 s=-0.4: λL=-2.10e-1 E=0.00e+0 corr0=0.000 ber=0.431 fill=0.000 resp=0.00e+0 [19.2s]
zero κ=0 G0=1.6 s=-0.6: λL=-4.13e-1 E=0.00e+0 corr0=0.000 ber=0.431 fill=0.000 resp=0.00e+0 [22.1s]
zero κ=0 G0=1.6 s=-0.8: λL=-7.60e-1 E=0.00e+0 corr0=0.000 ber=0.431 fill=0.000 resp=0.00e+0 [23.0s]
zero κ=0 G0=1.8 s=-0.2: λL=5.23e-4 E=4.31e+0 corr0=-0.049 ber=0.576 fill=0.435 resp=1.25e-3 [22.4s]
zero κ=0 G0=1.8 s=-0.4: λL=-1.33e-4 E=3.45e+0 corr0=-0.052 ber=0.563 fill=0.391 resp=4.95e-4 [22.8s]
zero κ=0 G0=1.8 s=-0.6: λL=-3.54e-1 E=0.00e+0 corr0=0.000 ber=0.431 fill=0.000 resp=0.00e+0 [23.5s]
zero κ=0 G0=1.8 s=-0.8: λL=-7.01e-1 E=0.00e+0 corr0=0.000 ber=0.431 fill=0.000 resp=0.00e+0 [22.5s]
zero κ=0 G0=1.9 s=-0.2: λL=-2.73e-4 E=6.42e+0 corr0=-0.075 ber=0.583 fill=0.532 resp=3.45e-3 [22.4s]
zero κ=0 G0=1.9 s=-0.4: λL=-1.32e-4 E=5.41e+0 corr0=-0.058 ber=0.556 fill=0.448 resp=8.14e-4 [26.0s]
zero κ=0 G0=1.9 s=-0.6: λL=1.70e-3 E=2.15e+0 corr0=0.028 ber=0.458 fill=0.196 resp=4.79e-3 [25.0s]
zero κ=0 G0=1.9 s=-0.8: λL=-6.74e-1 E=0.00e+0 corr0=0.000 ber=0.431 fill=0.000 resp=0.00e+0 [26.7s]
zero κ=0 G0=2 s=-0.2: λL=2.63e-3 E=8.60e+0 corr0=-0.032 ber=0.569 fill=0.628 resp=2.28e-2 [26.1s]
zero κ=0 G0=2 s=-0.4: λL=1.82e-4 E=7.16e+0 corr0=-0.059 ber=0.583 fill=0.470 resp=8.93e-4 [24.4s]
zero κ=0 G0=2 s=-0.6: λL=-1.56e-4 E=6.48e+0 corr0=-0.055 ber=0.556 fill=0.452 resp=2.31e-4 [24.2s]
zero κ=0 G0=2 s=-0.8: λL=1.68e-3 E=2.94e-1 corr0=0.255 ber=0.382 fill=0.026 resp=2.16e-4 [24.2s]
zero κ=0 G0=2.1 s=-0.2: λL=1.72e-3 E=1.07e+1 corr0=-0.031 ber=0.576 fill=0.680 resp=9.41e-3 [23.9s]
zero κ=0 G0=2.1 s=-0.4: λL=5.90e-4 E=1.01e+1 corr0=-0.041 ber=0.590 fill=0.654 resp=4.98e-3 [25.8s]
zero κ=0 G0=2.1 s=-0.6: λL=2.96e-4 E=8.28e+0 corr0=-0.057 ber=0.583 fill=0.475 resp=5.14e-3 [24.2s]
zero κ=0 G0=2.1 s=-0.8: λL=-3.57e-5 E=7.59e+0 corr0=-0.033 ber=0.556 fill=0.456 resp=2.25e-4 [24.7s]
zero κ=0 G0=2.2 s=-0.2: λL=1.57e-3 E=1.29e+1 corr0=-0.089 ber=0.597 fill=0.708 resp=1.26e-2 [23.5s]
zero κ=0 G0=2.2 s=-0.4: λL=1.38e-3 E=1.23e+1 corr0=-0.059 ber=0.590 fill=0.689 resp=1.50e-2 [25.3s]
zero κ=0 G0=2.2 s=-0.6: λL=6.21e-5 E=1.11e+1 corr0=-0.090 ber=0.590 fill=0.601 resp=3.89e-4 [25.9s]
zero κ=0 G0=2.2 s=-0.8: λL=-2.48e-4 E=9.43e+0 corr0=-0.057 ber=0.583 fill=0.479 resp=5.52e-4 [26.5s]
zero κ=0 G0=2.4 s=-0.2: λL=1.27e-3 E=1.71e+1 corr0=-0.048 ber=0.590 fill=0.757 resp=5.50e-3 [26.2s]
zero κ=0 G0=2.4 s=-0.4: λL=-3.47e-7 E=1.66e+1 corr0=-0.092 ber=0.604 fill=0.749 resp=1.57e-3 [26.0s]
zero κ=0 G0=2.4 s=-0.6: λL=9.65e-4 E=1.62e+1 corr0=-0.045 ber=0.611 fill=0.737 resp=1.00e-2 [26.0s]
zero κ=0 G0=2.4 s=-0.8: λL=5.34e-4 E=1.57e+1 corr0=-0.082 ber=0.590 fill=0.720 resp=4.10e-4 [28.5s]
zero κ=0 G0=2.6 s=-0.2: λL=6.96e-4 E=2.15e+1 corr0=-0.061 ber=0.569 fill=0.776 resp=2.54e-3 [29.4s]
zero κ=0 G0=2.6 s=-0.4: λL=5.19e-4 E=2.09e+1 corr0=-0.079 ber=0.576 fill=0.773 resp=8.49e-2 [29.2s]
zero κ=0 G0=2.6 s=-0.6: λL=-1.94e-4 E=2.05e+1 corr0=-0.006 ber=0.576 fill=0.770 resp=1.83e-3 [28.2s]
zero κ=0 G0=2.6 s=-0.8: λL=3.06e-4 E=2.01e+1 corr0=-0.056 ber=0.590 fill=0.761 resp=1.26e-3 [27.9s]
zero κ=0 G0=3 s=-0.2: λL=4.26e-3 E=3.00e+1 corr0=-0.076 ber=0.569 fill=0.791 resp=1.35e-1 [28.1s]
zero κ=0 G0=3 s=-0.4: λL=1.42e-3 E=2.96e+1 corr0=-0.042 ber=0.569 fill=0.791 resp=7.96e-3 [26.8s]
zero κ=0 G0=3 s=-0.6: λL=4.36e-4 E=2.92e+1 corr0=-0.046 ber=0.569 fill=0.788 resp=2.44e-3 [28.4s]
zero κ=0 G0=3 s=-0.8: λL=4.88e-4 E=2.89e+1 corr0=-0.059 ber=0.569 fill=0.785 resp=5.08e-3 [27.8s]
zero κ=0 G0=3.5 s=-0.2: λL=1.48e-3 E=4.09e+1 corr0=-0.035 ber=0.569 fill=0.804 resp=1.51e-2 [25.8s]
zero κ=0 G0=3.5 s=-0.4: λL=1.48e-3 E=4.05e+1 corr0=-0.103 ber=0.569 fill=0.801 resp=5.87e-2 [24.6s]
zero κ=0 G0=3.5 s=-0.6: λL=9.57e-4 E=4.01e+1 corr0=-0.032 ber=0.569 fill=0.801 resp=4.35e-2 [24.6s]
zero κ=0 G0=3.5 s=-0.8: λL=1.59e-3 E=3.99e+1 corr0=-0.071 ber=0.569 fill=0.803 resp=8.79e-3 [23.7s]
zero κ=0 G0=4 s=-0.2: λL=1.19e-3 E=5.20e+1 corr0=-0.106 ber=0.569 fill=0.810 resp=6.99e-3 [23.4s]
zero κ=0 G0=4 s=-0.4: λL=2.26e-3 E=5.15e+1 corr0=-0.063 ber=0.569 fill=0.807 resp=3.83e-1 [26.9s]
zero κ=0 G0=4 s=-0.6: λL=1.23e-3 E=5.10e+1 corr0=-0.049 ber=0.569 fill=0.807 resp=9.13e-3 [29.9s]
zero κ=0 G0=4 s=-0.8: λL=1.37e-3 E=5.09e+1 corr0=-0.088 ber=0.569 fill=0.806 resp=7.40e-3 [35.4s]
zero κ=1 G0=1.6 s=-0.2: λL=-6.64e-2 E=5.76e-172 corr0=0.000 ber=0.431 fill=0.000 resp=1.71e-92 [35.3s]
zero κ=1 G0=1.6 s=-0.4: λL=-2.10e-1 E=0.00e+0 corr0=0.000 ber=0.431 fill=0.000 resp=0.00e+0 [28.4s]
zero κ=1 G0=1.6 s=-0.6: λL=-4.13e-1 E=0.00e+0 corr0=0.000 ber=0.431 fill=0.000 resp=0.00e+0 [27.7s]
./06-launch.sh: line 5: 24046 Killed: 9               npx vite-node 06-regime.ts zero $k $G $S 3000
