toggle_nl_p10: 2 cells, 1 cases, T=120, twin A64sd5
/Users/vibestartup/Code/phaser-design/research/2026-09-14/08-design.py:206: UserWarning: Converting a tensor with requires_grad=True to a scalar may lead to unexpected behavior.
Consider using tensor.detach() first. (Triggered internally at /Users/runner/work/pytorch/pytorch/torch/csrc/autograd/generated/python_variable_methods.cpp:821.)
  hist.append(dict(it=it, loss=L.item(), task=lt, bg=lb, acc=acc, G0=float(1 + torch.exp(self.logG))))
it 0 loss 1.2380e-01 task 1.238e-01 bg 0.000e+00 acc 0.500 G0 2.206 [2s]
it 10 loss 1.2048e-01 task 1.205e-01 bg 0.000e+00 acc 0.500 G0 2.182 [15s]
it 20 loss 1.2341e-01 task 1.234e-01 bg 0.000e+00 acc 0.500 G0 2.160 [29s]
it 30 loss 1.2381e-01 task 1.238e-01 bg 0.000e+00 acc 0.500 G0 2.152 [42s]
it 40 loss 1.2390e-01 task 1.239e-01 bg 0.000e+00 acc 0.500 G0 2.149 [56s]
it 50 loss 1.2396e-01 task 1.240e-01 bg 0.000e+00 acc 0.500 G0 2.148 [70s]
it 60 loss 1.2395e-01 task 1.240e-01 bg 0.000e+00 acc 0.500 G0 2.147 [83s]
it 70 loss 1.2387e-01 task 1.239e-01 bg 0.000e+00 acc 0.500 G0 2.147 [96s]
it 80 loss 1.2385e-01 task 1.239e-01 bg 0.000e+00 acc 0.500 G0 2.147 [109s]
it 90 loss 1.2385e-01 task 1.238e-01 bg 0.000e+00 acc 0.500 G0 2.147 [122s]
it 100 loss 1.2379e-01 task 1.238e-01 bg 0.000e+00 acc 0.500 G0 2.148 [135s]
it 110 loss 1.2377e-01 task 1.238e-01 bg 0.000e+00 acc 0.500 G0 2.148 [148s]
it 120 loss 1.2362e-01 task 1.236e-01 bg 0.000e+00 acc 0.500 G0 2.148 [161s]
it 130 loss 1.2356e-01 task 1.236e-01 bg 0.000e+00 acc 0.500 G0 2.148 [175s]
it 140 loss 1.2349e-01 task 1.235e-01 bg 0.000e+00 acc 0.500 G0 2.148 [188s]
it 150 loss 1.2336e-01 task 1.234e-01 bg 0.000e+00 acc 0.500 G0 2.149 [201s]
it 160 loss 1.2337e-01 task 1.234e-01 bg 0.000e+00 acc 0.500 G0 2.149 [214s]
it 170 loss 1.2317e-01 task 1.232e-01 bg 0.000e+00 acc 0.500 G0 2.149 [227s]
it 180 loss 1.2302e-01 task 1.230e-01 bg 0.000e+00 acc 0.500 G0 2.149 [240s]
it 190 loss 1.2294e-01 task 1.229e-01 bg 0.000e+00 acc 0.500 G0 2.150 [254s]
it 200 loss 1.2276e-01 task 1.228e-01 bg 0.000e+00 acc 0.500 G0 2.150 [267s]
it 210 loss 1.2250e-01 task 1.225e-01 bg 0.000e+00 acc 0.500 G0 2.151 [280s]
it 220 loss 1.2218e-01 task 1.222e-01 bg 0.000e+00 acc 0.500 G0 2.151 [293s]
it 230 loss 1.2191e-01 task 1.219e-01 bg 0.000e+00 acc 0.500 G0 2.152 [306s]
it 240 loss 1.2173e-01 task 1.217e-01 bg 0.000e+00 acc 0.500 G0 2.152 [319s]
it 249 loss 1.2136e-01 task 1.214e-01 bg 0.000e+00 acc 0.500 G0 2.153 [330s]
saved /Users/vibestartup/Code/phaser-design/research/2026-09-14/out/08/toggle_nl_p10
