B_4f configs 18 columns 2628
t=0 [1s] p2/16:0.00,0.00,0.00 p3/24:0.00,0.00,0.00 p4/32:0.00,0.00,0.00 p5/40:0.00,0.00,0.00 p6/48:0.00,0.00,0.00 p8/64:0.00,0.00,0.00 p10/79:0.00,0.00,0.00 p12/95:0.00,0.00,0.00 p16/127:0.00,0.00,0.00
t=1 [5s] p2/16:0.13,0.12,0.09 p3/24:0.08,0.04,0.03 p4/32:0.08,0.05,0.02 p5/40:0.03,0.01,0.00 p6/48:0.04,0.03,0.00 p8/64:0.06,0.00,0.00 p10/79:0.07,0.00,0.00 p12/95:0.00,0.00,0.00 p16/127:0.00,0.00,0.00
t=2 [9s] p2/16:0.16,0.17,0.13 p3/24:0.09,0.05,0.04 p4/32:0.10,0.06,0.03 p5/40:0.03,0.01,0.00 p6/48:0.04,0.03,0.01 p8/64:0.06,0.00,0.00 p10/79:0.08,0.00,0.00 p12/95:0.05,0.00,0.00 p16/127:0.00,0.00,0.00
t=4 [17s] p2/16:0.18,0.20,0.16 p3/24:0.10,0.06,0.05 p4/32:0.11,0.08,0.04 p5/40:0.03,0.01,0.01 p6/48:0.06,0.05,0.01 p8/64:0.06,0.03,0.00 p10/79:0.08,0.00,0.00 p12/95:0.05,0.00,0.00 p16/127:0.00,0.00,0.00
t=8 [26s] p2/16:0.18,0.19,0.15 p3/24:0.10,0.07,0.06 p4/32:0.13,0.10,0.05 p5/40:0.05,0.01,0.01 p6/48:0.06,0.05,0.01 p8/64:0.06,0.03,0.00 p10/79:0.08,0.03,0.00 p12/95:0.05,0.00,0.00 p16/127:0.00,0.00,0.00
t=16 [35s] p2/16:0.19,0.21,0.17 p3/24:0.11,0.08,0.07 p4/32:0.14,0.14,0.06 p5/40:0.05,0.02,0.01 p6/48:0.10,0.05,0.01 p8/64:0.06,0.03,0.00 p10/79:0.08,0.04,0.00 p12/95:0.05,0.00,0.00 p16/127:0.00,0.00,0.00
t=32 [44s] p2/16:0.20,0.22,0.17 p3/24:0.12,0.09,0.09 p4/32:0.16,0.17,0.08 p5/40:0.07,0.03,0.01 p6/48:0.10,0.05,0.02 p8/64:0.06,0.06,0.01 p10/79:0.08,0.04,0.00 p12/95:0.12,0.00,0.00 p16/127:0.00,0.00,0.00
t=64 [52s] p2/16:0.23,0.24,0.20 p3/24:0.13,0.11,0.10 p4/32:0.17,0.20,0.10 p5/40:0.09,0.03,0.02 p6/48:0.15,0.06,0.03 p8/64:0.06,0.06,0.02 p10/79:0.08,0.04,0.00 p12/95:0.13,0.00,0.00 p16/127:0.00,0.00,0.00
t=128 [61s] p2/16:0.33,0.37,0.29 p3/24:0.16,0.14,0.14 p4/32:0.17,0.23,0.12 p5/40:0.10,0.03,0.02 p6/48:0.18,0.06,0.02 p8/64:0.06,0.06,0.03 p10/79:0.08,0.04,0.00 p12/95:0.13,0.00,0.00 p16/127:0.00,0.00,0.00
t=256 [70s] p2/16:0.43,0.53,0.39 p3/24:0.29,0.33,0.25 p4/32:0.21,0.24,0.15 p5/40:0.12,0.02,0.02 p6/48:0.17,0.05,0.02 p8/64:0.06,0.03,0.03 p10/79:0.09,0.00,0.00 p12/95:0.00,0.00,0.00 p16/127:0.06,0.00,0.00
t=512 [78s] p2/16:0.45,0.50,0.42 p3/24:0.39,0.43,0.33 p4/32:0.32,0.32,0.23 p5/40:0.21,0.07,0.05 p6/48:0.17,0.12,0.06 p8/64:0.13,0.00,0.03 p10/79:0.06,0.00,0.00 p12/95:0.23,0.11,0.00 p16/127:0.22,0.14,0.00
t=1024 [87s] p2/16:0.48,0.49,0.48 p3/24:0.48,0.49,0.44 p4/32:0.47,0.51,0.41 p5/40:0.40,0.39,0.36 p6/48:0.35,0.30,0.28 p8/64:0.29,0.25,0.18 p10/79:0.31,0.41,0.31 p12/95:0.27,0.35,0.06 p16/127:0.27,0.08,0.00
t=2048 [95s] p2/16:0.50,0.50,0.50 p3/24:0.50,0.50,0.50 p4/32:0.52,0.52,0.50 p5/40:0.50,0.52,0.47 p6/48:0.50,0.51,0.48 p8/64:0.51,0.46,0.50 p10/79:0.52,0.51,0.51 p12/95:0.45,0.54,0.49 p16/127:0.42,0.53,0.42
t=4096 [104s] p2/16:0.50,0.49,0.49 p3/24:0.49,0.50,0.48 p4/32:0.50,0.49,0.46 p5/40:0.46,0.48,0.44 p6/48:0.47,0.49,0.44 p8/64:0.40,0.56,0.39 p10/79:0.30,0.34,0.22 p12/95:0.37,0.47,0.53 p16/127:0.22,0.08,0.13
t=8192 [112s] p2/16:0.50,0.49,0.51 p3/24:0.51,0.50,0.50 p4/32:0.51,0.52,0.49 p5/40:0.48,0.53,0.46 p6/48:0.49,0.48,0.50 p8/64:0.50,0.49,0.50 p10/79:0.48,0.42,0.43 p12/95:0.44,0.53,0.49 p16/127:0.54,0.47,0.48
t=16384 [121s] p2/16:0.50,0.50,0.48 p3/24:0.49,0.49,0.45 p4/32:0.50,0.51,0.42 p5/40:0.46,0.47,0.40 p6/48:0.46,0.44,0.36 p8/64:0.30,0.32,0.27 p10/79:0.29,0.33,0.17 p12/95:0.26,0.28,0.06 p16/127:0.08,0.14,0.00
t=32768 [130s] p2/16:0.50,0.49,0.51 p3/24:0.51,0.52,0.51 p4/32:0.50,0.50,0.50 p5/40:0.47,0.50,0.48 p6/48:0.48,0.48,0.48 p8/64:0.52,0.50,0.52 p10/79:0.55,0.47,0.50 p12/95:0.53,0.50,0.43 p16/127:0.42,0.50,0.42
t=65536 [138s] p2/16:0.50,0.50,0.49 p3/24:0.50,0.49,0.47 p4/32:0.50,0.48,0.45 p5/40:0.47,0.48,0.42 p6/48:0.45,0.46,0.41 p8/64:0.49,0.46,0.48 p10/79:0.41,0.42,0.36 p12/95:0.25,0.39,0.24 p16/127:0.36,0.22,0.25
t=131072 [146s] p2/16:0.50,0.49,0.49 p3/24:0.50,0.49,0.48 p4/32:0.50,0.49,0.47 p5/40:0.47,0.47,0.44 p6/48:0.46,0.45,0.41 p8/64:0.46,0.40,0.44 p10/79:0.49,0.38,0.41 p12/95:0.46,0.51,0.29 p16/127:0.27,0.31,0.19
t=262144 [153s] p2/16:0.50,0.49,0.48 p3/24:0.50,0.48,0.47 p4/32:0.50,0.47,0.47 p5/40:0.47,0.44,0.40 p6/48:0.48,0.42,0.42 p8/64:0.48,0.40,0.38 p10/79:0.47,0.37,0.37 p12/95:0.45,0.44,0.45 p16/127:0.23,0.39,0.14
t=524288 [161s] p2/16:0.50,0.49,0.50 p3/24:0.51,0.50,0.50 p4/32:0.51,0.51,0.48 p5/40:0.49,0.53,0.50 p6/48:0.48,0.45,0.45 p8/64:0.49,0.53,0.49 p10/79:0.52,0.48,0.54 p12/95:0.49,0.54,0.59 p16/127:0.43,0.14,0.50
t=1048576 [169s] p2/16:0.50,0.51,0.50 p3/24:0.51,0.50,0.51 p4/32:0.51,0.53,0.51 p5/40:0.50,0.53,0.49 p6/48:0.50,0.46,0.49 p8/64:0.50,0.44,0.48 p10/79:0.55,0.49,0.52 p12/95:0.55,0.51,0.45 p16/127:0.61,0.53,0.65
