A_img_532 configs 16 columns 2336
t=0 [1s] p1/6:0.21,0.22,0.22 p2/10:0.00,0.00,0.00 p3/15:0.00,0.00,0.00 p4/20:0.00,0.00,0.00 p5/25:0.00,0.00,0.00 p6/30:0.00,0.00,0.00 p8/40:0.00,0.00,0.00 p10/50:0.00,0.00,0.00
t=1 [7s] p1/6:0.26,0.27,0.24 p2/10:0.02,0.00,0.00 p3/15:0.00,0.00,0.00 p4/20:0.00,0.00,0.00 p5/25:0.00,0.00,0.00 p6/30:0.00,0.00,0.00 p8/40:0.00,0.00,0.00 p10/50:0.00,0.00,0.00
t=2 [12s] p1/6:0.26,0.28,0.24 p2/10:0.03,0.00,0.00 p3/15:0.00,0.00,0.00 p4/20:0.00,0.00,0.00 p5/25:0.00,0.00,0.00 p6/30:0.00,0.00,0.00 p8/40:0.00,0.00,0.00 p10/50:0.00,0.00,0.00
t=4 [28s] p1/6:0.26,0.28,0.24 p2/10:0.03,0.00,0.00 p3/15:0.00,0.00,0.00 p4/20:0.00,0.00,0.00 p5/25:0.00,0.00,0.00 p6/30:0.00,0.00,0.00 p8/40:0.00,0.00,0.00 p10/50:0.00,0.00,0.00
t=8 [43s] p1/6:0.27,0.28,0.25 p2/10:0.03,0.00,0.00 p3/15:0.00,0.00,0.00 p4/20:0.00,0.00,0.00 p5/25:0.00,0.00,0.00 p6/30:0.00,0.00,0.00 p8/40:0.00,0.00,0.00 p10/50:0.00,0.00,0.00
t=16 [59s] p1/6:0.27,0.29,0.25 p2/10:0.03,0.00,0.00 p3/15:0.00,0.00,0.00 p4/20:0.00,0.00,0.00 p5/25:0.00,0.00,0.00 p6/30:0.00,0.00,0.00 p8/40:0.00,0.00,0.00 p10/50:0.00,0.00,0.00
t=32 [74s] p1/6:0.27,0.29,0.26 p2/10:0.03,0.00,0.00 p3/15:0.00,0.00,0.00 p4/20:0.00,0.00,0.00 p5/25:0.00,0.00,0.00 p6/30:0.00,0.00,0.00 p8/40:0.00,0.00,0.00 p10/50:0.00,0.00,0.00
t=64 [90s] p1/6:0.28,0.30,0.27 p2/10:0.04,0.01,0.00 p3/15:0.00,0.00,0.00 p4/20:0.00,0.00,0.00 p5/25:0.00,0.00,0.00 p6/30:0.00,0.00,0.00 p8/40:0.00,0.00,0.00 p10/50:0.00,0.00,0.00
t=128 [104s] p1/6:0.31,0.32,0.29 p2/10:0.07,0.05,0.05 p3/15:0.00,0.00,0.00 p4/20:0.00,0.00,0.00 p5/25:0.00,0.00,0.00 p6/30:0.00,0.00,0.00 p8/40:0.00,0.00,0.00 p10/50:0.00,0.00,0.00
t=256 [119s] p1/6:0.42,0.53,0.40 p2/10:0.26,0.34,0.24 p3/15:0.06,0.05,0.03 p4/20:0.00,0.00,0.00 p5/25:0.00,0.00,0.00 p6/30:0.00,0.00,0.00 p8/40:0.00,0.00,0.00 p10/50:0.00,0.00,0.00
t=512 [134s] p1/6:0.50,0.56,0.49 p2/10:0.46,0.65,0.45 p3/15:0.30,0.40,0.25 p4/20:0.07,0.09,0.06 p5/25:0.01,0.00,0.00 p6/30:0.00,0.00,0.00 p8/40:0.00,0.00,0.00 p10/50:0.00,0.00,0.00
t=1024 [149s] p1/6:0.50,0.51,0.49 p2/10:0.48,0.56,0.49 p3/15:0.41,0.58,0.39 p4/20:0.32,0.43,0.29 p5/25:0.28,0.33,0.16 p6/30:0.13,0.10,0.00 p8/40:0.14,0.00,0.00 p10/50:0.23,0.00,0.00
t=2048 [164s] p1/6:0.49,0.50,0.48 p2/10:0.48,0.55,0.49 p3/15:0.47,0.47,0.47 p4/20:0.42,0.49,0.40 p5/25:0.45,0.49,0.39 p6/30:0.48,0.54,0.44 p8/40:0.37,0.33,0.50 p10/50:0.33,0.38,0.43
t=4096 [179s] p1/6:0.50,0.50,0.50 p2/10:0.51,0.50,0.50 p3/15:0.49,0.48,0.50 p4/20:0.50,0.53,0.54 p5/25:0.47,0.57,0.48 p6/30:0.49,0.55,0.50 p8/40:0.45,0.42,0.44 p10/50:0.45,0.43,0.46
t=8192 [193s] p1/6:0.49,0.50,0.49 p2/10:0.51,0.50,0.52 p3/15:0.49,0.45,0.48 p4/20:0.49,0.52,0.48 p5/25:0.49,0.53,0.52 p6/30:0.50,0.49,0.48 p8/40:0.46,0.49,0.42 p10/50:0.49,0.43,0.43
t=16384 [208s] p1/6:0.50,0.50,0.50 p2/10:0.50,0.49,0.52 p3/15:0.46,0.50,0.44 p4/20:0.49,0.49,0.55 p5/25:0.48,0.50,0.47 p6/30:0.48,0.59,0.50 p8/40:0.47,0.42,0.44 p10/50:0.48,0.43,0.48
t=32768 [223s] p1/6:0.49,0.49,0.47 p2/10:0.47,0.50,0.44 p3/15:0.46,0.48,0.44 p4/20:0.44,0.40,0.34 p5/25:0.49,0.50,0.36 p6/30:0.45,0.44,0.26 p8/40:0.27,0.21,0.19 p10/50:0.33,0.26,0.33
t=65536 [238s] p1/6:0.50,0.52,0.50 p2/10:0.51,0.52,0.51 p3/15:0.48,0.46,0.48 p4/20:0.50,0.47,0.49 p5/25:0.48,0.47,0.55 p6/30:0.46,0.53,0.47 p8/40:0.48,0.42,0.41 p10/50:0.55,0.43,0.45
t=131072 [253s] p1/6:0.49,0.50,0.49 p2/10:0.48,0.48,0.48 p3/15:0.48,0.47,0.44 p4/20:0.47,0.50,0.46 p5/25:0.40,0.45,0.37 p6/30:0.45,0.46,0.38 p8/40:0.39,0.42,0.38 p10/50:0.25,0.25,0.23
t=262144 [267s] p1/6:0.50,0.49,0.48 p2/10:0.47,0.50,0.44 p3/15:0.44,0.47,0.39 p4/20:0.41,0.38,0.31 p5/25:0.38,0.31,0.25 p6/30:0.39,0.39,0.30 p8/40:0.26,0.07,0.25 p10/50:0.31,0.24,0.32
t=524288 [284s] p1/6:0.48,0.49,0.46 p2/10:0.47,0.51,0.43 p3/15:0.44,0.42,0.38 p4/20:0.42,0.41,0.38 p5/25:0.41,0.27,0.31 p6/30:0.43,0.41,0.31 p8/40:0.35,0.31,0.31 p10/50:0.38,0.29,0.30
t=1048576 [304s] p1/6:0.50,0.51,0.50 p2/10:0.50,0.52,0.49 p3/15:0.50,0.43,0.52 p4/20:0.48,0.52,0.50 p5/25:0.49,0.45,0.48 p6/30:0.51,0.59,0.48 p8/40:0.36,0.39,0.40 p10/50:0.42,0.29,0.37
