A_img_450 configs 16 columns 2336
t=0 [1s] p1/6:0.21,0.22,0.22 p2/10:0.00,0.00,0.00 p3/15:0.00,0.00,0.00 p4/20:0.00,0.00,0.00 p5/25:0.00,0.00,0.00 p6/30:0.00,0.00,0.00 p8/40:0.00,0.00,0.00 p10/50:0.00,0.00,0.00
t=1 [9s] p1/6:0.25,0.25,0.23 p2/10:0.01,0.00,0.00 p3/15:0.00,0.00,0.00 p4/20:0.00,0.00,0.00 p5/25:0.00,0.00,0.00 p6/30:0.00,0.00,0.00 p8/40:0.00,0.00,0.00 p10/50:0.00,0.00,0.00
t=2 [16s] p1/6:0.24,0.25,0.23 p2/10:0.01,0.00,0.00 p3/15:0.00,0.00,0.00 p4/20:0.00,0.00,0.00 p5/25:0.00,0.00,0.00 p6/30:0.00,0.00,0.00 p8/40:0.00,0.00,0.00 p10/50:0.00,0.00,0.00
t=4 [32s] p1/6:0.24,0.25,0.23 p2/10:0.01,0.00,0.00 p3/15:0.00,0.00,0.00 p4/20:0.00,0.00,0.00 p5/25:0.00,0.00,0.00 p6/30:0.00,0.00,0.00 p8/40:0.00,0.00,0.00 p10/50:0.00,0.00,0.00
t=8 [48s] p1/6:0.24,0.25,0.23 p2/10:0.01,0.00,0.00 p3/15:0.00,0.00,0.00 p4/20:0.00,0.00,0.00 p5/25:0.00,0.00,0.00 p6/30:0.00,0.00,0.00 p8/40:0.00,0.00,0.00 p10/50:0.00,0.00,0.00
t=16 [63s] p1/6:0.24,0.26,0.23 p2/10:0.01,0.00,0.00 p3/15:0.00,0.00,0.00 p4/20:0.00,0.00,0.00 p5/25:0.00,0.00,0.00 p6/30:0.00,0.00,0.00 p8/40:0.00,0.00,0.00 p10/50:0.00,0.00,0.00
t=32 [79s] p1/6:0.25,0.27,0.23 p2/10:0.01,0.00,0.00 p3/15:0.00,0.00,0.00 p4/20:0.00,0.00,0.00 p5/25:0.00,0.00,0.00 p6/30:0.00,0.00,0.00 p8/40:0.00,0.00,0.00 p10/50:0.00,0.00,0.00
t=64 [95s] p1/6:0.26,0.28,0.24 p2/10:0.02,0.00,0.00 p3/15:0.00,0.00,0.00 p4/20:0.00,0.00,0.00 p5/25:0.00,0.00,0.00 p6/30:0.00,0.00,0.00 p8/40:0.00,0.00,0.00 p10/50:0.00,0.00,0.00
t=128 [115s] p1/6:0.30,0.32,0.28 p2/10:0.05,0.02,0.03 p3/15:0.00,0.00,0.00 p4/20:0.00,0.00,0.00 p5/25:0.00,0.00,0.00 p6/30:0.00,0.00,0.00 p8/40:0.00,0.00,0.00 p10/50:0.00,0.00,0.00
t=256 [133s] p1/6:0.42,0.58,0.41 p2/10:0.25,0.32,0.23 p3/15:0.03,0.00,0.00 p4/20:0.00,0.00,0.00 p5/25:0.00,0.00,0.00 p6/30:0.00,0.00,0.00 p8/40:0.00,0.00,0.00 p10/50:0.00,0.00,0.00
t=512 [152s] p1/6:0.49,0.54,0.49 p2/10:0.44,0.59,0.42 p3/15:0.26,0.33,0.20 p4/20:0.05,0.03,0.01 p5/25:0.01,0.00,0.00 p6/30:0.00,0.00,0.00 p8/40:0.00,0.00,0.00 p10/50:0.04,0.00,0.00
t=1024 [170s] p1/6:0.50,0.50,0.49 p2/10:0.48,0.60,0.48 p3/15:0.40,0.57,0.38 p4/20:0.31,0.40,0.26 p5/25:0.27,0.19,0.07 p6/30:0.14,0.03,0.00 p8/40:0.20,0.00,0.00 p10/50:0.27,0.00,0.00
t=2048 [188s] p1/6:0.50,0.49,0.49 p2/10:0.48,0.51,0.48 p3/15:0.47,0.52,0.44 p4/20:0.42,0.46,0.32 p5/25:0.50,0.56,0.50 p6/30:0.47,0.48,0.40 p8/40:0.36,0.35,0.37 p10/50:0.33,0.38,0.43
t=4096 [208s] p1/6:0.50,0.50,0.50 p2/10:0.50,0.50,0.49 p3/15:0.49,0.50,0.47 p4/20:0.48,0.54,0.51 p5/25:0.47,0.54,0.45 p6/30:0.51,0.56,0.50 p8/40:0.44,0.42,0.43 p10/50:0.45,0.43,0.50
t=8192 [227s] p1/6:0.50,0.51,0.50 p2/10:0.50,0.50,0.51 p3/15:0.52,0.50,0.51 p4/20:0.49,0.55,0.50 p5/25:0.49,0.48,0.54 p6/30:0.49,0.49,0.51 p8/40:0.48,0.42,0.40 p10/50:0.43,0.43,0.37
t=16384 [247s] p1/6:0.49,0.50,0.50 p2/10:0.51,0.49,0.52 p3/15:0.46,0.50,0.44 p4/20:0.51,0.47,0.53 p5/25:0.46,0.50,0.47 p6/30:0.48,0.57,0.50 p8/40:0.46,0.42,0.44 p10/50:0.48,0.43,0.48
t=32768 [266s] p1/6:0.49,0.49,0.47 p2/10:0.46,0.48,0.45 p3/15:0.42,0.46,0.32 p4/20:0.41,0.31,0.30 p5/25:0.43,0.35,0.30 p6/30:0.28,0.43,0.18 p8/40:0.23,0.01,0.02 p10/50:0.31,0.21,0.33
t=65536 [287s] p1/6:0.50,0.49,0.50 p2/10:0.51,0.48,0.52 p3/15:0.50,0.49,0.50 p4/20:0.50,0.51,0.53 p5/25:0.49,0.42,0.51 p6/30:0.47,0.49,0.41 p8/40:0.38,0.42,0.41 p10/50:0.59,0.60,0.47
t=131072 [304s] p1/6:0.50,0.49,0.50 p2/10:0.52,0.51,0.51 p3/15:0.46,0.51,0.46 p4/20:0.48,0.52,0.47 p5/25:0.48,0.55,0.39 p6/30:0.48,0.55,0.49 p8/40:0.43,0.42,0.44 p10/50:0.43,0.29,0.23
t=262144 [323s] p1/6:0.48,0.48,0.48 p2/10:0.46,0.50,0.47 p3/15:0.43,0.50,0.40 p4/20:0.38,0.47,0.38 p5/25:0.39,0.38,0.33 p6/30:0.27,0.45,0.29 p8/40:0.11,0.00,0.05 p10/50:0.12,0.00,0.11
t=524288 [338s] p1/6:0.50,0.52,0.53 p2/10:0.50,0.57,0.53 p3/15:0.51,0.53,0.50 p4/20:0.44,0.50,0.42 p5/25:0.43,0.49,0.34 p6/30:0.35,0.41,0.31 p8/40:0.21,0.31,0.13 p10/50:0.22,0.25,0.09
t=1048576 [353s] p1/6:0.50,0.51,0.51 p2/10:0.53,0.52,0.51 p3/15:0.49,0.57,0.48 p4/20:0.45,0.49,0.42 p5/25:0.46,0.45,0.42 p6/30:0.36,0.30,0.29 p8/40:0.31,0.33,0.26 p10/50:0.31,0.25,0.31
