A_img_rand configs 18 columns 2628
t=0 [1s] p2/10:0.00,0.00,0.00 p3/15:0.00,0.00,0.00 p4/20:0.00,0.00,0.00 p5/25:0.00,0.00,0.00 p6/30:0.00,0.00,0.00 p8/40:0.00,0.00,0.00 p10/50:0.00,0.00,0.00 p12/60:0.00,0.00,0.00 p16/80:0.00,0.00,0.00
t=1 [9s] p2/10:0.17,0.17,0.15 p3/15:0.09,0.07,0.04 p4/20:0.06,0.03,0.02 p5/25:0.05,0.01,0.01 p6/30:0.03,0.00,0.00 p8/40:0.06,0.02,0.00 p10/50:0.07,0.00,0.00 p12/60:0.03,0.00,0.00 p16/80:0.00,0.00,0.00
t=2 [16s] p2/10:0.18,0.18,0.15 p3/15:0.10,0.08,0.05 p4/20:0.08,0.04,0.03 p5/25:0.06,0.03,0.02 p6/30:0.04,0.00,0.00 p8/40:0.06,0.03,0.01 p10/50:0.07,0.03,0.00 p12/60:0.07,0.00,0.00 p16/80:0.00,0.00,0.00
t=4 [31s] p2/10:0.19,0.19,0.17 p3/15:0.11,0.10,0.06 p4/20:0.08,0.05,0.03 p5/25:0.07,0.04,0.03 p6/30:0.04,0.00,0.00 p8/40:0.07,0.05,0.02 p10/50:0.07,0.03,0.01 p12/60:0.10,0.00,0.00 p16/80:0.00,0.00,0.00
t=8 [48s] p2/10:0.21,0.22,0.18 p3/15:0.12,0.11,0.07 p4/20:0.09,0.06,0.04 p5/25:0.07,0.05,0.03 p6/30:0.05,0.01,0.00 p8/40:0.07,0.06,0.02 p10/50:0.07,0.04,0.02 p12/60:0.10,0.00,0.00 p16/80:0.00,0.00,0.00
t=16 [65s] p2/10:0.29,0.30,0.23 p3/15:0.18,0.17,0.11 p4/20:0.14,0.09,0.06 p5/25:0.13,0.06,0.04 p6/30:0.10,0.01,0.01 p8/40:0.11,0.07,0.03 p10/50:0.11,0.04,0.03 p12/60:0.07,0.00,0.00 p16/80:0.04,0.00,0.00
t=32 [81s] p2/10:0.38,0.41,0.33 p3/15:0.30,0.30,0.24 p4/20:0.24,0.22,0.16 p5/25:0.19,0.13,0.11 p6/30:0.15,0.12,0.07 p8/40:0.18,0.12,0.07 p10/50:0.17,0.10,0.07 p12/60:0.09,0.00,0.00 p16/80:0.17,0.00,0.01
t=64 [97s] p2/10:0.44,0.46,0.40 p3/15:0.38,0.39,0.33 p4/20:0.34,0.36,0.29 p5/25:0.29,0.27,0.22 p6/30:0.22,0.23,0.17 p8/40:0.23,0.22,0.15 p10/50:0.26,0.16,0.16 p12/60:0.14,0.06,0.03 p16/80:0.10,0.00,0.02
t=128 [114s] p2/10:0.47,0.47,0.45 p3/15:0.44,0.46,0.39 p4/20:0.39,0.38,0.34 p5/25:0.39,0.36,0.33 p6/30:0.31,0.33,0.25 p8/40:0.30,0.31,0.26 p10/50:0.31,0.38,0.26 p12/60:0.26,0.17,0.18 p16/80:0.11,0.01,0.02
t=256 [130s] p2/10:0.49,0.48,0.46 p3/15:0.46,0.46,0.44 p4/20:0.45,0.44,0.40 p5/25:0.42,0.38,0.36 p6/30:0.38,0.41,0.29 p8/40:0.36,0.45,0.31 p10/50:0.29,0.28,0.25 p12/60:0.36,0.24,0.26 p16/80:0.19,0.18,0.10
t=512 [146s] p2/10:0.49,0.48,0.47 p3/15:0.49,0.49,0.47 p4/20:0.47,0.44,0.42 p5/25:0.44,0.44,0.42 p6/30:0.44,0.49,0.37 p8/40:0.41,0.44,0.31 p10/50:0.40,0.38,0.32 p12/60:0.46,0.40,0.37 p16/80:0.25,0.35,0.16
t=1024 [162s] p2/10:0.50,0.50,0.49 p3/15:0.50,0.50,0.47 p4/20:0.48,0.49,0.44 p5/25:0.45,0.45,0.43 p6/30:0.48,0.47,0.40 p8/40:0.46,0.48,0.40 p10/50:0.43,0.50,0.39 p12/60:0.45,0.40,0.38 p16/80:0.31,0.42,0.20
t=2048 [179s] p2/10:0.49,0.50,0.49 p3/15:0.49,0.50,0.48 p4/20:0.49,0.49,0.47 p5/25:0.47,0.48,0.47 p6/30:0.49,0.51,0.42 p8/40:0.46,0.42,0.41 p10/50:0.46,0.42,0.38 p12/60:0.43,0.35,0.34 p16/80:0.25,0.26,0.26
t=4096 [195s] p2/10:0.50,0.49,0.49 p3/15:0.49,0.49,0.49 p4/20:0.50,0.50,0.48 p5/25:0.49,0.47,0.48 p6/30:0.50,0.53,0.45 p8/40:0.48,0.47,0.44 p10/50:0.46,0.52,0.46 p12/60:0.47,0.44,0.45 p16/80:0.37,0.31,0.31
t=8192 [211s] p2/10:0.50,0.50,0.50 p3/15:0.50,0.50,0.50 p4/20:0.49,0.51,0.49 p5/25:0.49,0.48,0.49 p6/30:0.49,0.53,0.46 p8/40:0.49,0.49,0.46 p10/50:0.46,0.51,0.45 p12/60:0.52,0.49,0.47 p16/80:0.50,0.53,0.38
t=16384 [226s] p2/10:0.50,0.50,0.50 p3/15:0.50,0.49,0.50 p4/20:0.49,0.50,0.48 p5/25:0.49,0.50,0.48 p6/30:0.50,0.52,0.45 p8/40:0.49,0.50,0.47 p10/50:0.46,0.55,0.46 p12/60:0.52,0.48,0.48 p16/80:0.48,0.46,0.39
t=32768 [242s] p2/10:0.49,0.49,0.50 p3/15:0.50,0.49,0.50 p4/20:0.49,0.51,0.49 p5/25:0.47,0.48,0.49 p6/30:0.50,0.52,0.48 p8/40:0.48,0.45,0.47 p10/50:0.49,0.56,0.47 p12/60:0.51,0.53,0.47 p16/80:0.50,0.46,0.39
t=65536 [258s] p2/10:0.50,0.50,0.50 p3/15:0.50,0.49,0.51 p4/20:0.49,0.50,0.49 p5/25:0.48,0.48,0.48 p6/30:0.50,0.53,0.47 p8/40:0.48,0.47,0.49 p10/50:0.49,0.57,0.47 p12/60:0.49,0.50,0.46 p16/80:0.49,0.46,0.39
t=131072 [274s] p2/10:0.50,0.50,0.50 p3/15:0.50,0.50,0.51 p4/20:0.49,0.50,0.51 p5/25:0.47,0.49,0.48 p6/30:0.49,0.53,0.49 p8/40:0.49,0.51,0.47 p10/50:0.51,0.55,0.51 p12/60:0.51,0.52,0.50 p16/80:0.49,0.46,0.45
t=262144 [290s] p2/10:0.50,0.50,0.50 p3/15:0.51,0.50,0.51 p4/20:0.50,0.50,0.51 p5/25:0.48,0.50,0.48 p6/30:0.50,0.52,0.50 p8/40:0.49,0.51,0.48 p10/50:0.50,0.55,0.50 p12/60:0.50,0.54,0.50 p16/80:0.51,0.46,0.45
t=524288 [306s] p2/10:0.50,0.50,0.50 p3/15:0.51,0.50,0.51 p4/20:0.50,0.50,0.51 p5/25:0.48,0.50,0.48 p6/30:0.50,0.52,0.50 p8/40:0.49,0.51,0.48 p10/50:0.50,0.55,0.50 p12/60:0.50,0.54,0.50 p16/80:0.51,0.46,0.45
t=1048576 [322s] p2/10:0.50,0.50,0.50 p3/15:0.51,0.50,0.51 p4/20:0.50,0.50,0.51 p5/25:0.48,0.50,0.48 p6/30:0.50,0.52,0.50 p8/40:0.49,0.51,0.48 p10/50:0.50,0.55,0.50 p12/60:0.50,0.54,0.50 p16/80:0.51,0.46,0.45
