B_4f_532 configs 18 columns 2628
t=0 [1s] p1/10:0.21,0.22,0.23 p2/16:0.00,0.00,0.00 p3/24:0.00,0.00,0.00 p4/32:0.00,0.00,0.00 p5/40:0.00,0.00,0.00 p6/48:0.00,0.00,0.00 p8/64:0.00,0.00,0.00 p10/79:0.00,0.00,0.00 p12/95:0.00,0.00,0.00
t=1 [11s] p1/10:0.25,0.25,0.23 p2/16:0.00,0.00,0.00 p3/24:0.00,0.00,0.00 p4/32:0.00,0.00,0.00 p5/40:0.00,0.00,0.00 p6/48:0.00,0.00,0.00 p8/64:0.00,0.00,0.00 p10/79:0.00,0.00,0.00 p12/95:0.00,0.00,0.00
t=2 [21s] p1/10:0.25,0.25,0.23 p2/16:0.01,0.00,0.00 p3/24:0.00,0.00,0.00 p4/32:0.00,0.00,0.00 p5/40:0.00,0.00,0.00 p6/48:0.00,0.00,0.00 p8/64:0.00,0.00,0.00 p10/79:0.00,0.00,0.00 p12/95:0.00,0.00,0.00
t=4 [44s] p1/10:0.25,0.26,0.23 p2/16:0.01,0.00,0.00 p3/24:0.00,0.00,0.00 p4/32:0.00,0.00,0.00 p5/40:0.00,0.00,0.00 p6/48:0.00,0.00,0.00 p8/64:0.00,0.00,0.00 p10/79:0.00,0.00,0.00 p12/95:0.00,0.00,0.00
t=8 [67s] p1/10:0.25,0.26,0.24 p2/16:0.01,0.00,0.00 p3/24:0.00,0.00,0.00 p4/32:0.00,0.00,0.00 p5/40:0.00,0.00,0.00 p6/48:0.00,0.00,0.00 p8/64:0.00,0.00,0.00 p10/79:0.00,0.00,0.00 p12/95:0.00,0.00,0.00
t=16 [91s] p1/10:0.25,0.26,0.24 p2/16:0.01,0.00,0.00 p3/24:0.00,0.00,0.00 p4/32:0.00,0.00,0.00 p5/40:0.00,0.00,0.00 p6/48:0.00,0.00,0.00 p8/64:0.00,0.00,0.00 p10/79:0.00,0.00,0.00 p12/95:0.00,0.00,0.00
t=32 [114s] p1/10:0.26,0.27,0.25 p2/16:0.01,0.00,0.00 p3/24:0.00,0.00,0.00 p4/32:0.00,0.00,0.00 p5/40:0.00,0.00,0.00 p6/48:0.00,0.00,0.00 p8/64:0.00,0.00,0.00 p10/79:0.00,0.00,0.00 p12/95:0.00,0.00,0.00
t=64 [138s] p1/10:0.30,0.32,0.28 p2/16:0.05,0.01,0.02 p3/24:0.00,0.00,0.00 p4/32:0.00,0.00,0.00 p5/40:0.00,0.00,0.00 p6/48:0.00,0.00,0.00 p8/64:0.00,0.00,0.00 p10/79:0.00,0.00,0.00 p12/95:0.00,0.00,0.00
t=128 [156s] p1/10:0.42,0.59,0.40 p2/16:0.24,0.31,0.21 p3/24:0.01,0.00,0.00 p4/32:0.00,0.00,0.00 p5/40:0.00,0.00,0.00 p6/48:0.00,0.00,0.00 p8/64:0.00,0.00,0.00 p10/79:0.00,0.00,0.00 p12/95:0.00,0.00,0.00
t=256 [173s] p1/10:0.48,0.54,0.48 p2/16:0.42,0.60,0.41 p3/24:0.21,0.28,0.17 p4/32:0.03,0.00,0.01 p5/40:0.00,0.00,0.00 p6/48:0.01,0.00,0.00 p8/64:0.09,0.00,0.00 p10/79:0.06,0.00,0.00 p12/95:0.23,0.00,0.00
t=512 [190s] p1/10:0.48,0.50,0.49 p2/16:0.46,0.53,0.45 p3/24:0.38,0.47,0.31 p4/32:0.30,0.22,0.12 p5/40:0.21,0.03,0.01 p6/48:0.18,0.02,0.00 p8/64:0.15,0.04,0.00 p10/79:0.21,0.08,0.00 p12/95:0.36,0.32,0.03
t=1024 [208s] p1/10:0.49,0.50,0.48 p2/16:0.48,0.49,0.46 p3/24:0.48,0.45,0.41 p4/32:0.51,0.47,0.47 p5/40:0.50,0.43,0.41 p6/48:0.49,0.45,0.29 p8/64:0.49,0.43,0.27 p10/79:0.31,0.44,0.49 p12/95:0.25,0.32,0.19
t=2048 [225s] p1/10:0.50,0.50,0.49 p2/16:0.49,0.52,0.48 p3/24:0.51,0.48,0.51 p4/32:0.49,0.48,0.51 p5/40:0.49,0.57,0.51 p6/48:0.51,0.47,0.49 p8/64:0.48,0.44,0.48 p10/79:0.44,0.44,0.48 p12/95:0.58,0.42,0.49
t=4096 [243s] p1/10:0.50,0.50,0.50 p2/16:0.50,0.51,0.51 p3/24:0.50,0.51,0.50 p4/32:0.49,0.51,0.50 p5/40:0.52,0.57,0.50 p6/48:0.52,0.49,0.46 p8/64:0.46,0.45,0.53 p10/79:0.45,0.44,0.49 p12/95:0.62,0.32,0.49
t=8192 [263s] p1/10:0.49,0.49,0.49 p2/16:0.49,0.49,0.49 p3/24:0.51,0.52,0.50 p4/32:0.51,0.48,0.49 p5/40:0.51,0.51,0.50 p6/48:0.53,0.41,0.50 p8/64:0.53,0.49,0.52 p10/79:0.44,0.44,0.44 p12/95:0.55,0.42,0.55
t=16384 [284s] p1/10:0.49,0.50,0.48 p2/16:0.48,0.51,0.45 p3/24:0.47,0.44,0.38 p4/32:0.51,0.43,0.40 p5/40:0.48,0.38,0.36 p6/48:0.47,0.29,0.33 p8/64:0.38,0.33,0.27 p10/79:0.31,0.35,0.31 p12/95:0.15,0.32,0.19
t=32768 [306s] p1/10:0.49,0.50,0.50 p2/16:0.50,0.51,0.50 p3/24:0.53,0.45,0.50 p4/32:0.49,0.49,0.48 p5/40:0.52,0.54,0.45 p6/48:0.52,0.52,0.52 p8/64:0.47,0.49,0.49 p10/79:0.54,0.36,0.48 p12/95:0.50,0.42,0.48
t=65536 [332s] p1/10:0.50,0.50,0.50 p2/16:0.50,0.49,0.50 p3/24:0.50,0.50,0.50 p4/32:0.50,0.43,0.43 p5/40:0.52,0.51,0.50 p6/48:0.50,0.33,0.44 p8/64:0.51,0.40,0.42 p10/79:0.44,0.44,0.46 p12/95:0.31,0.42,0.25
t=131072 [359s] p1/10:0.49,0.50,0.47 p2/16:0.47,0.45,0.42 p3/24:0.43,0.42,0.37 p4/32:0.36,0.33,0.31 p5/40:0.37,0.29,0.18 p6/48:0.38,0.35,0.31 p8/64:0.37,0.40,0.35 p10/79:0.27,0.26,0.23 p12/95:0.46,0.32,0.44
t=262144 [383s] p1/10:0.48,0.48,0.47 p2/16:0.45,0.46,0.41 p3/24:0.44,0.44,0.40 p4/32:0.39,0.41,0.35 p5/40:0.40,0.41,0.31 p6/48:0.34,0.36,0.30 p8/64:0.35,0.31,0.31 p10/79:0.26,0.07,0.26 p12/95:0.26,0.17,0.27
t=524288 [407s] p1/10:0.50,0.50,0.50 p2/16:0.48,0.49,0.49 p3/24:0.48,0.46,0.44 p4/32:0.49,0.44,0.40 p5/40:0.46,0.51,0.38 p6/48:0.43,0.37,0.30 p8/64:0.36,0.35,0.29 p10/79:0.29,0.32,0.31 p12/95:0.28,0.24,0.24
t=1048576 [431s] p1/10:0.49,0.48,0.48 p2/16:0.48,0.46,0.46 p3/24:0.49,0.50,0.46 p4/32:0.51,0.47,0.47 p5/40:0.48,0.40,0.47 p6/48:0.50,0.42,0.41 p8/64:0.42,0.40,0.47 p10/79:0.40,0.33,0.37 p12/95:0.46,0.40,0.47
