C_mla configs 18 columns 2628
t=0 [1s] p2/16:0.00,0.00,0.00 p3/24:0.00,0.00,0.00 p4/32:0.00,0.00,0.00 p5/40:0.00,0.00,0.00 p6/48:0.00,0.00,0.00 p8/64:0.00,0.00,0.00 p10/79:0.00,0.00,0.00 p12/95:0.00,0.00,0.00 p16/127:0.00,0.00,0.00
t=1 [5s] p2/16:0.51,0.51,0.48 p3/24:0.49,0.53,0.48 p4/32:0.45,0.43,0.38 p5/40:0.49,0.50,0.46 p6/48:0.42,0.57,0.49 p8/64:0.00,0.00,0.00 p10/79:0.17,0.15,0.09 p12/95:0.04,0.00,0.00 p16/127:0.00,0.00,0.00
t=2 [8s] p2/16:0.41,0.46,0.34 p3/24:0.32,0.36,0.23 p4/32:0.32,0.36,0.27 p5/40:0.19,0.14,0.06 p6/48:0.11,0.05,0.05 p8/64:0.00,0.00,0.00 p10/79:0.02,0.00,0.00 p12/95:0.00,0.00,0.00 p16/127:0.00,0.00,0.00
t=4 [17s] p2/16:0.45,0.47,0.36 p3/24:0.41,0.44,0.31 p4/32:0.41,0.43,0.34 p5/40:0.31,0.28,0.19 p6/48:0.19,0.21,0.15 p8/64:0.00,0.00,0.00 p10/79:0.05,0.00,0.00 p12/95:0.03,0.00,0.00 p16/127:0.00,0.00,0.00
t=8 [25s] p2/16:0.49,0.50,0.46 p3/24:0.47,0.49,0.42 p4/32:0.49,0.46,0.40 p5/40:0.42,0.42,0.34 p6/48:0.30,0.40,0.26 p8/64:0.00,0.00,0.00 p10/79:0.09,0.00,0.00 p12/95:0.02,0.00,0.00 p16/127:0.00,0.00,0.00
t=16 [33s] p2/16:0.49,0.50,0.45 p3/24:0.47,0.50,0.41 p4/32:0.46,0.45,0.36 p5/40:0.43,0.42,0.30 p6/48:0.27,0.37,0.22 p8/64:0.10,0.12,0.03 p10/79:0.06,0.04,0.01 p12/95:0.07,0.00,0.00 p16/127:0.04,0.00,0.00
t=32 [42s] p2/16:0.49,0.50,0.48 p3/24:0.48,0.50,0.45 p4/32:0.48,0.47,0.45 p5/40:0.48,0.49,0.42 p6/48:0.43,0.45,0.38 p8/64:0.35,0.35,0.29 p10/79:0.27,0.25,0.21 p12/95:0.26,0.35,0.23 p16/127:0.18,0.12,0.12
t=64 [50s] p2/16:0.49,0.50,0.49 p3/24:0.49,0.50,0.47 p4/32:0.48,0.46,0.47 p5/40:0.50,0.48,0.48 p6/48:0.47,0.49,0.48 p8/64:0.44,0.47,0.42 p10/79:0.49,0.52,0.48 p12/95:0.42,0.19,0.41 p16/127:0.25,0.22,0.22
t=128 [59s] p2/16:0.50,0.50,0.50 p3/24:0.48,0.50,0.48 p4/32:0.48,0.47,0.48 p5/40:0.51,0.48,0.48 p6/48:0.49,0.46,0.48 p8/64:0.46,0.47,0.41 p10/79:0.42,0.40,0.39 p12/95:0.39,0.38,0.34 p16/127:0.45,0.40,0.43
t=256 [67s] p2/16:0.49,0.50,0.49 p3/24:0.49,0.50,0.49 p4/32:0.49,0.47,0.48 p5/40:0.49,0.47,0.48 p6/48:0.50,0.46,0.45 p8/64:0.45,0.43,0.37 p10/79:0.48,0.46,0.47 p12/95:0.41,0.40,0.32 p16/127:0.37,0.29,0.36
t=512 [75s] p2/16:0.49,0.51,0.50 p3/24:0.49,0.50,0.50 p4/32:0.48,0.48,0.48 p5/40:0.50,0.51,0.48 p6/48:0.51,0.54,0.47 p8/64:0.47,0.54,0.44 p10/79:0.51,0.50,0.47 p12/95:0.47,0.50,0.40 p16/127:0.34,0.51,0.28
t=1024 [83s] p2/16:0.50,0.50,0.50 p3/24:0.49,0.50,0.50 p4/32:0.48,0.47,0.49 p5/40:0.50,0.51,0.49 p6/48:0.50,0.52,0.50 p8/64:0.49,0.55,0.45 p10/79:0.51,0.56,0.50 p12/95:0.42,0.64,0.42 p16/127:0.44,0.43,0.42
t=2048 [92s] p2/16:0.50,0.50,0.49 p3/24:0.48,0.51,0.50 p4/32:0.48,0.50,0.50 p5/40:0.49,0.51,0.50 p6/48:0.52,0.49,0.50 p8/64:0.52,0.53,0.45 p10/79:0.50,0.55,0.46 p12/95:0.45,0.43,0.39 p16/127:0.45,0.26,0.38
t=4096 [101s] p2/16:0.50,0.50,0.50 p3/24:0.48,0.50,0.50 p4/32:0.49,0.49,0.50 p5/40:0.50,0.51,0.49 p6/48:0.50,0.51,0.49 p8/64:0.51,0.52,0.47 p10/79:0.52,0.55,0.51 p12/95:0.46,0.57,0.37 p16/127:0.42,0.32,0.46
t=8192 [110s] p2/16:0.50,0.50,0.50 p3/24:0.49,0.50,0.49 p4/32:0.49,0.49,0.49 p5/40:0.50,0.51,0.48 p6/48:0.53,0.49,0.50 p8/64:0.51,0.53,0.46 p10/79:0.50,0.53,0.48 p12/95:0.42,0.40,0.38 p16/127:0.41,0.40,0.35
t=16384 [124s] p2/16:0.50,0.51,0.50 p3/24:0.49,0.50,0.50 p4/32:0.49,0.49,0.49 p5/40:0.50,0.50,0.47 p6/48:0.51,0.51,0.49 p8/64:0.53,0.52,0.46 p10/79:0.51,0.52,0.51 p12/95:0.42,0.61,0.36 p16/127:0.51,0.47,0.42
t=32768 [143s] p2/16:0.50,0.50,0.50 p3/24:0.49,0.50,0.49 p4/32:0.49,0.49,0.49 p5/40:0.50,0.50,0.47 p6/48:0.50,0.50,0.49 p8/64:0.53,0.51,0.46 p10/79:0.50,0.52,0.52 p12/95:0.42,0.61,0.37 p16/127:0.52,0.47,0.42
t=65536 [163s] p2/16:0.50,0.50,0.50 p3/24:0.49,0.50,0.49 p4/32:0.49,0.49,0.49 p5/40:0.50,0.50,0.47 p6/48:0.50,0.50,0.49 p8/64:0.53,0.51,0.46 p10/79:0.50,0.52,0.52 p12/95:0.42,0.61,0.37 p16/127:0.53,0.47,0.42
t=131072 [182s] p2/16:0.50,0.50,0.50 p3/24:0.49,0.50,0.49 p4/32:0.49,0.49,0.49 p5/40:0.50,0.50,0.47 p6/48:0.50,0.50,0.49 p8/64:0.53,0.51,0.46 p10/79:0.50,0.52,0.52 p12/95:0.42,0.61,0.37 p16/127:0.53,0.47,0.42
t=262144 [200s] p2/16:0.50,0.50,0.50 p3/24:0.49,0.50,0.49 p4/32:0.49,0.49,0.49 p5/40:0.50,0.50,0.47 p6/48:0.50,0.50,0.49 p8/64:0.53,0.51,0.46 p10/79:0.50,0.52,0.52 p12/95:0.42,0.61,0.37 p16/127:0.53,0.47,0.42
t=524288 [217s] p2/16:0.50,0.50,0.50 p3/24:0.49,0.50,0.49 p4/32:0.49,0.49,0.49 p5/40:0.50,0.50,0.47 p6/48:0.50,0.50,0.49 p8/64:0.53,0.51,0.46 p10/79:0.50,0.52,0.52 p12/95:0.42,0.61,0.37 p16/127:0.53,0.47,0.42
t=1048576 [234s] p2/16:0.50,0.50,0.50 p3/24:0.49,0.50,0.49 p4/32:0.49,0.49,0.49 p5/40:0.50,0.50,0.47 p6/48:0.50,0.50,0.49 p8/64:0.53,0.51,0.46 p10/79:0.50,0.52,0.52 p12/95:0.42,0.61,0.37 p16/127:0.53,0.47,0.42
