A_img configs 18 columns 2628
t=0 [1s] p2/10:0.00,0.00,0.00 p3/15:0.00,0.00,0.00 p4/20:0.00,0.00,0.00 p5/25:0.00,0.00,0.00 p6/30:0.00,0.00,0.00 p8/40:0.00,0.00,0.00 p10/50:0.00,0.00,0.00 p12/60:0.00,0.00,0.00 p16/80:0.00,0.00,0.00
t=1 [5s] p2/10:0.17,0.17,0.15 p3/15:0.09,0.07,0.04 p4/20:0.06,0.03,0.02 p5/25:0.05,0.01,0.01 p6/30:0.03,0.00,0.00 p8/40:0.06,0.02,0.00 p10/50:0.07,0.00,0.00 p12/60:0.03,0.00,0.00 p16/80:0.00,0.00,0.00
t=2 [8s] p2/10:0.18,0.18,0.16 p3/15:0.10,0.08,0.05 p4/20:0.08,0.04,0.03 p5/25:0.06,0.03,0.02 p6/30:0.04,0.00,0.00 p8/40:0.06,0.03,0.00 p10/50:0.07,0.03,0.00 p12/60:0.10,0.00,0.00 p16/80:0.00,0.00,0.00
t=4 [18s] p2/10:0.19,0.19,0.16 p3/15:0.11,0.10,0.06 p4/20:0.09,0.05,0.03 p5/25:0.08,0.04,0.03 p6/30:0.04,0.00,0.00 p8/40:0.07,0.05,0.02 p10/50:0.07,0.03,0.00 p12/60:0.10,0.00,0.00 p16/80:0.00,0.00,0.00
t=8 [27s] p2/10:0.20,0.21,0.18 p3/15:0.12,0.11,0.07 p4/20:0.10,0.06,0.04 p5/25:0.09,0.04,0.03 p6/30:0.04,0.01,0.00 p8/40:0.07,0.07,0.03 p10/50:0.07,0.04,0.02 p12/60:0.12,0.00,0.00 p16/80:0.00,0.00,0.00
t=16 [36s] p2/10:0.21,0.22,0.19 p3/15:0.13,0.13,0.08 p4/20:0.11,0.07,0.05 p5/25:0.10,0.05,0.04 p6/30:0.05,0.01,0.01 p8/40:0.09,0.08,0.03 p10/50:0.08,0.04,0.04 p12/60:0.13,0.00,0.00 p16/80:0.00,0.00,0.00
t=32 [46s] p2/10:0.22,0.23,0.20 p3/15:0.14,0.14,0.10 p4/20:0.12,0.08,0.06 p5/25:0.11,0.05,0.04 p6/30:0.05,0.02,0.01 p8/40:0.10,0.08,0.03 p10/50:0.09,0.05,0.04 p12/60:0.13,0.00,0.00 p16/80:0.00,0.00,0.00
t=64 [55s] p2/10:0.23,0.25,0.21 p3/15:0.15,0.16,0.11 p4/20:0.13,0.10,0.07 p5/25:0.13,0.05,0.04 p6/30:0.05,0.02,0.02 p8/40:0.10,0.08,0.03 p10/50:0.09,0.07,0.04 p12/60:0.13,0.00,0.00 p16/80:0.04,0.00,0.00
t=128 [64s] p2/10:0.26,0.28,0.23 p3/15:0.16,0.19,0.12 p4/20:0.14,0.11,0.08 p5/25:0.14,0.06,0.06 p6/30:0.05,0.03,0.02 p8/40:0.12,0.09,0.04 p10/50:0.09,0.07,0.04 p12/60:0.13,0.00,0.00 p16/80:0.04,0.00,0.00
t=256 [75s] p2/10:0.32,0.36,0.29 p3/15:0.21,0.25,0.16 p4/20:0.15,0.14,0.10 p5/25:0.15,0.08,0.07 p6/30:0.07,0.03,0.02 p8/40:0.13,0.09,0.06 p10/50:0.09,0.07,0.04 p12/60:0.13,0.04,0.00 p16/80:0.00,0.00,0.00
t=512 [85s] p2/10:0.44,0.57,0.40 p3/15:0.35,0.46,0.31 p4/20:0.23,0.27,0.17 p5/25:0.17,0.11,0.10 p6/30:0.08,0.03,0.02 p8/40:0.12,0.08,0.06 p10/50:0.09,0.07,0.04 p12/60:0.13,0.00,0.00 p16/80:0.00,0.00,0.00
t=1024 [95s] p2/10:0.47,0.51,0.45 p3/15:0.45,0.55,0.42 p4/20:0.38,0.48,0.34 p5/25:0.31,0.35,0.26 p6/30:0.20,0.19,0.10 p8/40:0.14,0.08,0.06 p10/50:0.09,0.04,0.04 p12/60:0.03,0.00,0.00 p16/80:0.20,0.19,0.19
t=2048 [105s] p2/10:0.49,0.49,0.47 p3/15:0.47,0.50,0.44 p4/20:0.43,0.50,0.38 p5/25:0.42,0.46,0.35 p6/30:0.41,0.45,0.38 p8/40:0.31,0.28,0.23 p10/50:0.24,0.21,0.23 p12/60:0.34,0.30,0.01 p16/80:0.16,0.07,0.00
t=4096 [115s] p2/10:0.50,0.49,0.49 p3/15:0.51,0.49,0.52 p4/20:0.50,0.52,0.51 p5/25:0.48,0.51,0.49 p6/30:0.48,0.49,0.47 p8/40:0.50,0.50,0.49 p10/50:0.49,0.49,0.50 p12/60:0.47,0.41,0.49 p16/80:0.51,0.43,0.47
t=8192 [124s] p2/10:0.50,0.48,0.50 p3/15:0.50,0.50,0.50 p4/20:0.50,0.52,0.47 p5/25:0.47,0.50,0.46 p6/30:0.47,0.48,0.45 p8/40:0.48,0.55,0.43 p10/50:0.50,0.48,0.42 p12/60:0.43,0.39,0.53 p16/80:0.33,0.29,0.47
t=16384 [133s] p2/10:0.49,0.49,0.50 p3/15:0.51,0.50,0.52 p4/20:0.51,0.52,0.50 p5/25:0.49,0.51,0.50 p6/30:0.48,0.46,0.47 p8/40:0.48,0.50,0.49 p10/50:0.49,0.48,0.47 p12/60:0.46,0.39,0.48 p16/80:0.51,0.46,0.46
t=32768 [142s] p2/10:0.49,0.49,0.48 p3/15:0.48,0.49,0.45 p4/20:0.48,0.50,0.43 p5/25:0.46,0.47,0.44 p6/30:0.46,0.47,0.36 p8/40:0.31,0.28,0.28 p10/50:0.27,0.33,0.10 p12/60:0.45,0.23,0.31 p16/80:0.11,0.18,0.00
t=65536 [151s] p2/10:0.50,0.49,0.49 p3/15:0.50,0.49,0.50 p4/20:0.51,0.53,0.51 p5/25:0.49,0.52,0.50 p6/30:0.51,0.53,0.48 p8/40:0.48,0.59,0.46 p10/50:0.53,0.49,0.49 p12/60:0.46,0.47,0.49 p16/80:0.57,0.46,0.52
t=131072 [160s] p2/10:0.49,0.48,0.47 p3/15:0.48,0.49,0.44 p4/20:0.48,0.48,0.45 p5/25:0.45,0.45,0.39 p6/30:0.47,0.50,0.39 p8/40:0.48,0.48,0.35 p10/50:0.44,0.39,0.31 p12/60:0.31,0.43,0.27 p16/80:0.21,0.00,0.11
t=262144 [169s] p2/10:0.50,0.50,0.49 p3/15:0.50,0.49,0.49 p4/20:0.50,0.53,0.48 p5/25:0.48,0.51,0.46 p6/30:0.49,0.50,0.41 p8/40:0.47,0.43,0.33 p10/50:0.44,0.46,0.39 p12/60:0.33,0.39,0.38 p16/80:0.29,0.24,0.13
t=524288 [177s] p2/10:0.50,0.51,0.49 p3/15:0.50,0.51,0.48 p4/20:0.51,0.50,0.49 p5/25:0.49,0.50,0.45 p6/30:0.50,0.46,0.44 p8/40:0.48,0.55,0.41 p10/50:0.48,0.47,0.39 p12/60:0.40,0.49,0.40 p16/80:0.45,0.26,0.23
t=1048576 [186s] p2/10:0.50,0.50,0.52 p3/15:0.51,0.51,0.54 p4/20:0.51,0.57,0.55 p5/25:0.50,0.59,0.55 p6/30:0.53,0.62,0.55 p8/40:0.50,0.57,0.57 p10/50:0.49,0.53,0.53 p12/60:0.59,0.56,0.65 p16/80:0.40,0.19,0.44
