B_4f_450 configs 18 columns 2628
t=0 [1s] p1/10:0.21,0.22,0.23 p2/16:0.00,0.00,0.00 p3/24:0.00,0.00,0.00 p4/32:0.00,0.00,0.00 p5/40:0.00,0.00,0.00 p6/48:0.00,0.00,0.00 p8/64:0.00,0.00,0.00 p10/79:0.00,0.00,0.00 p12/95:0.00,0.00,0.00
t=1 [11s] p1/10:0.22,0.24,0.24 p2/16:0.00,0.00,0.00 p3/24:0.00,0.00,0.00 p4/32:0.00,0.00,0.00 p5/40:0.00,0.00,0.00 p6/48:0.00,0.00,0.00 p8/64:0.00,0.00,0.00 p10/79:0.00,0.00,0.00 p12/95:0.00,0.00,0.00
t=2 [20s] p1/10:0.22,0.25,0.24 p2/16:0.00,0.00,0.00 p3/24:0.00,0.00,0.00 p4/32:0.00,0.00,0.00 p5/40:0.00,0.00,0.00 p6/48:0.00,0.00,0.00 p8/64:0.00,0.00,0.00 p10/79:0.00,0.00,0.00 p12/95:0.00,0.00,0.00
t=4 [42s] p1/10:0.23,0.25,0.24 p2/16:0.00,0.00,0.00 p3/24:0.00,0.00,0.00 p4/32:0.00,0.00,0.00 p5/40:0.00,0.00,0.00 p6/48:0.00,0.00,0.00 p8/64:0.00,0.00,0.00 p10/79:0.00,0.00,0.00 p12/95:0.00,0.00,0.00
t=8 [64s] p1/10:0.23,0.25,0.24 p2/16:0.00,0.00,0.00 p3/24:0.00,0.00,0.00 p4/32:0.00,0.00,0.00 p5/40:0.00,0.00,0.00 p6/48:0.00,0.00,0.00 p8/64:0.00,0.00,0.00 p10/79:0.00,0.00,0.00 p12/95:0.00,0.00,0.00
t=16 [85s] p1/10:0.25,0.25,0.25 p2/16:0.00,0.00,0.00 p3/24:0.00,0.00,0.00 p4/32:0.00,0.00,0.00 p5/40:0.00,0.00,0.00 p6/48:0.00,0.00,0.00 p8/64:0.00,0.00,0.00 p10/79:0.00,0.00,0.00 p12/95:0.00,0.00,0.00
t=32 [107s] p1/10:0.26,0.25,0.25 p2/16:0.00,0.00,0.00 p3/24:0.00,0.00,0.00 p4/32:0.00,0.00,0.00 p5/40:0.00,0.00,0.00 p6/48:0.00,0.00,0.00 p8/64:0.00,0.00,0.00 p10/79:0.00,0.00,0.00 p12/95:0.00,0.00,0.00
t=64 [129s] p1/10:0.28,0.30,0.26 p2/16:0.02,0.00,0.00 p3/24:0.00,0.00,0.00 p4/32:0.00,0.00,0.00 p5/40:0.00,0.00,0.00 p6/48:0.00,0.00,0.00 p8/64:0.00,0.00,0.00 p10/79:0.00,0.00,0.00 p12/95:0.00,0.00,0.00
t=128 [150s] p1/10:0.40,0.57,0.38 p2/16:0.16,0.26,0.16 p3/24:0.00,0.00,0.00 p4/32:0.00,0.00,0.00 p5/40:0.00,0.00,0.00 p6/48:0.00,0.00,0.00 p8/64:0.00,0.00,0.00 p10/79:0.00,0.00,0.00 p12/95:0.00,0.00,0.00
t=256 [173s] p1/10:0.48,0.55,0.47 p2/16:0.39,0.56,0.38 p3/24:0.15,0.17,0.09 p4/32:0.02,0.00,0.00 p5/40:0.00,0.00,0.00 p6/48:0.07,0.00,0.00 p8/64:0.10,0.00,0.00 p10/79:0.17,0.00,0.00 p12/95:0.23,0.00,0.00
t=512 [197s] p1/10:0.48,0.51,0.48 p2/16:0.45,0.53,0.43 p3/24:0.37,0.41,0.26 p4/32:0.28,0.11,0.07 p5/40:0.20,0.01,0.00 p6/48:0.21,0.00,0.00 p8/64:0.21,0.19,0.00 p10/79:0.27,0.24,0.00 p12/95:0.35,0.42,0.24
t=1024 [221s] p1/10:0.50,0.49,0.49 p2/16:0.48,0.48,0.46 p3/24:0.47,0.45,0.44 p4/32:0.48,0.47,0.44 p5/40:0.47,0.46,0.29 p6/48:0.49,0.49,0.31 p8/64:0.49,0.43,0.32 p10/79:0.35,0.44,0.49 p12/95:0.43,0.42,0.20
t=2048 [245s] p1/10:0.50,0.51,0.50 p2/16:0.49,0.50,0.49 p3/24:0.52,0.48,0.51 p4/32:0.50,0.48,0.48 p5/40:0.49,0.55,0.49 p6/48:0.51,0.47,0.50 p8/64:0.47,0.46,0.48 p10/79:0.44,0.44,0.45 p12/95:0.54,0.42,0.49
t=4096 [267s] p1/10:0.49,0.50,0.50 p2/16:0.50,0.52,0.51 p3/24:0.51,0.49,0.50 p4/32:0.51,0.50,0.53 p5/40:0.51,0.57,0.54 p6/48:0.52,0.50,0.49 p8/64:0.46,0.42,0.49 p10/79:0.42,0.44,0.49 p12/95:0.31,0.42,0.19
t=8192 [289s] p1/10:0.49,0.50,0.50 p2/16:0.49,0.51,0.49 p3/24:0.51,0.48,0.51 p4/32:0.50,0.46,0.47 p5/40:0.51,0.51,0.50 p6/48:0.52,0.42,0.50 p8/64:0.52,0.48,0.52 p10/79:0.45,0.44,0.44 p12/95:0.53,0.42,0.53
t=16384 [311s] p1/10:0.49,0.50,0.47 p2/16:0.46,0.51,0.43 p3/24:0.43,0.41,0.29 p4/32:0.48,0.31,0.32 p5/40:0.33,0.21,0.10 p6/48:0.46,0.26,0.21 p8/64:0.47,0.40,0.33 p10/79:0.31,0.32,0.25 p12/95:0.36,0.32,0.19
t=32768 [334s] p1/10:0.50,0.51,0.50 p2/16:0.48,0.51,0.48 p3/24:0.49,0.50,0.47 p4/32:0.49,0.52,0.49 p5/40:0.50,0.50,0.41 p6/48:0.48,0.48,0.43 p8/64:0.49,0.44,0.36 p10/79:0.45,0.44,0.48 p12/95:0.54,0.42,0.49
t=65536 [356s] p1/10:0.49,0.52,0.50 p2/16:0.49,0.50,0.48 p3/24:0.49,0.48,0.52 p4/32:0.51,0.49,0.48 p5/40:0.51,0.50,0.50 p6/48:0.52,0.45,0.55 p8/64:0.51,0.49,0.56 p10/79:0.43,0.44,0.44 p12/95:0.52,0.42,0.50
t=131072 [379s] p1/10:0.49,0.50,0.49 p2/16:0.48,0.52,0.47 p3/24:0.45,0.47,0.41 p4/32:0.38,0.41,0.34 p5/40:0.34,0.37,0.26 p6/48:0.27,0.28,0.24 p8/64:0.22,0.17,0.21 p10/79:0.08,0.00,0.07 p12/95:0.30,0.15,0.30
t=262144 [401s] p1/10:0.49,0.51,0.49 p2/16:0.48,0.49,0.47 p3/24:0.49,0.48,0.49 p4/32:0.45,0.45,0.38 p5/40:0.42,0.47,0.39 p6/48:0.39,0.36,0.35 p8/64:0.28,0.26,0.27 p10/79:0.31,0.32,0.27 p12/95:0.30,0.17,0.29
t=524288 [423s] p1/10:0.49,0.48,0.48 p2/16:0.47,0.45,0.45 p3/24:0.46,0.43,0.48 p4/32:0.47,0.44,0.48 p5/40:0.48,0.51,0.38 p6/48:0.46,0.49,0.41 p8/64:0.37,0.34,0.34 p10/79:0.41,0.26,0.43 p12/95:0.38,0.25,0.59
t=1048576 [445s] p1/10:0.48,0.50,0.49 p2/16:0.45,0.48,0.45 p3/24:0.42,0.41,0.41 p4/32:0.38,0.36,0.32 p5/40:0.35,0.30,0.28 p6/48:0.39,0.25,0.31 p8/64:0.29,0.28,0.23 p10/79:0.27,0.15,0.26 p12/95:0.33,0.17,0.29
