B_4f configs 18 columns 2628
t=0 [1s] p1/10:0.21,0.22,0.23 p2/16:0.00,0.00,0.00 p3/24:0.00,0.00,0.00 p4/32:0.00,0.00,0.00 p5/40:0.00,0.00,0.00 p6/48:0.00,0.00,0.00 p8/64:0.00,0.00,0.00 p10/79:0.00,0.00,0.00 p12/95:0.00,0.00,0.00
t=1 [10s] p1/10:0.26,0.28,0.25 p2/16:0.02,0.00,0.00 p3/24:0.00,0.00,0.00 p4/32:0.00,0.00,0.00 p5/40:0.00,0.00,0.00 p6/48:0.00,0.00,0.00 p8/64:0.00,0.00,0.00 p10/79:0.00,0.00,0.00 p12/95:0.00,0.00,0.00
t=2 [19s] p1/10:0.26,0.29,0.25 p2/16:0.02,0.00,0.00 p3/24:0.00,0.00,0.00 p4/32:0.00,0.00,0.00 p5/40:0.00,0.00,0.00 p6/48:0.00,0.00,0.00 p8/64:0.00,0.00,0.00 p10/79:0.00,0.00,0.00 p12/95:0.00,0.00,0.00
t=4 [40s] p1/10:0.27,0.30,0.25 p2/16:0.02,0.00,0.00 p3/24:0.00,0.00,0.00 p4/32:0.00,0.00,0.00 p5/40:0.00,0.00,0.00 p6/48:0.00,0.00,0.00 p8/64:0.00,0.00,0.00 p10/79:0.00,0.00,0.00 p12/95:0.00,0.00,0.00
t=8 [61s] p1/10:0.27,0.30,0.26 p2/16:0.02,0.00,0.00 p3/24:0.00,0.00,0.00 p4/32:0.00,0.00,0.00 p5/40:0.00,0.00,0.00 p6/48:0.00,0.00,0.00 p8/64:0.00,0.00,0.00 p10/79:0.00,0.00,0.00 p12/95:0.00,0.00,0.00
t=16 [82s] p1/10:0.28,0.30,0.26 p2/16:0.03,0.00,0.00 p3/24:0.00,0.00,0.00 p4/32:0.00,0.00,0.00 p5/40:0.00,0.00,0.00 p6/48:0.00,0.00,0.00 p8/64:0.00,0.00,0.00 p10/79:0.00,0.00,0.00 p12/95:0.00,0.00,0.00
t=32 [102s] p1/10:0.29,0.31,0.27 p2/16:0.03,0.01,0.00 p3/24:0.00,0.00,0.00 p4/32:0.00,0.00,0.00 p5/40:0.00,0.00,0.00 p6/48:0.00,0.00,0.00 p8/64:0.00,0.00,0.00 p10/79:0.00,0.00,0.00 p12/95:0.00,0.00,0.00
t=64 [122s] p1/10:0.32,0.32,0.30 p2/16:0.08,0.06,0.05 p3/24:0.00,0.00,0.00 p4/32:0.00,0.00,0.00 p5/40:0.00,0.00,0.00 p6/48:0.00,0.00,0.00 p8/64:0.00,0.00,0.00 p10/79:0.00,0.00,0.00 p12/95:0.00,0.00,0.00
t=128 [142s] p1/10:0.42,0.54,0.40 p2/16:0.28,0.37,0.23 p3/24:0.06,0.06,0.03 p4/32:0.00,0.00,0.00 p5/40:0.00,0.00,0.00 p6/48:0.00,0.00,0.00 p8/64:0.00,0.00,0.00 p10/79:0.00,0.00,0.00 p12/95:0.00,0.00,0.00
t=256 [159s] p1/10:0.49,0.54,0.49 p2/16:0.44,0.63,0.43 p3/24:0.28,0.35,0.21 p4/32:0.06,0.05,0.04 p5/40:0.00,0.00,0.00 p6/48:0.00,0.00,0.00 p8/64:0.00,0.00,0.00 p10/79:0.00,0.00,0.00 p12/95:0.23,0.00,0.00
t=512 [177s] p1/10:0.49,0.52,0.50 p2/16:0.47,0.54,0.46 p3/24:0.42,0.54,0.38 p4/32:0.32,0.35,0.21 p5/40:0.22,0.09,0.03 p6/48:0.17,0.03,0.00 p8/64:0.13,0.00,0.00 p10/79:0.20,0.00,0.00 p12/95:0.31,0.22,0.00
t=1024 [195s] p1/10:0.49,0.50,0.48 p2/16:0.46,0.50,0.45 p3/24:0.47,0.47,0.38 p4/32:0.47,0.43,0.35 p5/40:0.48,0.49,0.36 p6/48:0.47,0.43,0.32 p8/64:0.43,0.44,0.25 p10/79:0.31,0.44,0.52 p12/95:0.25,0.32,0.19
t=2048 [212s] p1/10:0.50,0.51,0.50 p2/16:0.49,0.51,0.50 p3/24:0.50,0.49,0.52 p4/32:0.50,0.48,0.50 p5/40:0.49,0.55,0.48 p6/48:0.52,0.46,0.50 p8/64:0.50,0.46,0.51 p10/79:0.47,0.44,0.45 p12/95:0.54,0.42,0.49
t=4096 [229s] p1/10:0.50,0.50,0.50 p2/16:0.50,0.52,0.49 p3/24:0.50,0.51,0.52 p4/32:0.53,0.48,0.50 p5/40:0.51,0.57,0.50 p6/48:0.52,0.51,0.49 p8/64:0.47,0.46,0.52 p10/79:0.42,0.44,0.49 p12/95:0.29,0.32,0.25
t=8192 [245s] p1/10:0.49,0.51,0.49 p2/16:0.49,0.48,0.50 p3/24:0.50,0.50,0.50 p4/32:0.49,0.49,0.50 p5/40:0.52,0.51,0.50 p6/48:0.51,0.41,0.51 p8/64:0.53,0.50,0.53 p10/79:0.48,0.44,0.44 p12/95:0.52,0.42,0.55
t=16384 [261s] p1/10:0.49,0.50,0.48 p2/16:0.47,0.50,0.46 p3/24:0.47,0.48,0.43 p4/32:0.47,0.46,0.39 p5/40:0.50,0.46,0.40 p6/48:0.49,0.43,0.39 p8/64:0.42,0.37,0.33 p10/79:0.31,0.32,0.25 p12/95:0.28,0.32,0.21
t=32768 [277s] p1/10:0.50,0.50,0.50 p2/16:0.50,0.49,0.51 p3/24:0.51,0.52,0.51 p4/32:0.51,0.48,0.50 p5/40:0.50,0.55,0.49 p6/48:0.52,0.45,0.49 p8/64:0.47,0.48,0.51 p10/79:0.54,0.44,0.48 p12/95:0.60,0.42,0.51
t=65536 [292s] p1/10:0.50,0.50,0.49 p2/16:0.48,0.50,0.49 p3/24:0.48,0.45,0.46 p4/32:0.45,0.45,0.39 p5/40:0.47,0.49,0.43 p6/48:0.41,0.33,0.37 p8/64:0.44,0.32,0.43 p10/79:0.29,0.42,0.21 p12/95:0.26,0.26,0.27
t=131072 [308s] p1/10:0.49,0.50,0.50 p2/16:0.48,0.52,0.46 p3/24:0.48,0.47,0.45 p4/32:0.49,0.44,0.40 p5/40:0.45,0.39,0.36 p6/48:0.39,0.36,0.26 p8/64:0.32,0.30,0.30 p10/79:0.40,0.43,0.41 p12/95:0.38,0.33,0.31
t=262144 [323s] p1/10:0.49,0.51,0.49 p2/16:0.48,0.50,0.47 p3/24:0.43,0.47,0.42 p4/32:0.44,0.41,0.40 p5/40:0.34,0.40,0.30 p6/48:0.36,0.43,0.29 p8/64:0.17,0.14,0.14 p10/79:0.28,0.24,0.30 p12/95:0.24,0.14,0.23
t=524288 [341s] p1/10:0.49,0.51,0.48 p2/16:0.47,0.48,0.47 p3/24:0.47,0.47,0.47 p4/32:0.48,0.42,0.44 p5/40:0.50,0.53,0.54 p6/48:0.41,0.43,0.39 p8/64:0.41,0.43,0.41 p10/79:0.53,0.57,0.49 p12/95:0.72,0.47,0.61
t=1048576 [358s] p1/10:0.50,0.51,0.50 p2/16:0.50,0.50,0.50 p3/24:0.50,0.48,0.51 p4/32:0.54,0.48,0.51 p5/40:0.50,0.52,0.43 p6/48:0.55,0.53,0.49 p8/64:0.49,0.57,0.40 p10/79:0.38,0.44,0.40 p12/95:0.60,0.65,0.52
