A_img configs 16 columns 2336
t=0 [1s] p1/6:0.21,0.22,0.22 p2/10:0.00,0.00,0.00 p3/15:0.00,0.00,0.00 p4/20:0.00,0.00,0.00 p5/25:0.00,0.00,0.00 p6/30:0.00,0.00,0.00 p8/40:0.00,0.00,0.00 p10/50:0.00,0.00,0.00
t=1 [10s] p1/6:0.29,0.30,0.28 p2/10:0.04,0.02,0.01 p3/15:0.00,0.00,0.00 p4/20:0.00,0.00,0.00 p5/25:0.00,0.00,0.00 p6/30:0.00,0.00,0.00 p8/40:0.00,0.00,0.00 p10/50:0.00,0.00,0.00
t=2 [20s] p1/6:0.30,0.30,0.28 p2/10:0.05,0.03,0.02 p3/15:0.00,0.00,0.00 p4/20:0.00,0.00,0.00 p5/25:0.00,0.00,0.00 p6/30:0.00,0.00,0.00 p8/40:0.00,0.00,0.00 p10/50:0.00,0.00,0.00
t=4 [40s] p1/6:0.30,0.30,0.29 p2/10:0.05,0.03,0.02 p3/15:0.00,0.00,0.00 p4/20:0.00,0.00,0.00 p5/25:0.00,0.00,0.00 p6/30:0.00,0.00,0.00 p8/40:0.00,0.00,0.00 p10/50:0.00,0.00,0.00
t=8 [59s] p1/6:0.31,0.31,0.29 p2/10:0.06,0.04,0.03 p3/15:0.01,0.00,0.00 p4/20:0.00,0.00,0.00 p5/25:0.00,0.00,0.00 p6/30:0.00,0.00,0.00 p8/40:0.00,0.00,0.00 p10/50:0.00,0.00,0.00
t=16 [89s] p1/6:0.31,0.31,0.29 p2/10:0.06,0.05,0.04 p3/15:0.01,0.00,0.00 p4/20:0.00,0.00,0.00 p5/25:0.00,0.00,0.00 p6/30:0.00,0.00,0.00 p8/40:0.00,0.00,0.00 p10/50:0.00,0.00,0.00
t=32 [121s] p1/6:0.31,0.31,0.30 p2/10:0.07,0.05,0.05 p3/15:0.01,0.00,0.00 p4/20:0.00,0.00,0.00 p5/25:0.00,0.00,0.00 p6/30:0.00,0.00,0.00 p8/40:0.00,0.00,0.00 p10/50:0.00,0.00,0.00
t=64 [152s] p1/6:0.32,0.31,0.30 p2/10:0.09,0.07,0.07 p3/15:0.01,0.00,0.00 p4/20:0.00,0.00,0.00 p5/25:0.00,0.00,0.00 p6/30:0.00,0.00,0.00 p8/40:0.00,0.00,0.00 p10/50:0.00,0.00,0.00
t=128 [177s] p1/6:0.34,0.32,0.32 p2/10:0.12,0.12,0.10 p3/15:0.02,0.00,0.00 p4/20:0.00,0.00,0.00 p5/25:0.00,0.00,0.00 p6/30:0.00,0.00,0.00 p8/40:0.00,0.00,0.00 p10/50:0.00,0.00,0.00
t=256 [198s] p1/6:0.41,0.45,0.39 p2/10:0.25,0.33,0.24 p3/15:0.07,0.07,0.05 p4/20:0.00,0.00,0.00 p5/25:0.00,0.00,0.00 p6/30:0.00,0.00,0.00 p8/40:0.00,0.00,0.00 p10/50:0.00,0.00,0.00
t=512 [220s] p1/6:0.52,0.59,0.50 p2/10:0.48,0.69,0.47 p3/15:0.31,0.47,0.30 p4/20:0.11,0.19,0.09 p5/25:0.04,0.00,0.00 p6/30:0.00,0.00,0.00 p8/40:0.00,0.00,0.00 p10/50:0.00,0.00,0.00
t=1024 [242s] p1/6:0.49,0.49,0.48 p2/10:0.48,0.52,0.47 p3/15:0.44,0.56,0.41 p4/20:0.36,0.50,0.34 p5/25:0.30,0.39,0.21 p6/30:0.13,0.16,0.04 p8/40:0.00,0.00,0.00 p10/50:0.21,0.00,0.00
t=2048 [259s] p1/6:0.49,0.51,0.49 p2/10:0.48,0.54,0.47 p3/15:0.49,0.53,0.48 p4/20:0.43,0.54,0.41 p5/25:0.42,0.52,0.36 p6/30:0.42,0.51,0.34 p8/40:0.37,0.26,0.24 p10/50:0.35,0.38,0.36
t=4096 [277s] p1/6:0.50,0.50,0.49 p2/10:0.50,0.49,0.52 p3/15:0.48,0.47,0.47 p4/20:0.49,0.52,0.52 p5/25:0.47,0.54,0.50 p6/30:0.49,0.54,0.50 p8/40:0.44,0.42,0.44 p10/50:0.45,0.43,0.50
t=8192 [296s] p1/6:0.50,0.50,0.50 p2/10:0.50,0.52,0.52 p3/15:0.49,0.47,0.47 p4/20:0.48,0.46,0.48 p5/25:0.46,0.52,0.49 p6/30:0.48,0.50,0.49 p8/40:0.44,0.42,0.44 p10/50:0.49,0.43,0.39
t=16384 [315s] p1/6:0.50,0.49,0.50 p2/10:0.50,0.49,0.51 p3/15:0.48,0.50,0.47 p4/20:0.49,0.52,0.53 p5/25:0.49,0.54,0.47 p6/30:0.49,0.59,0.51 p8/40:0.46,0.42,0.44 p10/50:0.47,0.43,0.48
t=32768 [334s] p1/6:0.50,0.50,0.48 p2/10:0.47,0.50,0.46 p3/15:0.46,0.46,0.45 p4/20:0.41,0.50,0.39 p5/25:0.45,0.47,0.41 p6/30:0.47,0.38,0.29 p8/40:0.35,0.21,0.22 p10/50:0.40,0.26,0.08
t=65536 [350s] p1/6:0.50,0.50,0.50 p2/10:0.51,0.50,0.52 p3/15:0.49,0.46,0.49 p4/20:0.53,0.47,0.52 p5/25:0.48,0.47,0.48 p6/30:0.49,0.53,0.47 p8/40:0.51,0.42,0.44 p10/50:0.55,0.43,0.48
t=131072 [367s] p1/6:0.49,0.49,0.48 p2/10:0.48,0.45,0.46 p3/15:0.50,0.45,0.43 p4/20:0.40,0.46,0.39 p5/25:0.36,0.42,0.34 p6/30:0.44,0.37,0.46 p8/40:0.32,0.40,0.20 p10/50:0.25,0.24,0.10
t=262144 [384s] p1/6:0.50,0.51,0.50 p2/10:0.52,0.51,0.51 p3/15:0.49,0.51,0.48 p4/20:0.50,0.51,0.48 p5/25:0.47,0.46,0.44 p6/30:0.45,0.42,0.39 p8/40:0.51,0.39,0.41 p10/50:0.41,0.39,0.24
t=524288 [402s] p1/6:0.49,0.51,0.49 p2/10:0.49,0.54,0.50 p3/15:0.46,0.56,0.46 p4/20:0.46,0.54,0.44 p5/25:0.42,0.53,0.40 p6/30:0.37,0.46,0.33 p8/40:0.34,0.51,0.31 p10/50:0.25,0.10,0.28
t=1048576 [419s] p1/6:0.51,0.50,0.52 p2/10:0.53,0.49,0.54 p3/15:0.56,0.49,0.59 p4/20:0.59,0.57,0.63 p5/25:0.59,0.66,0.63 p6/30:0.61,0.73,0.60 p8/40:0.67,0.39,0.69 p10/50:0.65,0.51,0.48
