Apre_lin K=1 uniform: 3200 steps in 13 s, max |E|² 5.773
Apre_lin K=1 bits: 3200 steps in 12 s, max |E|² 9.552
Apre_sat K=1 uniform: 3200 steps in 13 s, max |E|² 4.841
Apre_sat K=1 bits: 3200 steps in 12 s, max |E|² 8.351
Apre_sat2 K=1 uniform: 3200 steps in 13 s, max |E|² 14.001
Apre_sat2 K=1 bits: 3200 steps in 14 s, max |E|² 19.763
Apre_kerr K=1 uniform: 3200 steps in 14 s, max |E|² 4.476
Apre_kerr K=1 bits: 3200 steps in 12 s, max |E|² 6.757
Aimg_lin K=1 uniform: 3200 steps in 12 s, max |E|² 3.345
Aimg_lin K=1 bits: 3200 steps in 12 s, max |E|² 3.528
Aimg_sat K=1 uniform: 3200 steps in 12 s, max |E|² 1.760
Aimg_sat K=1 bits: 3200 steps in 12 s, max |E|² 3.241
B_sat K=1 uniform: 3200 steps in 20 s, max |E|² 7.216
B_sat K=1 bits: 3200 steps in 20 s, max |E|² 9.032
C_sat K=1 uniform: 3200 steps in 21 s, max |E|² 6.285
C_sat K=1 bits: 3200 steps in 19 s, max |E|² 8.254
Apre_lin K=10 uniform: 3200 steps in 101 s, max |E|² 2.626
Apre_lin K=10 bits: 3200 steps in 102 s, max |E|² 3.187
Apre_sat K=10 uniform: 3200 steps in 118 s, max |E|² 0.660
Apre_sat K=10 bits: 3200 steps in 111 s, max |E|² 0.870
Apre_sat2 K=10 uniform: 3200 steps in 105 s, max |E|² 9.345
