amp cell 3 gap 2 G0 3 s -0.6 Ia 0.05 dark 0: BER@3000 0.438/0.500/0.375 onMean 2.67/2.67/2.81 offMax 3.243/3.243/3.243 λL NaN/NaN/NaN resid NaN/NaN/NaN [114s]
amp cell 3 gap 2 G0 3 s -0.8 Ia 0.2 dark 0: BER@3000 0.125/0.125/0.063 onMean 1.92/1.86/2.05 offMax 2.438/2.447/2.615 λL NaN/NaN/NaN resid NaN/NaN/NaN [111s]
amp cell 3 gap 2 G0 4 s -0.6 Ia 0.05 dark 0: BER@3000 0.438/0.500/0.375 onMean 4.86/4.84/5.07 offMax 5.757/5.757/5.757 λL NaN/NaN/NaN resid NaN/NaN/NaN [114s]
amp cell 3 gap 2 G0 4 s -0.8 Ia 0.2 dark 0: BER@3000 0.438/0.500/0.375 onMean 4.40/4.39/4.60 offMax 5.258/5.258/5.258 λL NaN/NaN/NaN resid NaN/NaN/NaN [119s]
amp cell 3 gap 2 G0 5 s -0.6 Ia 0.05 dark 0: BER@3000 0.438/0.500/0.375 onMean 7.05/7.03/7.34 offMax 8.284/8.284/8.284 λL NaN/NaN/NaN resid NaN/NaN/NaN [116s]
amp cell 3 gap 2 G0 5 s -0.8 Ia 0.2 dark 0: BER@3000 0.438/0.500/0.375 onMean 6.64/6.63/6.93 offMax 7.834/7.834/7.834 λL NaN/NaN/NaN resid NaN/NaN/NaN [114s]
amp cell 3 gap 2 G0 6 s -0.6 Ia 0.05 dark 0: BER@3000 0.438/0.500/0.375 onMean 9.25/9.23/9.62 offMax 10.817/10.817/10.817 λL NaN/NaN/NaN resid NaN/NaN/NaN [119s]
amp cell 3 gap 2 G0 6 s -0.8 Ia 0.2 dark 0: BER@3000 0.438/0.500/0.375 onMean 8.87/8.85/9.23 offMax 10.394/10.394/10.394 λL NaN/NaN/NaN resid NaN/NaN/NaN [113s]
amp cell 3 gap 3 G0 3 s -0.6 Ia 0.05 dark 0: BER@3000 0.667/0.556/0.222 onMean 2.32/2.25/2.28 offMax 2.635/2.635/2.635 λL NaN/NaN/NaN resid NaN/NaN/NaN [107s]
amp cell 3 gap 3 G0 3 s -0.8 Ia 0.2 dark 0: BER@3000 0.000/0.000/0.000 onMean 1.61/1.51/1.62 offMax 0.006/0.004/0.005 λL -3.0e-3/-2.1e-3/-1.6e-3 resid 2.0e+0/2.0e+0/2.0e+0 [138s]
amp cell 3 gap 3 G0 4 s -0.6 Ia 0.05 dark 0: BER@3000 0.667/0.556/0.222 onMean 4.30/4.18/4.23 offMax 4.804/4.804/4.804 λL NaN/NaN/NaN resid NaN/NaN/NaN [117s]
amp cell 3 gap 3 G0 4 s -0.8 Ia 0.2 dark 0: BER@3000 0.333/0.000/0.000 onMean 3.78/3.63/3.77 offMax 4.141/0.014/0.017 λL NaN/-1.1e-4/-1.3e-3 resid NaN/2.0e+0/2.0e+0 [136s]
amp cell 3 gap 3 G0 5 s -0.6 Ia 0.05 dark 0: BER@3000 0.667/0.556/0.222 onMean 6.28/6.11/6.18 offMax 6.964/6.964/6.964 λL NaN/NaN/NaN resid NaN/NaN/NaN [146s]
amp cell 3 gap 3 G0 5 s -0.8 Ia 0.2 dark 0: BER@3000 0.667/0.556/0.222 onMean 5.91/5.74/5.81 offMax 6.574/6.574/6.574 λL NaN/NaN/NaN resid NaN/NaN/NaN [177s]
amp cell 3 gap 3 G0 6 s -0.6 Ia 0.05 dark 0: BER@3000 0.667/0.556/0.222 onMean 8.25/8.04/8.13 offMax 9.123/9.123/9.123 λL NaN/NaN/NaN resid NaN/NaN/NaN [222s]
amp cell 3 gap 3 G0 6 s -0.8 Ia 0.2 dark 0: BER@3000 0.667/0.556/0.222 onMean 7.91/7.70/7.79 offMax 8.759/8.759/8.759 λL NaN/NaN/NaN resid NaN/NaN/NaN [148s]
amp cell 3 gap 4 G0 3 s -0.6 Ia 0.05 dark 0: BER@3000 0.667/0.556/0.222 onMean 2.19/2.05/2.11 offMax 2.600/2.597/2.606 λL NaN/NaN/NaN resid NaN/NaN/NaN [176s]
amp cell 3 gap 4 G0 3 s -0.8 Ia 0.2 dark 0: BER@3000 0.000/0.000/0.000 onMean 1.47/1.36/1.42 offMax 0.003/0.003/0.005 λL 1.1e-5/-1.3e-3/-4.4e-4 resid 2.0e+0/2.0e+0/2.0e+0 [218s]
amp cell 3 gap 4 G0 4 s -0.6 Ia 0.05 dark 0: BER@3000 0.667/0.556/0.222 onMean 4.11/3.90/4.00 offMax 4.743/4.736/4.750 λL NaN/NaN/NaN resid NaN/NaN/NaN [162s]
amp cell 3 gap 4 G0 4 s -0.8 Ia 0.2 dark 0: BER@3000 0.222/0.111/0.222 onMean 3.61/3.43/3.57 offMax 4.226/4.150/4.304 λL NaN/NaN/NaN resid NaN/NaN/NaN [153s]
amp cell 3 gap 4 G0 5 s -0.6 Ia 0.05 dark 0: BER@3000 0.667/0.556/0.222 onMean 6.05/5.75/5.88 offMax 6.881/6.880/6.899 λL NaN/NaN/NaN resid NaN/NaN/NaN [162s]
amp cell 3 gap 4 G0 5 s -0.8 Ia 0.2 dark 0: BER@3000 0.667/0.556/0.222 onMean 5.67/5.39/5.51 offMax 6.486/6.485/6.504 λL NaN/NaN/NaN resid NaN/NaN/NaN [159s]
amp cell 3 gap 4 G0 6 s -0.6 Ia 0.05 dark 0: BER@3000 0.667/0.556/0.222 onMean 7.98/7.61/7.77 offMax 9.024/9.028/9.052 λL NaN/NaN/NaN resid NaN/NaN/NaN [150s]
amp cell 3 gap 4 G0 6 s -0.8 Ia 0.2 dark 0: BER@3000 0.667/0.556/0.222 onMean 7.63/7.27/7.43 offMax 8.672/8.659/8.683 λL NaN/NaN/NaN resid NaN/NaN/NaN [149s]
amp cell 4 gap 2 G0 3 s -0.6 Ia 0.05 dark 0: BER@3000 0.667/0.556/0.222 onMean 3.14/3.04/3.06 offMax 3.112/3.333/3.292 λL NaN/NaN/NaN resid NaN/NaN/NaN [143s]
amp cell 4 gap 2 G0 3 s -0.8 Ia 0.2 dark 0: BER@3000 0.000/0.000/0.000 onMean 2.25/2.24/2.32 offMax 0.005/0.003/0.010 λL -1.1e-4/-1.3e-3/-1.3e-3 resid 2.0e+0/2.0e+0/2.0e+0 [178s]
amp cell 4 gap 2 G0 4 s -0.6 Ia 0.05 dark 0: BER@3000 0.667/0.556/0.222 onMean 5.53/5.44/5.46 offMax 5.652/5.877/5.718 λL NaN/NaN/NaN resid NaN/NaN/NaN [139s]
amp cell 4 gap 2 G0 4 s -0.8 Ia 0.2 dark 0: BER@3000 0.667/0.556/0.222 onMean 5.00/4.92/4.94 offMax 5.141/5.354/5.254 λL NaN/NaN/NaN resid NaN/NaN/NaN [133s]
amp cell 4 gap 2 G0 5 s -0.6 Ia 0.05 dark 0: BER@3000 0.667/0.556/0.222 onMean 7.97/7.82/7.86 offMax 7.917/8.429/8.143 λL NaN/NaN/NaN resid NaN/NaN/NaN [118s]
amp cell 4 gap 2 G0 5 s -0.8 Ia 0.2 dark 0: BER@3000 0.667/0.556/0.222 onMean 7.51/7.38/7.42 offMax 7.639/7.968/7.724 λL NaN/NaN/NaN resid NaN/NaN/NaN [113s]
amp cell 4 gap 2 G0 6 s -0.6 Ia 0.05 dark 0: BER@3000 0.667/0.556/0.222 onMean 10.38/10.19/10.27 offMax 10.349/10.978/10.572 λL NaN/NaN/NaN resid NaN/NaN/NaN [106s]
amp cell 4 gap 2 G0 6 s -0.8 Ia 0.2 dark 0: BER@3000 0.667/0.556/0.222 onMean 10.01/9.79/9.85 offMax 10.087/10.551/10.175 λL NaN/NaN/NaN resid NaN/NaN/NaN [95s]
amp cell 4 gap 3 G0 3 s -0.6 Ia 0.05 dark 0: BER@3000 0.667/0.556/0.222 onMean 2.84/2.82/2.83 offMax 3.001/2.995/2.996 λL NaN/NaN/NaN resid NaN/NaN/NaN [88s]
amp cell 4 gap 3 G0 3 s -0.8 Ia 0.2 dark 0: BER@3000 0.000/0.000/0.000 onMean 2.16/2.14/2.15 offMax 0.003/0.005/0.002 λL -2.3e-4/3.1e-4/-2.8e-5 resid 2.0e+0/2.0e+0/2.0e+0 [112s]
amp cell 4 gap 3 G0 4 s -0.6 Ia 0.05 dark 0: BER@3000 0.667/0.556/0.222 onMean 5.11/5.07/5.08 offMax 5.237/5.280/5.281 λL NaN/NaN/NaN resid NaN/NaN/NaN [88s]
amp cell 4 gap 3 G0 4 s -0.8 Ia 0.2 dark 0: BER@3000 0.000/0.111/0.222 onMean 4.57/4.56/4.60 offMax 0.010/4.748/4.814 λL 2.7e-4/NaN/NaN resid 2.0e+0/NaN/NaN [100s]
amp cell 4 gap 3 G0 5 s -0.6 Ia 0.05 dark 0: BER@3000 0.667/0.556/0.222 onMean 7.43/7.32/7.35 offMax 7.654/7.571/7.571 λL NaN/NaN/NaN resid NaN/NaN/NaN [83s]
amp cell 4 gap 3 G0 5 s -0.8 Ia 0.2 dark 0: BER@3000 0.667/0.556/0.222 onMean 6.98/6.90/6.93 offMax 7.251/7.158/7.260 λL NaN/NaN/NaN resid NaN/NaN/NaN [81s]
amp cell 4 gap 3 G0 6 s -0.6 Ia 0.05 dark 0: BER@3000 0.667/0.556/0.222 onMean 9.72/9.59/9.61 offMax 9.977/9.869/9.869 λL NaN/NaN/NaN resid NaN/NaN/NaN [81s]
amp cell 4 gap 3 G0 6 s -0.8 Ia 0.2 dark 0: BER@3000 0.667/0.556/0.222 onMean 9.26/9.19/9.26 offMax 9.481/9.480/9.643 λL NaN/NaN/NaN resid NaN/NaN/NaN [81s]
amp cell 4 gap 4 G0 3 s -0.6 Ia 0.05 dark 0: BER@3000 0.667/0.556/0.222 onMean 2.84/2.79/2.81 offMax 3.120/3.114/3.118 λL NaN/NaN/NaN resid NaN/NaN/NaN [82s]
amp cell 4 gap 4 G0 3 s -0.8 Ia 0.2 dark 0: BER@3000 0.000/0.000/0.000 onMean 2.09/2.07/2.13 offMax 0.002/0.001/0.003 λL -1.2e-3/-5.5e-4/-2.2e-3 resid 2.0e+0/2.0e+0/2.0e+0 [107s]
amp cell 4 gap 4 G0 4 s -0.6 Ia 0.05 dark 0: BER@3000 0.667/0.556/0.222 onMean 5.05/5.04/5.07 offMax 5.404/5.515/5.515 λL NaN/NaN/NaN resid NaN/NaN/NaN [85s]
amp cell 4 gap 4 G0 4 s -0.8 Ia 0.2 dark 0: BER@3000 0.000/0.000/0.000 onMean 4.48/4.42/4.52 offMax 0.008/0.005/0.011 λL -6.2e-4/-7.2e-4/-1.0e-3 resid 2.0e+0/2.0e+0/2.0e+0 [107s]
amp cell 4 gap 4 G0 5 s -0.6 Ia 0.05 dark 0: BER@3000 0.667/0.556/0.222 onMean 7.32/7.31/7.34 offMax 7.729/7.933/7.933 λL NaN/NaN/NaN resid NaN/NaN/NaN [80s]
amp cell 4 gap 4 G0 5 s -0.8 Ia 0.2 dark 0: BER@3000 0.667/0.556/0.222 onMean 6.96/6.86/6.90 offMax 7.489/7.488/7.489 λL NaN/NaN/NaN resid NaN/NaN/NaN [81s]
amp cell 4 gap 4 G0 6 s -0.6 Ia 0.05 dark 0: BER@3000 0.667/0.556/0.222 onMean 9.59/9.59/9.63 offMax 10.052/10.360/10.359 λL NaN/NaN/NaN resid NaN/NaN/NaN [74s]
amp cell 4 gap 4 G0 6 s -0.8 Ia 0.2 dark 0: BER@3000 0.667/0.556/0.222 onMean 9.27/9.18/9.22 offMax 9.823/9.943/9.943 λL NaN/NaN/NaN resid NaN/NaN/NaN [67s]
amp cell 5 gap 2 G0 3 s -0.6 Ia 0.05 dark 0: BER@3000 0.667/0.556/0.222 onMean 3.25/3.16/3.22 offMax 3.646/3.594/3.593 λL NaN/NaN/NaN resid NaN/NaN/NaN [67s]
amp cell 5 gap 2 G0 3 s -0.8 Ia 0.2 dark 0: BER@3000 0.000/0.000/0.000 onMean 2.39/2.40/2.49 offMax 0.012/0.006/0.013 λL -8.1e-5/-9.5e-5/-1.2e-3 resid 2.0e+0/2.0e+0/2.0e+0 [84s]
amp cell 5 gap 2 G0 4 s -0.6 Ia 0.05 dark 0: BER@3000 0.667/0.556/0.222 onMean 5.63/5.54/5.62 offMax 6.504/6.192/6.371 λL NaN/NaN/NaN resid NaN/NaN/NaN [67s]
amp cell 5 gap 2 G0 4 s -0.8 Ia 0.2 dark 0: BER@3000 0.667/0.556/0.222 onMean 5.21/5.09/5.10 offMax 5.677/5.759/5.639 λL NaN/NaN/NaN resid NaN/NaN/NaN [59s]
amp cell 5 gap 2 G0 5 s -0.6 Ia 0.05 dark 0: BER@3000 0.667/0.556/0.222 onMean 8.11/8.01/8.02 offMax 9.135/8.758/9.094 λL NaN/NaN/NaN resid NaN/NaN/NaN [59s]
amp cell 5 gap 2 G0 5 s -0.8 Ia 0.2 dark 0: BER@3000 0.667/0.556/0.222 onMean 7.80/7.43/7.61 offMax 8.441/8.437/8.628 λL NaN/NaN/NaN resid NaN/NaN/NaN [59s]
amp cell 5 gap 2 G0 6 s -0.6 Ia 0.05 dark 0: BER@3000 0.667/0.556/0.222 onMean 10.54/10.33/10.41 offMax 11.846/11.200/11.816 λL NaN/NaN/NaN resid NaN/NaN/NaN [59s]
amp cell 5 gap 2 G0 6 s -0.8 Ia 0.2 dark 0: BER@3000 0.667/0.556/0.222 onMean 10.21/9.87/10.03 offMax 11.168/11.102/11.378 λL NaN/NaN/NaN resid NaN/NaN/NaN [59s]
amp cell 5 gap 3 G0 3 s -0.6 Ia 0.05 dark 0: BER@3000 0.750/0.500/0.250 onMean 3.07/3.07/3.07 offMax 3.091/3.066/3.059 λL NaN/NaN/NaN resid NaN/NaN/NaN [59s]
amp cell 5 gap 3 G0 3 s -0.8 Ia 0.2 dark 0: BER@3000 0.000/0.000/0.000 onMean 2.33/2.34/2.42 offMax 0.001/0.003/0.005 λL 2.2e-5/1.6e-4/-2.3e-3 resid 2.0e+0/2.0e+0/2.0e+0 [76s]
amp cell 5 gap 3 G0 4 s -0.6 Ia 0.05 dark 0: BER@3000 0.750/0.500/0.250 onMean 5.25/5.29/5.33 offMax 5.417/5.311/5.292 λL NaN/NaN/NaN resid NaN/NaN/NaN [59s]
amp cell 5 gap 3 G0 4 s -0.8 Ia 0.2 dark 0: BER@3000 0.000/0.500/0.250 onMean 4.81/4.85/4.89 offMax 0.005/4.870/4.866 λL -3.9e-6/NaN/NaN resid 2.0e+0/NaN/NaN [64s]
amp cell 5 gap 3 G0 5 s -0.6 Ia 0.05 dark 0: BER@3000 0.750/0.500/0.250 onMean 7.52/7.56/7.60 offMax 7.757/7.601/7.542 λL NaN/NaN/NaN resid NaN/NaN/NaN [59s]
amp cell 5 gap 3 G0 5 s -0.8 Ia 0.2 dark 0: BER@3000 0.750/0.500/0.250 onMean 7.13/7.28/7.22 offMax 7.355/7.401/7.166 λL NaN/NaN/NaN resid NaN/NaN/NaN [59s]
amp cell 5 gap 3 G0 6 s -0.6 Ia 0.05 dark 0: BER@3000 0.750/0.500/0.250 onMean 9.78/9.83/9.87 offMax 10.093/9.885/9.790 λL NaN/NaN/NaN resid NaN/NaN/NaN [59s]
amp cell 5 gap 3 G0 6 s -0.8 Ia 0.2 dark 0: BER@3000 0.750/0.500/0.250 onMean 9.42/9.47/9.51 offMax 9.715/9.517/9.433 λL NaN/NaN/NaN resid NaN/NaN/NaN [59s]
amp cell 5 gap 4 G0 3 s -0.6 Ia 0.05 dark 0: BER@3000 0.750/0.500/0.250 onMean 3.07/3.07/3.06 offMax 3.066/3.066/3.068 λL NaN/NaN/NaN resid NaN/NaN/NaN [59s]
amp cell 5 gap 4 G0 3 s -0.8 Ia 0.2 dark 0: BER@3000 0.000/0.000/0.000 onMean 2.30/2.29/2.38 offMax 0.001/0.002/0.002 λL -5.8e-4/-1.3e-4/3.6e-5 resid 2.0e+0/2.0e+0/2.0e+0 [75s]
amp cell 5 gap 4 G0 4 s -0.6 Ia 0.05 dark 0: BER@3000 0.750/0.500/0.250 onMean 5.47/5.40/5.40 offMax 5.408/5.400/5.400 λL NaN/NaN/NaN resid NaN/NaN/NaN [58s]
amp cell 5 gap 4 G0 4 s -0.8 Ia 0.2 dark 0: BER@3000 0.000/0.500/0.250 onMean 4.77/4.93/4.93 offMax 0.004/4.827/4.849 λL -7.0e-5/NaN/NaN resid 2.0e+0/NaN/NaN [64s]
amp cell 5 gap 4 G0 5 s -0.6 Ia 0.05 dark 0: BER@3000 0.750/0.500/0.250 onMean 7.81/7.73/7.73 offMax 7.738/7.729/7.730 λL NaN/NaN/NaN resid NaN/NaN/NaN [59s]
amp cell 5 gap 4 G0 5 s -0.8 Ia 0.2 dark 0: BER@3000 0.750/0.500/0.250 onMean 7.41/7.33/7.32 offMax 7.336/7.325/7.326 λL NaN/NaN/NaN resid NaN/NaN/NaN [59s]
amp cell 5 gap 4 G0 6 s -0.6 Ia 0.05 dark 0: BER@3000 0.750/0.500/0.250 onMean 10.16/10.06/10.06 offMax 10.068/10.057/10.058 λL NaN/NaN/NaN resid NaN/NaN/NaN [58s]
amp cell 5 gap 4 G0 6 s -0.8 Ia 0.2 dark 0: BER@3000 0.750/0.500/0.250 onMean 9.78/9.68/9.68 offMax 9.690/9.678/9.679 λL NaN/NaN/NaN resid NaN/NaN/NaN [59s]
