amp cell 3 gap 3 G0 2.2 s -0.8 Ia 0.2 dark 0: BER@3000 0.333/0.444/0.778 onMean 0.00/0.00/0.00 offMax 0.000/0.000/0.000 λL NaN/NaN/NaN resid NaN/NaN/NaN [148s]
amp cell 3 gap 3 G0 2.2 s -0.9 Ia 0.3 dark 0: BER@3000 0.333/0.444/0.778 onMean 0.00/0.00/0.00 offMax 0.000/0.000/0.000 λL NaN/NaN/NaN resid NaN/NaN/NaN [175s]
amp cell 3 gap 3 G0 2.4 s -0.8 Ia 0.2 dark 0: BER@3000 0.333/0.444/0.778 onMean 0.00/0.00/0.00 offMax 0.000/0.000/0.000 λL NaN/NaN/NaN resid NaN/NaN/NaN [221s]
amp cell 3 gap 3 G0 2.4 s -0.9 Ia 0.3 dark 0: BER@3000 0.333/0.444/0.778 onMean 0.00/0.00/0.00 offMax 0.000/0.000/0.000 λL NaN/NaN/NaN resid NaN/NaN/NaN [152s]
amp cell 3 gap 3 G0 2.6 s -0.8 Ia 0.2 dark 0: BER@3000 0.333/0.444/0.778 onMean 0.00/0.00/0.00 offMax 0.000/0.000/0.000 λL NaN/NaN/NaN resid NaN/NaN/NaN [173s]
amp cell 3 gap 3 G0 2.6 s -0.9 Ia 0.3 dark 0: BER@3000 0.333/0.444/0.778 onMean 0.00/0.00/0.00 offMax 0.000/0.000/0.000 λL NaN/NaN/NaN resid NaN/NaN/NaN [175s]
amp cell 3 gap 3 G0 2.8 s -0.8 Ia 0.2 dark 0: BER@3000 0.000/0.222/0.222 onMean 1.04/0.56/0.81 offMax 0.004/0.002/0.003 λL -3.7e-3/NaN/NaN resid 2.0e+0/NaN/NaN [178s]
amp cell 3 gap 3 G0 2.8 s -0.9 Ia 0.3 dark 0: BER@3000 0.333/0.444/0.778 onMean 0.00/0.00/0.00 offMax 0.000/0.000/0.000 λL NaN/NaN/NaN resid NaN/NaN/NaN [152s]
amp cell 3 gap 3 G0 3.2 s -0.8 Ia 0.2 dark 0: BER@3000 0.000/0.000/0.000 onMean 2.07/1.98/2.09 offMax 0.009/0.006/0.007 λL -2.6e-3/-6.2e-4/-4.2e-3 resid 2.0e+0/2.0e+0/2.0e+0 [205s]
amp cell 3 gap 3 G0 3.2 s -0.9 Ia 0.3 dark 0: BER@3000 0.000/0.222/0.222 onMean 1.39/0.74/1.07 offMax 0.004/0.002/0.004 λL -3.6e-3/NaN/NaN resid 2.0e+0/NaN/NaN [171s]
amp cell 3 gap 3 G0 3.4 s -0.8 Ia 0.2 dark 0: BER@3000 0.000/0.000/0.000 onMean 2.51/2.41/2.53 offMax 0.011/0.008/0.008 λL -3.4e-3/-2.4e-4/-3.8e-3 resid 2.0e+0/2.0e+0/2.0e+0 [190s]
amp cell 3 gap 3 G0 3.4 s -0.9 Ia 0.3 dark 0: BER@3000 0.000/0.000/0.000 onMean 1.98/1.86/2.00 offMax 0.006/0.004/0.006 λL -2.1e-3/-1.2e-3/-1.4e-3 resid 2.0e+0/2.0e+0/2.0e+0 [184s]
amp cell 3 gap 3 G0 3.6 s -0.8 Ia 0.2 dark 0: BER@3000 0.000/0.000/0.000 onMean 2.93/2.82/2.95 offMax 0.014/0.009/0.010 λL -4.2e-3/-1.8e-4/-2.5e-3 resid 2.0e+0/2.0e+0/2.0e+0 [178s]
amp cell 3 gap 3 G0 3.6 s -0.9 Ia 0.3 dark 0: BER@3000 0.000/0.000/0.000 onMean 2.47/2.36/2.49 offMax 0.008/0.005/0.007 λL -2.3e-3/-1.7e-3/-3.8e-3 resid 2.0e+0/2.0e+0/2.0e+0 [177s]
amp cell 3 gap 3 G0 3.8 s -0.8 Ia 0.2 dark 0: BER@3000 0.000/0.000/0.000 onMean 3.34/3.23/3.36 offMax 0.018/0.012/0.013 λL -9.0e-4/-1.4e-4/-1.7e-3 resid 2.0e+0/2.0e+0/2.0e+0 [165s]
amp cell 3 gap 3 G0 3.8 s -0.9 Ia 0.3 dark 0: BER@3000 0.000/0.000/0.000 onMean 2.92/2.81/2.95 offMax 0.010/0.007/0.008 λL -2.6e-3/-4.2e-4/-4.3e-3 resid 2.0e+0/2.0e+0/2.0e+0 [146s]
amp cell 2 gap 3 G0 2.4 s -0.8 Ia 0.2 dark 0: BER@3000 0.563/0.500/0.625 onMean 0.00/0.00/0.00 offMax 0.000/0.000/0.000 λL NaN/NaN/NaN resid NaN/NaN/NaN [108s]
amp cell 2 gap 3 G0 2.4 s -0.9 Ia 0.3 dark 0: BER@3000 0.563/0.500/0.625 onMean 0.00/0.00/0.00 offMax 0.000/0.000/0.000 λL NaN/NaN/NaN resid NaN/NaN/NaN [100s]
amp cell 2 gap 3 G0 2.8 s -0.8 Ia 0.2 dark 0: BER@3000 0.563/0.500/0.625 onMean 0.00/0.00/0.00 offMax 0.000/0.000/0.000 λL NaN/NaN/NaN resid NaN/NaN/NaN [88s]
amp cell 2 gap 3 G0 2.8 s -0.9 Ia 0.3 dark 0: BER@3000 0.563/0.500/0.625 onMean 0.00/0.00/0.00 offMax 0.000/0.000/0.000 λL NaN/NaN/NaN resid NaN/NaN/NaN [87s]
amp cell 2 gap 3 G0 3.2 s -0.8 Ia 0.2 dark 0: BER@3000 0.563/0.500/0.625 onMean 0.00/0.00/0.00 offMax 0.000/0.000/0.000 λL NaN/NaN/NaN resid NaN/NaN/NaN [89s]
amp cell 2 gap 3 G0 3.2 s -0.9 Ia 0.3 dark 0: BER@3000 0.563/0.500/0.625 onMean 0.00/0.00/0.00 offMax 0.000/0.000/0.000 λL NaN/NaN/NaN resid NaN/NaN/NaN [89s]
amp cell 3 gap 3 G0 2.6 s -0.8 Ia 0.2 dark 0.001: BER@3000 0.333/0.444/0.778 onMean 0.00/0.00/0.00 offMax 0.000/0.000/0.000 λL NaN/NaN/NaN resid NaN/NaN/NaN [91s]
amp cell 3 gap 3 G0 2.6 s -0.9 Ia 0.3 dark 0.001: BER@3000 0.333/0.444/0.778 onMean 0.00/0.00/0.00 offMax 0.000/0.000/0.000 λL NaN/NaN/NaN resid NaN/NaN/NaN [82s]
amp cell 3 gap 3 G0 3 s -0.8 Ia 0.2 dark 0.001: BER@3000 0.000/0.000/0.000 onMean 1.63/1.53/1.64 offMax 0.006/0.004/0.005 λL -2.5e-3/-1.2e-3/-3.6e-3 resid 2.0e+0/2.0e+0/2.0e+0 [103s]
amp cell 3 gap 3 G0 3 s -0.9 Ia 0.3 dark 0.001: BER@3000 0.333/0.444/0.778 onMean 0.00/0.00/0.00 offMax 0.000/0.000/0.000 λL NaN/NaN/NaN resid NaN/NaN/NaN [81s]
amp cell 3 gap 3 G0 3.4 s -0.8 Ia 0.2 dark 0.001: BER@3000 0.000/0.000/0.000 onMean 2.53/2.44/2.55 offMax 0.011/0.008/0.008 λL -3.9e-3/-1.7e-4/-2.2e-3 resid 2.0e+0/2.0e+0/2.0e+0 [103s]
amp cell 3 gap 3 G0 3.4 s -0.9 Ia 0.3 dark 0.001: BER@3000 0.000/0.000/0.000 onMean 2.00/1.88/2.02 offMax 0.006/0.004/0.006 λL -2.9e-3/-2.3e-3/-2.7e-3 resid 2.0e+0/2.0e+0/2.0e+0 [107s]
amp cell 3 gap 3 G0 3.8 s -0.8 Ia 0.2 dark 0.001: BER@3000 0.000/0.000/0.000 onMean 3.37/3.27/3.40 offMax 0.018/0.012/0.013 λL -1.3e-3/-1.6e-4/-9.5e-4 resid 2.0e+0/2.0e+0/2.0e+0 [108s]
amp cell 3 gap 3 G0 3.8 s -0.9 Ia 0.3 dark 0.001: BER@3000 0.000/0.000/0.000 onMean 2.94/2.84/2.97 offMax 0.010/0.007/0.008 λL -3.2e-3/-2.4e-4/-2.8e-3 resid 2.0e+0/2.0e+0/2.0e+0 [107s]
amp cell 3 gap 3 G0 4.2 s -0.8 Ia 0.2 dark 0.001: BER@3000 0.333/0.000/0.111 onMean 4.22/4.07/4.22 offMax 4.628/0.017/4.731 λL NaN/-1.4e-3/NaN resid NaN/2.0e+0/NaN [88s]
amp cell 3 gap 3 G0 4.2 s -0.9 Ia 0.3 dark 0.001: BER@3000 0.000/0.000/0.000 onMean 3.80/3.68/3.84 offMax 0.014/0.009/0.011 λL -2.3e-3/-1.3e-4/-1.3e-3 resid 2.0e+0/2.0e+0/2.0e+0 [102s]
