amp cell 3 gap 3 G0 4 s -0.6 Ia 0.05 dark 0.001: BER@3000 0.667/0.556/0.222 onMean 4.35/4.23/4.28 offMax 4.862/4.862/4.862 λL NaN/NaN/NaN resid NaN/NaN/NaN [115s]
amp cell 3 gap 3 G0 4 s -0.8 Ia 0.2 dark 0.001: BER@3000 0.333/0.000/0.000 onMean 3.81/3.67/3.81 offMax 4.189/0.014/0.017 λL NaN/-5.2e-4/-8.3e-4 resid NaN/2.0e+0/2.0e+0 [131s]
amp cell 3 gap 3 G0 5 s -0.6 Ia 0.05 dark 0.001: BER@3000 0.667/0.556/0.222 onMean 6.35/6.19/6.26 offMax 7.051/7.051/7.051 λL NaN/NaN/NaN resid NaN/NaN/NaN [114s]
amp cell 3 gap 3 G0 5 s -0.8 Ia 0.2 dark 0.001: BER@3000 0.667/0.556/0.222 onMean 5.96/5.80/5.86 offMax 6.634/6.634/6.634 λL NaN/NaN/NaN resid NaN/NaN/NaN [119s]
amp cell 3 gap 3 G0 6 s -0.6 Ia 0.05 dark 0.001: BER@3000 0.667/0.556/0.222 onMean 8.36/8.14/8.24 offMax 9.242/9.242/9.242 λL NaN/NaN/NaN resid NaN/NaN/NaN [115s]
amp cell 3 gap 3 G0 6 s -0.8 Ia 0.2 dark 0.001: BER@3000 0.667/0.556/0.222 onMean 7.98/7.77/7.86 offMax 8.842/8.842/8.842 λL NaN/NaN/NaN resid NaN/NaN/NaN [114s]
amp cell 3 gap 4 G0 4 s -0.6 Ia 0.05 dark 0.001: BER@3000 0.667/0.556/0.222 onMean 4.17/3.96/4.05 offMax 4.792/4.783/4.807 λL NaN/NaN/NaN resid NaN/NaN/NaN [119s]
amp cell 3 gap 4 G0 4 s -0.8 Ia 0.2 dark 0.001: BER@3000 0.222/0.111/0.222 onMean 3.65/3.47/3.61 offMax 4.260/4.184/4.345 λL NaN/NaN/NaN resid NaN/NaN/NaN [111s]
amp cell 3 gap 4 G0 5 s -0.6 Ia 0.05 dark 0.001: BER@3000 0.667/0.556/0.222 onMean 6.13/5.84/5.96 offMax 6.948/6.950/6.982 λL NaN/NaN/NaN resid NaN/NaN/NaN [108s]
amp cell 3 gap 4 G0 5 s -0.8 Ia 0.2 dark 0.001: BER@3000 0.556/0.556/0.222 onMean 5.78/5.45/5.57 offMax 6.557/6.534/6.562 λL NaN/NaN/NaN resid NaN/NaN/NaN [109s]
amp cell 3 gap 4 G0 6 s -0.6 Ia 0.05 dark 0.001: BER@3000 0.667/0.556/0.222 onMean 8.10/7.73/7.88 offMax 9.119/9.125/9.163 λL NaN/NaN/NaN resid NaN/NaN/NaN [107s]
amp cell 3 gap 4 G0 6 s -0.8 Ia 0.2 dark 0.001: BER@3000 0.667/0.556/0.222 onMean 7.71/7.36/7.51 offMax 8.741/8.726/8.761 λL NaN/NaN/NaN resid NaN/NaN/NaN [112s]
amp cell 4 gap 3 G0 4 s -0.6 Ia 0.05 dark 0.001: BER@3000 0.667/0.556/0.222 onMean 5.13/5.09/5.11 offMax 5.245/5.284/5.285 λL NaN/NaN/NaN resid NaN/NaN/NaN [136s]
amp cell 4 gap 3 G0 4 s -0.8 Ia 0.2 dark 0.001: BER@3000 0.000/0.111/0.111 onMean 4.59/4.58/4.62 offMax 0.010/4.754/4.831 λL 3.1e-4/NaN/NaN resid 2.0e+0/NaN/NaN [177s]
amp cell 4 gap 3 G0 5 s -0.6 Ia 0.05 dark 0.001: BER@3000 0.667/0.556/0.222 onMean 7.46/7.36/7.38 offMax 7.659/7.580/7.580 λL NaN/NaN/NaN resid NaN/NaN/NaN [233s]
amp cell 4 gap 3 G0 5 s -0.8 Ia 0.2 dark 0.001: BER@3000 0.667/0.556/0.222 onMean 7.00/6.92/6.95 offMax 7.258/7.164/7.163 λL NaN/NaN/NaN resid NaN/NaN/NaN [147s]
amp cell 4 gap 3 G0 6 s -0.6 Ia 0.05 dark 0.001: BER@3000 0.667/0.556/0.222 onMean 9.77/9.64/9.67 offMax 9.982/9.885/9.885 λL NaN/NaN/NaN resid NaN/NaN/NaN [175s]
amp cell 4 gap 3 G0 6 s -0.8 Ia 0.2 dark 0.001: BER@3000 0.667/0.556/0.222 onMean 9.27/9.23/9.29 offMax 9.391/9.490/9.652 λL NaN/NaN/NaN resid NaN/NaN/NaN [166s]
amp cell 4 gap 4 G0 4 s -0.6 Ia 0.05 dark 0.001: BER@3000 0.667/0.556/0.222 onMean 5.10/5.06/5.09 offMax 5.338/5.524/5.525 λL NaN/NaN/NaN resid NaN/NaN/NaN [176s]
amp cell 4 gap 4 G0 4 s -0.8 Ia 0.2 dark 0.001: BER@3000 0.000/0.000/0.000 onMean 4.49/4.44/4.54 offMax 0.008/0.005/0.011 λL -5.5e-4/-7.2e-4/-1.1e-3 resid 2.0e+0/2.0e+0/2.0e+0 [195s]
amp cell 4 gap 4 G0 5 s -0.6 Ia 0.05 dark 0.001: BER@3000 0.667/0.556/0.222 onMean 7.35/7.35/7.38 offMax 7.737/7.948/7.947 λL NaN/NaN/NaN resid NaN/NaN/NaN [161s]
amp cell 4 gap 4 G0 5 s -0.8 Ia 0.2 dark 0.001: BER@3000 0.667/0.556/0.222 onMean 6.98/6.89/6.93 offMax 7.492/7.498/7.499 λL NaN/NaN/NaN resid NaN/NaN/NaN [162s]
amp cell 4 gap 4 G0 6 s -0.6 Ia 0.05 dark 0.001: BER@3000 0.667/0.556/0.222 onMean 9.63/9.65/9.68 offMax 10.062/10.379/10.376 λL NaN/NaN/NaN resid NaN/NaN/NaN [152s]
amp cell 4 gap 4 G0 6 s -0.8 Ia 0.2 dark 0.001: BER@3000 0.667/0.556/0.222 onMean 9.30/9.22/9.25 offMax 9.816/9.957/9.956 λL NaN/NaN/NaN resid NaN/NaN/NaN [151s]
amp cell 5 gap 3 G0 4 s -0.6 Ia 0.05 dark 0.001: BER@3000 0.750/0.500/0.250 onMean 5.28/5.32/5.35 offMax 5.442/5.342/5.313 λL NaN/NaN/NaN resid NaN/NaN/NaN [144s]
amp cell 5 gap 3 G0 4 s -0.8 Ia 0.2 dark 0.001: BER@3000 0.000/0.500/0.250 onMean 4.83/4.87/4.91 offMax 0.005/4.892/4.881 λL -6.4e-6/NaN/NaN resid 2.0e+0/NaN/NaN [154s]
amp cell 5 gap 3 G0 5 s -0.6 Ia 0.05 dark 0.001: BER@3000 0.750/0.500/0.250 onMean 7.56/7.60/7.63 offMax 7.791/7.645/7.573 λL NaN/NaN/NaN resid NaN/NaN/NaN [140s]
amp cell 5 gap 3 G0 5 s -0.8 Ia 0.2 dark 0.001: BER@3000 0.750/0.500/0.250 onMean 7.16/7.24/7.24 offMax 7.379/7.270/7.187 λL NaN/NaN/NaN resid NaN/NaN/NaN [137s]
amp cell 5 gap 3 G0 6 s -0.6 Ia 0.05 dark 0.001: BER@3000 0.750/0.500/0.250 onMean 9.83/9.89/9.92 offMax 10.139/9.945/9.839 λL NaN/NaN/NaN resid NaN/NaN/NaN [124s]
amp cell 5 gap 3 G0 6 s -0.8 Ia 0.2 dark 0.001: BER@3000 0.750/0.500/0.250 onMean 9.45/9.51/9.54 offMax 9.747/9.559/9.465 λL NaN/NaN/NaN resid NaN/NaN/NaN [114s]
amp cell 5 gap 4 G0 4 s -0.6 Ia 0.05 dark 0.001: BER@3000 0.750/0.500/0.250 onMean 5.49/5.43/5.43 offMax 5.433/5.426/5.427 λL NaN/NaN/NaN resid NaN/NaN/NaN [110s]
amp cell 5 gap 4 G0 4 s -0.8 Ia 0.2 dark 0.001: BER@3000 0.000/0.500/0.250 onMean 4.79/4.95/4.95 offMax 0.004/4.846/4.867 λL -5.2e-5/NaN/NaN resid 2.0e+0/NaN/NaN [108s]
amp cell 5 gap 4 G0 5 s -0.6 Ia 0.05 dark 0.001: BER@3000 0.750/0.500/0.250 onMean 7.85/7.77/7.77 offMax 7.776/7.768/7.769 λL NaN/NaN/NaN resid NaN/NaN/NaN [88s]
amp cell 5 gap 4 G0 5 s -0.8 Ia 0.2 dark 0.001: BER@3000 0.750/0.500/0.250 onMean 7.44/7.35/7.35 offMax 7.362/7.353/7.353 λL NaN/NaN/NaN resid NaN/NaN/NaN [87s]
amp cell 5 gap 4 G0 6 s -0.6 Ia 0.05 dark 0.001: BER@3000 0.750/0.500/0.250 onMean 10.21/10.11/10.11 offMax 10.119/10.111/10.111 λL NaN/NaN/NaN resid NaN/NaN/NaN [89s]
amp cell 5 gap 4 G0 6 s -0.8 Ia 0.2 dark 0.001: BER@3000 0.750/0.500/0.250 onMean 9.82/9.72/9.72 offMax 9.725/9.715/9.716 λL NaN/NaN/NaN resid NaN/NaN/NaN [90s]
