A_preset_s: 64² extracted in 74.0 s; t_rt 0.667 ns
{
 "name": "A_preset_s",
 "n": 64,
 "dx": 2e-05,
 "t_rt": 6.673175776646977e-10,
 "eig_seconds": 203.69140481948853,
 "lambda1": "(0.05193653810534827+0.8181233186266882j)",
 "abs1": 0.8197701924753753,
 "modes_tau_rel_gt": {
  "10": 162,
  "100": 111,
  "1000": 19,
  "10000": 2,
  "100000": 1
 },
 "modes_tau_abs_gt": {
  "1": 238,
  "10": 0,
  "100": 0,
  "1000": 0
 },
 "leading200_max_overlap": 0.9360458637720567,
 "leading200_mean_overlap": 0.008187055058694189,
 "top10": [
  {
   "abs": 0.8197701924753753,
   "arg": 1.5073988700642549,
   "tau_rel": Infinity,
   "pr_samples": 251.01432434109682,
   "rms_um": 146.47558193064944,
   "cx_um": -0.017057129877898865,
   "cy_um": 0.05886104882348768
  },
  {
   "abs": 0.8196938544877694,
   "arg": 0.8960829003241934,
   "tau_rel": 10738.192721572057,
   "pr_samples": 148.46131299206158,
   "rms_um": 105.12233430417679,
   "cx_um": -0.46094124014792814,
   "cy_um": 0.292821856354344
  },
  {
   "abs": 0.8196326871323217,
   "arg": -2.1636826092065564,
   "tau_rel": 5961.233357762297,
   "pr_samples": 262.1186993937493,
   "rms_um": 153.7928159812098,
   "cx_um": 0.06141416850393272,
   "cy_um": 0.20514989949162535
  },
  {
   "abs": 0.819579682703234,
   "arg": -1.121553533876116,
   "tau_rel": 4302.53484997814,
   "pr_samples": 223.8048912927306,
   "rms_um": 139.4516546260756,
   "cx_um": -0.1880532065355381,
   "cy_um": -0.14626129484893896
  },
  {
   "abs": 0.8195492927124273,
   "arg": -1.1580857911985218,
   "tau_rel": 3710.5505533104256,
   "pr_samples": 250.4607088965859,
   "rms_um": 139.8454096548897,
   "cx_um": -0.018156254912683946,
   "cy_um": 0.3130533041020671
  },
  {
   "abs": 0.8194578859286286,
   "arg": 2.5055955013400046,
   "tau_rel": 2624.3895231244237,
   "pr_samples": 231.11425776999218,
   "rms_um": 131.65009656050657,
   "cx_um": 0.12012407344295915,
   "cy_um": -0.0056297881290747484
  },
  {
   "abs": 0.8194262688620159,
   "arg": 2.5244331959444715,
   "tau_rel": 2383.082134536218,
   "pr_samples": 248.5193139212798,
   "rms_um": 131.35066930239236,
   "cx_um": 0.025450880235828924,
   "cy_um": -0.13956163781845318
  },
  {
   "abs": 0.8193823848648498,
   "arg": 1.5005272917516972,
   "tau_rel": 2113.357889670307,
   "pr_samples": 354.1415268559878,
   "rms_um": 146.49096451509854,
   "cx_um": -0.17580876397694642,
   "cy_um": 0.23318890409058776
  },
  {
   "abs": 0.8193779450877947,
   "arg": -2.1220625943733116,
   "tau_rel": 2089.4315146180456,
   "pr_samples": 280.3420299273733,
   "rms_um": 153.51290313446418,
   "cx_um": -0.17779704889795372,
   "cy_um": 0.11836532896177204
  },
  {
   "abs": 0.8192691984586999,
   "arg": -1.1147558512404914,
   "tau_rel": 1635.7873401021277,
   "pr_samples": 282.8760540825717,
   "rms_um": 139.5414215821929,
   "cx_um": -0.15418313625465618,
   "cy_um": -0.2897969121613115
  }
 ]
}
A_img_rand_s: 64² extracted in 67.0 s; t_rt 0.667 ns
{
 "name": "A_img_rand_s",
 "n": 64,
 "dx": 2e-05,
 "t_rt": 6.673175776646977e-10,
 "eig_seconds": 170.5657253265381,
 "lambda1": "(-0.7645029591758709-0.29754542104168125j)",
 "abs1": 0.8203645849081582,
 "modes_tau_rel_gt": {
  "10": 240,
  "100": 126,
  "1000": 4,
  "10000": 1,
  "100000": 1
 },
 "modes_tau_abs_gt": {
  "1": 296,
  "10": 0,
  "100": 0,
  "1000": 0
 },
 "leading200_max_overlap": 0.9551594665277184,
 "leading200_mean_overlap": 0.043589168656476225,
 "top10": [
  {
   "abs": 0.8203645849081582,
   "arg": -2.7704301643642895,
   "tau_rel": Infinity,
   "pr_samples": 23.42989282681983,
   "rms_um": 63.74899739978594,
   "cx_um": 122.04706733628699,
   "cy_um": -200.38092321016867
  },
  {
   "abs": 0.8199201219619691,
   "arg": -2.742513323847374,
   "tau_rel": 1845.2434345641082,
   "pr_samples": 26.730230982655293,
   "rms_um": 57.99650498663623,
   "cx_um": 47.395820059339236,
   "cy_um": 63.07653977201459
  },
  {
   "abs": 0.819842724801506,
   "arg": -2.6838529280890078,
   "tau_rel": 1571.5008998154597,
   "pr_samples": 9.505062331283584,
   "rms_um": 40.053345629250536,
   "cx_um": -74.27996994737624,
   "cy_um": -8.573340782542713
  },
  {
   "abs": 0.8195906023297276,
   "arg": -2.913593051219289,
   "tau_rel": 1059.4263431625905,
   "pr_samples": 39.03917672249917,
   "rms_um": 71.18483629147514,
   "cx_um": -282.4381067146842,
   "cy_um": -209.5542497972104
  },
  {
   "abs": 0.818869765525072,
   "arg": -2.878193270427563,
   "tau_rel": 548.305004137996,
   "pr_samples": 47.72691755517921,
   "rms_um": 106.43111853850965,
   "cx_um": 146.7830499434589,
   "cy_um": 35.507229096870944
  },
  {
   "abs": 0.8188562948087947,
   "arg": -2.838046608285584,
   "tau_rel": 543.4035593692541,
   "pr_samples": 35.916469128025504,
   "rms_um": 92.09611567520231,
   "cx_um": -84.60267490615668,
   "cy_um": 183.50537333451052
  },
  {
   "abs": 0.8187738500182627,
   "arg": -2.8087688828268425,
   "tau_rel": 515.2140469010159,
   "pr_samples": 25.193376835798148,
   "rms_um": 87.15218713148717,
   "cx_um": -43.09904633517046,
   "cy_um": 114.69675699448896
  },
  {
   "abs": 0.8186026013389613,
   "arg": -2.8657671618381664,
   "tau_rel": 465.0913276061164,
   "pr_samples": 45.62976092711426,
   "rms_um": 82.53312887013809,
   "cx_um": 248.30579968096265,
   "cy_um": 205.336995659934
  },
  {
   "abs": 0.818536629500045,
   "arg": -2.744817123811633,
   "tau_rel": 448.2878869823435,
   "pr_samples": 19.38206559235419,
   "rms_um": 72.95305974236956,
   "cx_um": -85.78871024744087,
   "cy_um": -216.28372737342485
  },
  {
   "abs": 0.8181879225256264,
   "arg": -2.9114102151691577,
   "tau_rel": 376.39083505850584,
   "pr_samples": 51.03666107682474,
   "rms_um": 93.98242250973598,
   "cx_um": 290.27688738765346,
   "cy_um": 86.43364856029336
  }
 ]
}
A_img_s: 64² extracted in 47.6 s; t_rt 0.667 ns
{
 "name": "A_img_s",
 "n": 64,
 "dx": 2e-05,
 "t_rt": 6.673175776646977e-10,
 "eig_seconds": 132.51073813438416,
 "lambda1": "(-0.8271125718552647-0.0004552659422774868j)",
 "abs1": 0.8271126971508226,
 "modes_tau_rel_gt": {
  "10": 238,
  "100": 200,
  "1000": 163,
  "10000": 140,
  "100000": 81
 },
 "modes_tau_abs_gt": {
  "1": 296,
  "10": 0,
  "100": 0,
  "1000": 0
 },
 "leading200_max_overlap": 0.8989386752768265,
 "leading200_mean_overlap": 0.0031122135585850827,
 "top10": [
  {
   "abs": 0.8271126971508226,
   "arg": -3.141042225616877,
   "tau_rel": Infinity,
   "pr_samples": 84.44167557750784,
   "rms_um": 51.86204262078371,
   "cx_um": 3.698652242058671e-11,
   "cy_um": 9.795089002048729e-12
  },
  {
   "abs": 0.8271126971507534,
   "arg": -3.1404938669198716,
   "tau_rel": 11961751998327.51,
   "pr_samples": 112.6756979103467,
   "rms_um": 73.34407567987962,
   "cx_um": -1.3863557654300585e-10,
   "cy_um": 5.6629234721633503e-11
  },
  {
   "abs": 0.8271126971507515,
   "arg": -3.1404938669198716,
   "tau_rel": 11637208339458.145,
   "pr_samples": 112.81594581151364,
   "rms_um": 73.34407567986861,
   "cx_um": -1.2095630486791409e-12,
   "cy_um": 4.22500034090445e-11
  },
  {
   "abs": 0.827112697150659,
   "arg": -3.139947577569398,
   "tau_rel": 5057383073969.737,
   "pr_samples": 150.32137756307978,
   "rms_um": 89.82787021764207,
   "cx_um": -1.3474165344897403e-10,
   "cy_um": -9.135758555905982e-11
  },
  {
   "abs": 0.8271126971477161,
   "arg": -3.139947577518045,
   "tau_rel": 266248869486.3753,
   "pr_samples": 150.32107689657715,
   "rms_um": 89.82787025172962,
   "cx_um": 8.694585928905993e-11,
   "cy_um": 1.115034171765561e-10
  },
  {
   "abs": 0.8271126971476841,
   "arg": -3.139949650798097,
   "tau_rel": 263537926582.12604,
   "pr_samples": 168.6530063082713,
   "rms_um": 89.82803909449834,
   "cx_um": -5.427540198418457e-12,
   "cy_um": 2.226341398563203e-10
  },
  {
   "abs": 0.8271126971340511,
   "arg": -3.1394033575316516,
   "tau_rel": 49316684486.693344,
   "pr_samples": 181.68082983268474,
   "rms_um": 103.72439661245397,
   "cx_um": 1.9566376378279612e-10,
   "cy_um": -6.219254711919975e-11
  },
  {
   "abs": 0.8271126971340477,
   "arg": -3.1394033575316507,
   "tau_rel": 49306425812.90387,
   "pr_samples": 181.20461873491527,
   "rms_um": 103.72439661242721,
   "cx_um": 5.121330605688951e-11,
   "cy_um": 3.984442983884229e-11
  },
  {
   "abs": 0.8271126971071066,
   "arg": -3.1394075081282136,
   "tau_rel": 18920103881.829075,
   "pr_samples": 195.86090001545742,
   "rms_um": 103.72479088373723,
   "cx_um": -2.0023520059912758e-10,
   "cy_um": -1.926559497870961e-10
  },
  {
   "abs": 0.8271126971071056,
   "arg": -3.139407508128213,
   "tau_rel": 18919706463.27355,
   "pr_samples": 213.4510901392364,
   "rms_um": 103.72479088375825,
   "cx_um": -4.245329131638553e-11,
   "cy_um": -1.387033391787862e-10
  }
 ]
}
