A_img_450: 64² extracted in 9.9 s; t_rt 0.667 ns
{
 "name": "A_img_450",
 "n": 64,
 "dx": 2e-05,
 "t_rt": 6.673263921176145e-10,
 "eig_seconds": 166.4229919910431,
 "lambda1": "(-0.8271106418475238-0.0018438900982064865j)",
 "abs1": 0.8271126971508279,
 "modes_tau_rel_gt": {
  "10": 522,
  "100": 454,
  "1000": 404,
  "10000": 329,
  "100000": 235
 },
 "modes_tau_abs_gt": {
  "1": 1183,
  "10": 0,
  "100": 0,
  "1000": 0
 },
 "leading200_max_overlap": 0.9774302485055554,
 "leading200_mean_overlap": 0.0008646231146381713,
 "top10": [
  {
   "abs": 0.8271126971508279,
   "arg": -3.13936334235825,
   "tau_rel": Infinity,
   "pr_samples": 127.22507787729538,
   "rms_um": 86.30367438038719,
   "cx_um": 9.578163864256903e-11,
   "cy_um": 5.143184055728112e-12
  },
  {
   "abs": 0.8271126971508227,
   "arg": -3.1404751337254218,
   "tau_rel": 158021039556859.03,
   "pr_samples": 80.07496042156944,
   "rms_um": 61.02585677743671,
   "cx_um": -5.669530329151934e-11,
   "cy_um": -4.6871415169263964e-11
  },
  {
   "abs": 0.8271126971508225,
   "arg": -3.13880959494109,
   "tau_rel": 152664394148151.9,
   "pr_samples": 142.8237767317455,
   "rms_um": 96.49048706278559,
   "cx_um": 3.100886152624932e-11,
   "cy_um": 7.938392781667303e-11
  },
  {
   "abs": 0.827112697150822,
   "arg": -3.1388095949154033,
   "tau_rel": 140737488355327.5,
   "pr_samples": 142.82377252314177,
   "rms_um": 96.4904870625663,
   "cx_um": -1.1380458338945641e-10,
   "cy_um": -5.5694110347864756e-11
  },
  {
   "abs": 0.8271126971508218,
   "arg": -3.1399185219664894,
   "tau_rel": 136472715980923.62,
   "pr_samples": 104.04568772352611,
   "rms_um": 74.74113953016892,
   "cx_um": 1.8749894519769346e-10,
   "cy_um": 3.6168645660937526e-10
  },
  {
   "abs": 0.827112697150821,
   "arg": -3.1393662122185253,
   "tau_rel": 120095990063212.72,
   "pr_samples": 124.75987641562197,
   "rms_um": 86.30382393663162,
   "cx_um": 5.553867980204359e-11,
   "cy_um": 3.848917712323541e-11
  },
  {
   "abs": 0.827112697150821,
   "arg": -3.1388153385319,
   "tau_rel": 120095990063212.72,
   "pr_samples": 169.78408486152424,
   "rms_um": 96.4908235375319,
   "cx_um": 3.149516225310845e-10,
   "cy_um": 1.1256051429472946e-10
  },
  {
   "abs": 0.8271126971508208,
   "arg": -3.1388139026248223,
   "tau_rel": 116976613697934.47,
   "pr_samples": 155.9969536652577,
   "rms_um": 96.4907390323091,
   "cx_um": -1.1721376568429216e-10,
   "cy_um": -2.1364881435184668e-10
  },
  {
   "abs": 0.8271126971508204,
   "arg": -3.1399199559138755,
   "tau_rel": 109843893350499.4,
   "pr_samples": 116.83699310621188,
   "rms_um": 74.74120413552366,
   "cx_um": -4.004283562134633e-12,
   "cy_um": 6.460489695298e-11
  },
  {
   "abs": 0.8271126971508199,
   "arg": -3.139363342358251,
   "tau_rel": 103531025916562.62,
   "pr_samples": 127.8594381175211,
   "rms_um": 86.30367438033923,
   "cx_um": 2.3513634615779377e-11,
   "cy_um": -3.9979955110402976e-11
  }
 ]
}
A_img_532: 64² extracted in 11.8 s; t_rt 0.667 ns
{
 "name": "A_img_532",
 "n": 64,
 "dx": 2e-05,
 "t_rt": 6.67321486151154e-10,
 "eig_seconds": 176.1448187828064,
 "lambda1": "(-0.8271121899529119-0.0009159800203915362j)",
 "abs1": 0.8271126971508174,
 "modes_tau_rel_gt": {
  "10": 365,
  "100": 312,
  "1000": 276,
  "10000": 229,
  "100000": 156
 },
 "modes_tau_abs_gt": {
  "1": 1607,
  "10": 0,
  "100": 0,
  "1000": 0
 },
 "leading200_max_overlap": 0.9098234147685125,
 "leading200_mean_overlap": 0.0018587919354786451,
 "top10": [
  {
   "abs": 0.8271126971508174,
   "arg": -3.1404852105402816,
   "tau_rel": Infinity,
   "pr_samples": 93.86320432291816,
   "rms_um": 66.35348308218447,
   "cx_um": -8.463214395786067e-11,
   "cy_um": -5.452859301244284e-11
  },
  {
   "abs": 0.8271126971508139,
   "arg": -3.1410380854570796,
   "tau_rel": 243437817695701.97,
   "pr_samples": 69.1210186872857,
   "rms_um": 46.918967638307926,
   "cx_um": -6.984206125246627e-11,
   "cy_um": -3.9485287869206465e-11
  },
  {
   "abs": 0.8271126971508134,
   "arg": -3.1399340290008055,
   "tau_rel": 204709073971385.7,
   "pr_samples": 123.01614108408427,
   "rms_um": 81.26614134998923,
   "cx_um": 1.9680350120724721e-10,
   "cy_um": -2.6765563506878087e-10
  },
  {
   "abs": 0.8271126971508121,
   "arg": -3.1399340289783058,
   "tau_rel": 158021039556859.03,
   "pr_samples": 123.01614541617481,
   "rms_um": 81.26614134923466,
   "cx_um": -2.587590871371398e-10,
   "cy_um": 5.495549761785901e-12
  },
  {
   "abs": 0.8271126971508107,
   "arg": -3.139935724964587,
   "tau_rel": 123386291160835.0,
   "pr_samples": 138.09006995643986,
   "rms_um": 81.26624156222769,
   "cx_um": 1.5764997391748456e-10,
   "cy_um": 2.0538854905022275e-11
  },
  {
   "abs": 0.827112697150809,
   "arg": -3.1404852105402834,
   "tau_rel": 98980211590559.86,
   "pr_samples": 94.74194100540646,
   "rms_um": 66.35348308215211,
   "cx_um": -1.0062073787023285e-10,
   "cy_um": -8.241969389963244e-11
  },
  {
   "abs": 0.8271126971507899,
   "arg": -3.139384540807573,
   "tau_rel": 30124412223213.523,
   "pr_samples": 174.87830680069447,
   "rms_um": 93.83811975037074,
   "cx_um": 8.104834755802773e-11,
   "cy_um": 2.1282211019532649e-10
  },
  {
   "abs": 0.8271126971507867,
   "arg": -3.139384540807574,
   "tau_rel": 26967662439343.79,
   "pr_samples": 172.11176525652527,
   "rms_um": 93.83811975039087,
   "cx_um": -1.5974109648974125e-10,
   "cy_um": 1.243444366569313e-10
  },
  {
   "abs": 0.8271126971507289,
   "arg": -3.1393879354080574,
   "tau_rel": 9343567691639.533,
   "pr_samples": 147.65724119002357,
   "rms_um": 93.83835230911785,
   "cx_um": -5.488773498207866e-13,
   "cy_um": 2.4631718106155054e-11
  },
  {
   "abs": 0.827112697150724,
   "arg": -3.139387935408057,
   "tau_rel": 8856636435339.709,
   "pr_samples": 147.63738841933522,
   "rms_um": 93.83835230907829,
   "cx_um": -1.46150452851046e-10,
   "cy_um": -7.738493006115288e-11
  }
 ]
}
B_4f_450: 64² extracted in 19.7 s; t_rt 2.669 ns
{
 "name": "B_4f_450",
 "n": 64,
 "dx": 3.175e-05,
 "t_rt": 2.6693055684704583e-09,
 "eig_seconds": 26174.165975809097,
 "lambda1": "(0.7921820836055647+0.006183467504866857j)",
 "abs1": 0.7922062161180243,
 "modes_tau_rel_gt": {
  "10": 779,
  "100": 661,
  "1000": 574,
  "10000": 496,
  "100000": 344
 },
 "modes_tau_abs_gt": {
  "1": 1130,
  "10": 0,
  "100": 0,
  "1000": 0
 },
 "leading200_max_overlap": 0.22962673275005058,
 "leading200_mean_overlap": 0.00010062336919244753,
 "top10": [
  {
   "abs": 0.7922062161180243,
   "arg": 0.007805455407446288,
   "tau_rel": Infinity,
   "pr_samples": 155.60421264715737,
   "rms_um": 158.3256063527878,
   "cx_um": 2.895470989183903e-10,
   "cy_um": 2.9652929417478546e-11
  },
  {
   "abs": 0.7922062161180226,
   "arg": 0.002239337482272841,
   "tau_rel": 450359962737049.1,
   "pr_samples": 62.17417397300066,
   "rms_um": 84.62846210284471,
   "cx_um": 2.3290017917704242e-11,
   "cy_um": -9.600610237359142e-11
  },
  {
   "abs": 0.7922062161180212,
   "arg": 0.00892299074402574,
   "tau_rel": 257348550135456.4,
   "pr_samples": 167.3656494457082,
   "rms_um": 169.25703289088722,
   "cx_um": 2.2206916888050168e-10,
   "cy_um": 1.895998549134026e-11
  },
  {
   "abs": 0.7922062161180194,
   "arg": 0.0078011521705453135,
   "tau_rel": 160842843834660.06,
   "pr_samples": 153.22190079889444,
   "rms_um": 158.32570685387415,
   "cx_um": -1.8208637178430913e-11,
   "cy_um": 3.153673069217211e-11
  },
  {
   "abs": 0.7922062161180194,
   "arg": 0.010031922039833172,
   "tau_rel": 160842843834660.06,
   "pr_samples": 151.921314482412,
   "rms_um": 179.52421331669518,
   "cx_um": 1.4767569138932768e-10,
   "cy_um": -9.908252603801904e-11
  },
  {
   "abs": 0.7922062161180183,
   "arg": 0.006700833012574687,
   "tau_rel": 132458812569719.97,
   "pr_samples": 132.49407993714405,
   "rms_um": 146.58085839600113,
   "cx_um": -9.63224691793909e-12,
   "cy_um": -1.998049078619224e-10
  },
  {
   "abs": 0.7922062161180182,
   "arg": 0.007799717594203968,
   "tau_rel": 130539119633926.9,
   "pr_samples": 167.7641578310664,
   "rms_um": 158.32574042945976,
   "cx_um": -3.436745269863505e-11,
   "cy_um": 3.1143707404646115e-11
  },
  {
   "abs": 0.792206216118018,
   "arg": 0.008914381061770733,
   "tau_rel": 125099989649179.95,
   "pr_samples": 173.13269419308975,
   "rms_um": 169.25724767824673,
   "cx_um": 2.7361917053392477e-11,
   "cy_um": 2.1047074673374855e-11
  },
  {
   "abs": 0.7922062161180166,
   "arg": 0.008908641365949575,
   "tau_rel": 102354536985692.6,
   "pr_samples": 177.7201272993871,
   "rms_um": 169.2573915539281,
   "cx_um": -1.7694518268142334e-11,
   "cy_um": 5.8302971825408e-11
  },
  {
   "abs": 0.7922062161180163,
   "arg": 0.010010390916182683,
   "tau_rel": 98980211590559.86,
   "pr_samples": 184.98593257343023,
   "rms_um": 179.52478704819646,
   "cx_um": -1.1204338186207178e-10,
   "cy_um": -4.990040498864534e-11
  }
 ]
}
B_4f_532: 64² extracted in 22.6 s; t_rt 2.669 ns
{
 "name": "B_4f_532",
 "n": 64,
 "dx": 3.175e-05,
 "t_rt": 2.669285944604616e-09,
 "eig_seconds": 208.87712001800537,
 "lambda1": "(0.7921984434308463+0.003509285081717458j)",
 "abs1": 0.792206216118026,
 "modes_tau_rel_gt": {
  "10": 612,
  "100": 535,
  "1000": 471,
  "10000": 351,
  "100000": 250
 },
 "modes_tau_abs_gt": {
  "1": 975,
  "10": 0,
  "100": 0,
  "1000": 0
 },
 "leading200_max_overlap": 0.5299244433720668,
 "leading200_mean_overlap": 0.0004031380118406217,
 "top10": [
  {
   "abs": 0.792206216118026,
   "arg": 0.0044297766003535115,
   "tau_rel": Infinity,
   "pr_samples": 131.99363979172054,
   "rms_um": 130.13120533150897,
   "cx_um": 2.044940822579222e-10,
   "cy_um": 1.4799359654427136e-10
  },
  {
   "abs": 0.7922062161180208,
   "arg": 0.006639592796144287,
   "tau_rel": 152664394148151.9,
   "pr_samples": 149.4215194549299,
   "rms_um": 159.37748052083955,
   "cx_um": 6.040954276522945e-11,
   "cy_um": -1.172158073728391e-10
  },
  {
   "abs": 0.7922062161180192,
   "arg": 0.004433165896839621,
   "tau_rel": 116976613697934.47,
   "pr_samples": 119.94657804258695,
   "rms_um": 130.1311279686809,
   "cx_um": -9.761207684158557e-12,
   "cy_um": 3.7764116920385726e-11
  },
  {
   "abs": 0.7922062161180172,
   "arg": 0.002219968175078386,
   "tau_rel": 90071992547409.42,
   "pr_samples": 74.06641347038328,
   "rms_um": 92.01657529233714,
   "cx_um": 5.811916567585382e-11,
   "cy_um": 5.72594272343907e-13
  },
  {
   "abs": 0.7922062161180171,
   "arg": 0.005530444492805476,
   "tau_rel": 89180190640999.42,
   "pr_samples": 153.22683629314702,
   "rms_um": 145.4912202415762,
   "cx_um": -3.474797190312022e-11,
   "cy_um": -2.4001525593397854e-11
  },
  {
   "abs": 0.792206216118017,
   "arg": 0.0044331658968400625,
   "tau_rel": 88305875046479.81,
   "pr_samples": 123.48285091188473,
   "rms_um": 130.13112796870288,
   "cx_um": 1.3344241754338973e-10,
   "cy_um": -7.377995783763858e-11
  },
  {
   "abs": 0.7922062161180156,
   "arg": 0.004429776600352163,
   "tau_rel": 75690750039839.77,
   "pr_samples": 131.5653072270571,
   "rms_um": 130.1312053315741,
   "cx_um": 2.1421463236061256e-10,
   "cy_um": 1.1031757105040008e-11
  },
  {
   "abs": 0.7922062161180148,
   "arg": 0.00553722571671104,
   "tau_rel": 70922828777487.62,
   "pr_samples": 128.81876455491036,
   "rms_um": 145.49104629419483,
   "cx_um": -6.372223671635758e-11,
   "cy_um": -2.1033522146218786e-11
  },
  {
   "abs": 0.7922062161180147,
   "arg": 0.006632808940740861,
   "tau_rel": 69823250036751.37,
   "pr_samples": 171.1825891571703,
   "rms_um": 159.37767178930298,
   "cx_um": -1.7940157822846081e-12,
   "cy_um": 1.4419888894057209e-11
  },
  {
   "abs": 0.7922062161180142,
   "arg": 0.005537225678798819,
   "tau_rel": 67217904886126.305,
   "pr_samples": 128.8187648355856,
   "rms_um": 145.49104629474837,
   "cx_um": 8.875508385965619e-12,
   "cy_um": 1.5834772729150792e-10
  }
 ]
}
