{
 "name": "A_img",
 "n": 64,
 "dx": 2e-05,
 "t_rt": 6.673175776646975e-10,
 "eig_seconds": 78.57286787033081,
 "lambda1": "(-0.8271125718552642-0.0004552659422756237j)",
 "abs1": 0.8271126971508221,
 "modes_tau_rel_gt": {
  "10": 306,
  "100": 200,
  "1000": 173,
  "10000": 147,
  "100000": 85
 },
 "modes_tau_abs_gt": {
  "1": 1160,
  "10": 0,
  "100": 0,
  "1000": 0
 },
 "leading200_max_overlap": 0.9276166740166093,
 "leading200_mean_overlap": 0.003168948461679448,
 "top10": [
  {
   "abs": 0.8271126971508221,
   "arg": -3.141042225616879,
   "tau_rel": Infinity,
   "pr_samples": 84.44167557829581,
   "rms_um": 51.86204262113082,
   "cx_um": 9.303869591798935e-12,
   "cy_um": 4.7535488999911335e-12
  },
  {
   "abs": 0.8271126971507925,
   "arg": -3.1404938669198406,
   "tau_rel": 27886065804151.176,
   "pr_samples": 143.08913133013925,
   "rms_um": 73.34407567560982,
   "cx_um": 1.1770369835045758e-11,
   "cy_um": 1.0516761073109393e-11
  },
  {
   "abs": 0.8271126971507914,
   "arg": -3.14049386691984,
   "tau_rel": 26887161954450.22,
   "pr_samples": 141.52889123805707,
   "rms_um": 73.34407567561233,
   "cx_um": 1.3552527156068805e-13,
   "cy_um": -1.0360907010814602e-10
  },
  {
   "abs": 0.8271126971507413,
   "arg": -3.139947577569336,
   "tau_rel": 10235453698568.809,
   "pr_samples": 150.32136881415948,
   "rms_um": 89.82787020945362,
   "cx_um": 2.1064163040927949e-10,
   "cy_um": 1.9023682368973782e-10
  },
  {
   "abs": 0.8271126971492453,
   "arg": -3.139947577517565,
   "tau_rel": 524528258486.6298,
   "pr_samples": 150.32115201744938,
   "rms_um": 89.82787016875238,
   "cx_um": 6.282890501748273e-10,
   "cy_um": -1.3193385186432982e-10
  },
  {
   "abs": 0.8271126971492266,
   "arg": -3.139949650797613,
   "tau_rel": 518399957106.89526,
   "pr_samples": 168.6532160508114,
   "rms_um": 89.82803901158438,
   "cx_um": 1.8732452291569857e-10,
   "cy_um": -8.74138001566438e-13
  },
  {
   "abs": 0.8271126971373897,
   "arg": -3.1394033575385447,
   "tau_rel": 61575477373.15576,
   "pr_samples": 224.781290062538,
   "rms_um": 103.72439681694378,
   "cx_um": -7.488364176791093e-11,
   "cy_um": -1.3325522326204653e-10
  },
  {
   "abs": 0.8271126971373812,
   "arg": -3.1394033575385447,
   "tau_rel": 61536774734.52943,
   "pr_samples": 223.94332731191062,
   "rms_um": 103.7243968169586,
   "cx_um": -9.608572347063332e-11,
   "cy_um": 7.905189090134934e-11
  },
  {
   "abs": 0.8271126971139442,
   "arg": -3.1394075081498345,
   "tau_rel": 22428396691.56767,
   "pr_samples": 251.12147166609233,
   "rms_um": 103.72479163046287,
   "cx_um": 1.436965984028503e-10,
   "cy_um": -9.509130679055677e-11
  },
  {
   "abs": 0.8271126971139432,
   "arg": -3.139407508149836,
   "tau_rel": 22427782381.72,
   "pr_samples": 250.7946720736622,
   "rms_um": 103.72479163047518,
   "cx_um": 1.9113298454793287e-10,
   "cy_um": 1.2037354620020313e-10
  }
 ]
}
{
 "name": "A_preset",
 "n": 64,
 "dx": 2e-05,
 "t_rt": 6.673175776646975e-10,
 "eig_seconds": 83.56887102127075,
 "lambda1": "(0.052068247687153416+0.818072002310347j)",
 "abs1": 0.819727334777407,
 "modes_tau_rel_gt": {
  "10": 162,
  "100": 111,
  "1000": 20,
  "10000": 2,
  "100000": 1
 },
 "modes_tau_abs_gt": {
  "1": 893,
  "10": 0,
  "100": 0,
  "1000": 0
 },
 "leading200_max_overlap": 0.9092311168637035,
 "leading200_mean_overlap": 0.006722697312217114,
 "top10": [
  {
   "abs": 0.819727334777407,
   "arg": 1.5072345518521366,
   "tau_rel": Infinity,
   "pr_samples": 257.21657110639745,
   "rms_um": 147.7090386705067,
   "cx_um": -0.24297346797745362,
   "cy_um": 0.0436776144413029
  },
  {
   "abs": 0.8196776561719048,
   "arg": -2.1635032356920227,
   "tau_rel": 16500.110800979255,
   "pr_samples": 265.22690869500144,
   "rms_um": 154.8498171954535,
   "cx_um": 0.022926595247833307,
   "cy_um": 0.0531716651770356
  },
  {
   "abs": 0.8196360618914215,
   "arg": 0.895976947355627,
   "tau_rel": 8980.560750724464,
   "pr_samples": 152.5262373762347,
   "rms_um": 106.58465042578244,
   "cx_um": -0.4431571598071093,
   "cy_um": 0.3075619103300425
  },
  {
   "abs": 0.8196167292003259,
   "arg": -1.1584367514881369,
   "tau_rel": 7410.765825525502,
   "pr_samples": 251.93375409268984,
   "rms_um": 141.07426501625943,
   "cx_um": 0.08445398970311152,
   "cy_um": 0.3386377672622896
  },
  {
   "abs": 0.819537203522016,
   "arg": -1.1218053013955758,
   "tau_rel": 4310.875998733331,
   "pr_samples": 225.34343291460073,
   "rms_um": 140.49034648882252,
   "cx_um": -0.500553769563173,
   "cy_um": -0.1462735359004206
  },
  {
   "abs": 0.8194986148843849,
   "arg": 2.5242969926925785,
   "tau_rel": 3583.4791573328057,
   "pr_samples": 243.67687066509976,
   "rms_um": 132.40862572996798,
   "cx_um": 0.061427794091393775,
   "cy_um": -0.13460106272221353
  },
  {
   "abs": 0.8194043053758707,
   "arg": 2.505612825798128,
   "tau_rel": 2537.1245018841387,
   "pr_samples": 234.5380469509241,
   "rms_um": 132.47358368066506,
   "cx_um": 0.010892401485316885,
   "cy_um": -0.1159176904293928
  },
  {
   "abs": 0.819318251554166,
   "arg": -2.1221148389379123,
   "tau_rel": 2003.3155348100436,
   "pr_samples": 280.0139343721428,
   "rms_um": 154.5905386780104,
   "cx_um": -0.23739878221342908,
   "cy_um": -0.015719578857538052
  },
  {
   "abs": 0.8193166848193855,
   "arg": -0.13075284223777417,
   "tau_rel": 1995.6704649363423,
   "pr_samples": 210.55906702699818,
   "rms_um": 124.91095841328789,
   "cx_um": 0.31951403666463346,
   "cy_um": 0.040451335987565076
  },
  {
   "abs": 0.81929625630587,
   "arg": -1.1147631104892128,
   "tau_rel": 1901.0733097464517,
   "pr_samples": 285.1484099689063,
   "rms_um": 140.61036219167232,
   "cx_um": -0.1591106659729096,
   "cy_um": -0.3419641102627639
  }
 ]
}
{
 "name": "A_img_rand",
 "n": 64,
 "dx": 2e-05,
 "t_rt": 6.673175776646975e-10,
 "eig_seconds": 81.46847677230835,
 "lambda1": "(-0.7556318508139424-0.3189265151989645j)",
 "abs1": 0.8201790146434248,
 "modes_tau_rel_gt": {
  "10": 308,
  "100": 143,
  "1000": 4,
  "10000": 2,
  "100000": 1
 },
 "modes_tau_abs_gt": {
  "1": 1160,
  "10": 0,
  "100": 0,
  "1000": 0
 },
 "leading200_max_overlap": 0.9547929155273392,
 "leading200_mean_overlap": 0.04539012918825441,
 "top10": [
  {
   "abs": 0.8201790146434248,
   "arg": -2.742209750174362,
   "tau_rel": Infinity,
   "pr_samples": 26.447641867321664,
   "rms_um": 61.6977770126505,
   "cx_um": 41.05697542281632,
   "cy_um": 56.97040161914024
  },
  {
   "abs": 0.8201469518015936,
   "arg": -2.7699726884591396,
   "tau_rel": 25579.85930992373,
   "pr_samples": 25.78030524623535,
   "rms_um": 73.77697765608674,
   "cx_um": 119.52596584689516,
   "cy_um": -196.42391317559284
  },
  {
   "abs": 0.8195809827033435,
   "arg": -2.913599911755849,
   "tau_rel": 1370.96350106457,
   "pr_samples": 45.503237523649794,
   "rms_um": 102.39858903681257,
   "cx_um": -266.57996922878607,
   "cy_um": -200.99272356037184
  },
  {
   "abs": 0.8195187468593148,
   "arg": -2.683681959330944,
   "tau_rel": 1241.6914109236893,
   "pr_samples": 9.24020204872963,
   "rms_um": 45.11868685685127,
   "cx_um": -75.21266233449029,
   "cy_um": -7.447862141880933
  },
  {
   "abs": 0.8192276846426595,
   "arg": -2.877439864596579,
   "tau_rel": 861.6392387245595,
   "pr_samples": 47.93695016218731,
   "rms_um": 112.55407381787109,
   "cx_um": 143.340912871015,
   "cy_um": 24.917841181126736
  },
  {
   "abs": 0.8189128707640129,
   "arg": -2.866202067377047,
   "tau_rel": 647.2769746162935,
   "pr_samples": 57.414033146603856,
   "rms_um": 109.4695517732929,
   "cx_um": 229.0428230085126,
   "cy_um": 203.43255646435696
  },
  {
   "abs": 0.8187304894042522,
   "arg": -2.837602427796057,
   "tau_rel": 565.7164379929724,
   "pr_samples": 37.73648974347059,
   "rms_um": 110.0892267793613,
   "cx_um": -80.30209329392768,
   "cy_um": 171.7816769115377
  },
  {
   "abs": 0.8183124833636359,
   "arg": -2.976541525749035,
   "tau_rel": 438.9132952067356,
   "pr_samples": 32.809806599003366,
   "rms_um": 131.38301471992688,
   "cx_um": 117.8379879046357,
   "cy_um": 214.4643091261814
  },
  {
   "abs": 0.8182313546124743,
   "arg": -2.744383072774814,
   "tau_rel": 420.60975002292724,
   "pr_samples": 20.88859649624207,
   "rms_um": 83.47233319541937,
   "cx_um": -78.44056487062615,
   "cy_um": -210.9005775702679
  },
  {
   "abs": 0.8182084821484084,
   "arg": -2.9116480655720984,
   "tau_rel": 415.7218190846899,
   "pr_samples": 69.23842584251014,
   "rms_um": 130.3885054061507,
   "cx_um": 261.7290672869743,
   "cy_um": 85.91515363428923
  }
 ]
}
{
 "name": "B_4f",
 "n": 64,
 "dx": 3.175e-05,
 "t_rt": 2.6692703106587904e-09,
 "eig_seconds": 89.90312767028809,
 "lambda1": "(0.7922042923786978+0.001745850162755697j)",
 "abs1": 0.7922062161180157,
 "modes_tau_rel_gt": {
  "10": 851,
  "100": 344,
  "1000": 310,
  "10000": 212,
  "100000": 155
 },
 "modes_tau_abs_gt": {
  "1": 1507,
  "10": 0,
  "100": 0,
  "1000": 0
 },
 "leading200_max_overlap": 0.7199947717346298,
 "leading200_mean_overlap": 0.002100434472720758,
 "top10": [
  {
   "abs": 0.7922062161180157,
   "arg": 0.002203784242542024,
   "tau_rel": Infinity,
   "pr_samples": 85.98802613536373,
   "rms_um": 101.71078998479517,
   "cx_um": -7.492514638232639e-11,
   "cy_um": -5.1431840557281117e-11
  },
  {
   "abs": 0.7922062161180142,
   "arg": 0.002203784242541754,
   "tau_rel": 562949953421311.5,
   "pr_samples": 85.98593812377014,
   "rms_um": 101.71078998479828,
   "cx_um": -3.291908846209113e-11,
   "cy_um": 4.1457180570414476e-11
  },
  {
   "abs": 0.7922062161180117,
   "arg": 0.003302573992529719,
   "tau_rel": 200159983438688.22,
   "pr_samples": 114.68589468970042,
   "rms_um": 124.5697969177026,
   "cx_um": -1.826665386883658e-11,
   "cy_um": 3.3589938556316534e-11
  },
  {
   "abs": 0.7922062161180115,
   "arg": 0.0033025740306427127,
   "tau_rel": 187649984473770.16,
   "pr_samples": 114.68589790435198,
   "rms_um": 124.56979692228772,
   "cx_um": -5.0485786646078706e-11,
   "cy_um": 5.7123901962830015e-12
  },
  {
   "abs": 0.7922062161180108,
   "arg": 0.00110292621509116,
   "tau_rel": 160842843834660.06,
   "pr_samples": 64.44971227354277,
   "rms_um": 71.92037303745298,
   "cx_um": -3.005846625498675e-11,
   "cy_um": 3.092009070657098e-11
  },
  {
   "abs": 0.7922062161180059,
   "arg": 0.0033005038030405427,
   "tau_rel": 81145939231900.33,
   "pr_samples": 128.7762856766716,
   "rms_um": 124.56985299189427,
   "cx_um": -1.3963812835771188e-10,
   "cy_um": -2.1772134876224536e-11
  },
  {
   "abs": 0.7922062161179978,
   "arg": 0.004399295489671499,
   "tau_rel": 44370439678526.555,
   "pr_samples": 168.76405883960686,
   "rms_um": 143.8408448779455,
   "cx_um": 8.792540805678539e-11,
   "cy_um": -4.334098184510804e-11
  },
  {
   "abs": 0.7922062161179942,
   "arg": 0.004399295489670543,
   "tau_rel": 36914751044019.96,
   "pr_samples": 168.8247743510399,
   "rms_um": 143.8408448779497,
   "cx_um": -8.076459152069754e-12,
   "cy_um": -3.9329433806911673e-11
  },
  {
   "abs": 0.7922062161179575,
   "arg": 0.004395153040600988,
   "tau_rel": 13626625196279.367,
   "pr_samples": 166.2464036911713,
   "rms_um": 143.84097510890803,
   "cx_um": 1.4102082132247395e-10,
   "cy_um": 1.4796649148995922e-10
  },
  {
   "abs": 0.7922062161179527,
   "arg": 0.004395153040603428,
   "tau_rel": 12579887227291.389,
   "pr_samples": 162.80665114680383,
   "rms_um": 143.84097510889444,
   "cx_um": 9.024627833226218e-11,
   "cy_um": -1.8808874813550092e-10
  }
 ]
}
{
 "name": "B_flat",
 "n": 64,
 "dx": 3.175e-05,
 "t_rt": 2.6692703106587904e-09,
 "eig_seconds": 105.34190106391907,
 "lambda1": "(0.3169671431096077-0.7198082945272644j)",
 "abs1": 0.78650629411424,
 "modes_tau_rel_gt": {
  "10": 294,
  "100": 29,
  "1000": 1,
  "10000": 1,
  "100000": 1
 },
 "modes_tau_abs_gt": {
  "1": 3030,
  "10": 0,
  "100": 0,
  "1000": 0
 },
 "leading200_max_overlap": 0.39431097120469955,
 "leading200_mean_overlap": 0.0012005020904194037,
 "top10": [
  {
   "abs": 0.78650629411424,
   "arg": -1.1559967707627583,
   "tau_rel": Infinity,
   "pr_samples": 846.105637763783,
   "rms_um": 538.544147188523,
   "cx_um": 9.775594629757539e-15,
   "cy_um": 3.7947076036992655e-13
  },
  {
   "abs": 0.7856290506023287,
   "arg": 2.724448466421159,
   "tau_rel": 896.0654369078036,
   "pr_samples": 1267.9901720152077,
   "rms_um": 448.06943775385565,
   "cx_um": 1.7895071309583113e-12,
   "cy_um": 3.2255014631443757e-12
  },
  {
   "abs": 0.7856290504376233,
   "arg": 2.7244484658793495,
   "tau_rel": 896.0652685746702,
   "pr_samples": 1267.9886812110806,
   "rms_um": 448.0694701473531,
   "cx_um": -1.5358907634149856e-12,
   "cy_um": 3.7947076036992655e-13
  },
  {
   "abs": 0.7849045661954,
   "arg": 0.3042414107737474,
   "tau_rel": 490.53596981614936,
   "pr_samples": 1394.6979201059175,
   "rms_um": 333.81660544733717,
   "cx_um": 5.391542249374939e-12,
   "cy_um": -3.686287386450715e-12
  },
  {
   "abs": 0.7838880597349432,
   "arg": -1.153428057546813,
   "tau_rel": 299.89540111173346,
   "pr_samples": 883.3708853170637,
   "rms_um": 538.3492670584061,
   "cx_um": -5.904249776281001e-13,
   "cy_um": -1.0842021724855044e-13
  },
  {
   "abs": 0.7838880597349384,
   "arg": -1.153428057546807,
   "tau_rel": 299.8954011111724,
   "pr_samples": 876.2585133074296,
   "rms_um": 538.3492670584061,
   "cx_um": 1.1612292311264424e-13,
   "cy_um": -1.6263032587282567e-13
  },
  {
   "abs": 0.7833497073226492,
   "arg": -0.9664513503258094,
   "tau_rel": 248.66319055683667,
   "pr_samples": 881.5709526208204,
   "rms_um": 540.712847675347,
   "cx_um": 5.386968244317902e-13,
   "cy_um": 6.505213034913027e-13
  },
  {
   "abs": 0.7833497071483518,
   "arg": -0.9664513504709478,
   "tau_rel": 248.66317679874797,
   "pr_samples": 881.5723158236453,
   "rms_um": 540.7066363720077,
   "cx_um": -1.8261645703817878e-13,
   "cy_um": 1.1926223897340549e-12
  },
  {
   "abs": 0.7829974664906302,
   "arg": 2.7269875151510794,
   "tau_rel": 223.65036333344145,
   "pr_samples": 1362.8214216560045,
   "rms_um": 447.84144268043974,
   "cx_um": 8.305621889356904e-12,
   "cy_um": -4.87890977618477e-13
  },
  {
   "abs": 0.7829974664906276,
   "arg": 2.726987515151083,
   "tau_rel": 223.65036333327413,
   "pr_samples": 1396.5892902761238,
   "rms_um": 447.84144268043974,
   "cx_um": 4.617541382133327e-13,
   "cy_um": -1.0299920638612292e-12
  }
 ]
}
{
 "name": "C_mla",
 "n": 64,
 "dx": 3.175e-05,
 "t_rt": 2.726693434470102e-10,
 "eig_seconds": 79.73127675056458,
 "lambda1": "(-0.7711913755792562+0.049999860122446796j)",
 "abs1": 0.7728105355001895,
 "modes_tau_rel_gt": {
  "10": 66,
  "100": 29,
  "1000": 5,
  "10000": 1,
  "100000": 1
 },
 "modes_tau_abs_gt": {
  "1": 876,
  "10": 0,
  "100": 0,
  "1000": 0
 },
 "leading200_max_overlap": 0.964934155619805,
 "leading200_mean_overlap": 0.0279081602386991,
 "top10": [
  {
   "abs": 0.7728105355001895,
   "arg": 3.076848701079278,
   "tau_rel": Infinity,
   "pr_samples": 81.20605413290211,
   "rms_um": 269.38675974961694,
   "cx_um": -346.22349145748984,
   "cy_um": -318.5531760581118
  },
  {
   "abs": 0.7726436497402228,
   "arg": 3.1362401984205706,
   "tau_rel": 4630.275763317026,
   "pr_samples": 139.23798468831177,
   "rms_um": 402.8240124743894,
   "cx_um": -380.4900155177553,
   "cy_um": -7.004314591513988
  },
  {
   "abs": 0.7725897250537744,
   "arg": 3.1021219760808494,
   "tau_rel": 3499.382106072386,
   "pr_samples": 210.94813178262447,
   "rms_um": 403.50502327797955,
   "cx_um": -188.44369360834617,
   "cy_um": -255.8032488099133
  },
  {
   "abs": 0.7723304836783477,
   "arg": 3.1094656257288276,
   "tau_rel": 1609.3480944778225,
   "pr_samples": 169.08226418313362,
   "rms_um": 412.7132261734683,
   "cx_um": 291.5569600850517,
   "cy_um": 77.59393465402984
  },
  {
   "abs": 0.7720398662805097,
   "arg": 3.1073637055172365,
   "tau_rel": 1002.2784316400267,
   "pr_samples": 137.16826462318127,
   "rms_um": 394.2320413594737,
   "cx_um": -438.19600353168033,
   "cy_um": -48.37601305308518
  },
  {
   "abs": 0.7713190147987921,
   "arg": -3.138419720459656,
   "tau_rel": 517.6358157876701,
   "pr_samples": 162.8877249676093,
   "rms_um": 480.4935258817127,
   "cx_um": -249.11406398884097,
   "cy_um": -206.83310169723447
  },
  {
   "abs": 0.771307393209252,
   "arg": 3.056029304572026,
   "tau_rel": 513.629830744414,
   "pr_samples": 46.84382557355983,
   "rms_um": 231.46944840797636,
   "cx_um": 477.2917531913821,
   "cy_um": 149.909109901976
  },
  {
   "abs": 0.7711748712767615,
   "arg": -3.119940386855167,
   "tau_rel": 471.97487328583776,
   "pr_samples": 134.97199479599925,
   "rms_um": 368.0989010190557,
   "cx_um": 32.924516397564155,
   "cy_um": 66.88554667101765
  },
  {
   "abs": 0.7709264239311896,
   "arg": 3.126536213008573,
   "tau_rel": 409.67218139289133,
   "pr_samples": 244.8132168261464,
   "rms_um": 434.67913975105427,
   "cx_um": 200.21947518090988,
   "cy_um": 150.1375193770974
  },
  {
   "abs": 0.770821636424757,
   "arg": 3.1100885047002627,
   "tau_rel": 388.0617515464495,
   "pr_samples": 119.84495098799839,
   "rms_um": 454.4959428129106,
   "cx_um": 370.816635475958,
   "cy_um": -175.48869196986792
  }
 ]
}
